C:/Users/laoam/OneDrive/Documents/stm32/workspace/freertostrustzone-master/freertostrustzone-master/Secure/Src/main.c:72:5:main	1
C:/Users/laoam/OneDrive/Documents/stm32/workspace/freertostrustzone-master/freertostrustzone-master/Secure/Src/main.c:158:13:NonSecure_Init	1
C:/Users/laoam/OneDrive/Documents/stm32/workspace/freertostrustzone-master/freertostrustzone-master/Secure/Src/main.c:179:13:MX_GTZC_S_Init	3
C:/Users/laoam/OneDrive/Documents/stm32/workspace/freertostrustzone-master/freertostrustzone-master/Secure/Src/main.c:246:13:MX_ICACHE_Init	3
C:/Users/laoam/OneDrive/Documents/stm32/workspace/freertostrustzone-master/freertostrustzone-master/Secure/Src/main.c:278:13:MX_GPIO_Init	1
C:/Users/laoam/OneDrive/Documents/stm32/workspace/freertostrustzone-master/freertostrustzone-master/Secure/Src/main.c:304:6:Error_Handler	1
