C:/Users/laoam/OneDrive/Documents/stm32/workspace/freertostrustzone-master/freertostrustzone-master/Secure/Src/secure_nsc.c:58:20:SECURE_RegisterPrintCallback	16	static
C:/Users/laoam/OneDrive/Documents/stm32/workspace/freertostrustzone-master/freertostrustzone-master/Secure/Src/secure_nsc.c:63:20:SECURE_Print	16	static
C:/Users/laoam/OneDrive/Documents/stm32/workspace/freertostrustzone-master/freertostrustzone-master/Secure/Src/secure_nsc.c:77:20:SECURE_RegisterCallback	16	static
C:/Users/laoam/OneDrive/Documents/stm32/workspace/freertostrustzone-master/freertostrustzone-master/Secure/Src/secure_nsc.c:100:53:SECURE_LEDToggle	8	static
C:/Users/laoam/OneDrive/Documents/stm32/workspace/freertostrustzone-master/freertostrustzone-master/Secure/Src/secure_nsc.c:119:6:SECURE_CopyMessage	24	static
C:/Users/laoam/OneDrive/Documents/stm32/workspace/freertostrustzone-master/freertostrustzone-master/Secure/Src/secure_nsc.c:134:6:SECURE_ComputeHMAC	64	static,ignoring_inline_asm
C:/Users/laoam/OneDrive/Documents/stm32/workspace/freertostrustzone-master/freertostrustzone-master/Secure/Src/secure_nsc.c:196:6:SECURE_ShuffledHMAC	48	static
C:/Users/laoam/OneDrive/Documents/stm32/workspace/freertostrustzone-master/freertostrustzone-master/Secure/Src/secure_nsc.c:328:13:derive_aes_key_iv_from_challenge	32	static
C:/Users/laoam/OneDrive/Documents/stm32/workspace/freertostrustzone-master/freertostrustzone-master/Secure/Src/secure_nsc.c:354:13:prng_init	24	static
C:/Users/laoam/OneDrive/Documents/stm32/workspace/freertostrustzone-master/freertostrustzone-master/Secure/Src/secure_nsc.c:361:13:prng_refill_block	40	static
C:/Users/laoam/OneDrive/Documents/stm32/workspace/freertostrustzone-master/freertostrustzone-master/Secure/Src/secure_nsc.c:370:17:prng_next_u32	24	static
C:/Users/laoam/OneDrive/Documents/stm32/workspace/freertostrustzone-master/freertostrustzone-master/Secure/Src/secure_nsc.c:382:12:prng_uniform_u32	24	static
C:/Users/laoam/OneDrive/Documents/stm32/workspace/freertostrustzone-master/freertostrustzone-master/Secure/Src/secure_nsc.c:393:13:shuffle_secure_aes_ctr	248	static
C:/Users/laoam/OneDrive/Documents/stm32/workspace/freertostrustzone-master/freertostrustzone-master/Secure/Src/secure_nsc.c:408:6:SECURE_ShuffledHMAC_secure	80	static,ignoring_inline_asm
C:/Users/laoam/OneDrive/Documents/stm32/workspace/freertostrustzone-master/freertostrustzone-master/Secure/Src/secure_nsc.c:442:6:SECURE_SMARM	1048624	static
C:/Users/laoam/OneDrive/Documents/stm32/workspace/freertostrustzone-master/freertostrustzone-master/Secure/Src/secure_nsc.c:496:6:SECURE_LinearHMAC	40	static,ignoring_inline_asm
C:/Users/laoam/OneDrive/Documents/stm32/workspace/freertostrustzone-master/freertostrustzone-master/Secure/Src/secure_nsc.c:528:6:SECURE_TEST	2104	static
C:/Users/laoam/OneDrive/Documents/stm32/workspace/freertostrustzone-master/freertostrustzone-master/Secure/Src/secure_nsc.c:563:13:LocalTest_HMAC	112	static
C:/Users/laoam/OneDrive/Documents/stm32/workspace/freertostrustzone-master/freertostrustzone-master/Secure/Src/secure_nsc.c:618:6:SECURE_FillTest	16	static
