Archive member included to satisfy reference by file (symbol)

C:/ST/STM32CubeIDE_1.10.1/STM32CubeIDE/plugins/com.st.stm32cube.ide.mcu.externaltools.gnu-tools-for-stm32.12.3.rel1.win32_1.0.100.202403111256/tools/bin/../lib/gcc/arm-none-eabi/12.3.1/../../../../arm-none-eabi/lib/thumb/v8-m.main+fp/hard\libc_nano.a(libc_a-exit.o)
                              C:/ST/STM32CubeIDE_1.10.1/STM32CubeIDE/plugins/com.st.stm32cube.ide.mcu.externaltools.gnu-tools-for-stm32.12.3.rel1.win32_1.0.100.202403111256/tools/bin/../lib/gcc/arm-none-eabi/12.3.1/../../../../arm-none-eabi/lib/thumb/v8-m.main+fp/hard/crt0.o (exit)
C:/ST/STM32CubeIDE_1.10.1/STM32CubeIDE/plugins/com.st.stm32cube.ide.mcu.externaltools.gnu-tools-for-stm32.12.3.rel1.win32_1.0.100.202403111256/tools/bin/../lib/gcc/arm-none-eabi/12.3.1/../../../../arm-none-eabi/lib/thumb/v8-m.main+fp/hard\libc_nano.a(libc_a-malloc.o)
                              ./Application/User/aes-gcm/aes-eax.o (malloc)
C:/ST/STM32CubeIDE_1.10.1/STM32CubeIDE/plugins/com.st.stm32cube.ide.mcu.externaltools.gnu-tools-for-stm32.12.3.rel1.win32_1.0.100.202403111256/tools/bin/../lib/gcc/arm-none-eabi/12.3.1/../../../../arm-none-eabi/lib/thumb/v8-m.main+fp/hard\libc_nano.a(libc_a-mallocr.o)
                              C:/ST/STM32CubeIDE_1.10.1/STM32CubeIDE/plugins/com.st.stm32cube.ide.mcu.externaltools.gnu-tools-for-stm32.12.3.rel1.win32_1.0.100.202403111256/tools/bin/../lib/gcc/arm-none-eabi/12.3.1/../../../../arm-none-eabi/lib/thumb/v8-m.main+fp/hard\libc_nano.a(libc_a-malloc.o) (_malloc_r)
C:/ST/STM32CubeIDE_1.10.1/STM32CubeIDE/plugins/com.st.stm32cube.ide.mcu.externaltools.gnu-tools-for-stm32.12.3.rel1.win32_1.0.100.202403111256/tools/bin/../lib/gcc/arm-none-eabi/12.3.1/../../../../arm-none-eabi/lib/thumb/v8-m.main+fp/hard\libc_nano.a(libc_a-mlock.o)
                              C:/ST/STM32CubeIDE_1.10.1/STM32CubeIDE/plugins/com.st.stm32cube.ide.mcu.externaltools.gnu-tools-for-stm32.12.3.rel1.win32_1.0.100.202403111256/tools/bin/../lib/gcc/arm-none-eabi/12.3.1/../../../../arm-none-eabi/lib/thumb/v8-m.main+fp/hard\libc_nano.a(libc_a-mallocr.o) (__malloc_lock)
C:/ST/STM32CubeIDE_1.10.1/STM32CubeIDE/plugins/com.st.stm32cube.ide.mcu.externaltools.gnu-tools-for-stm32.12.3.rel1.win32_1.0.100.202403111256/tools/bin/../lib/gcc/arm-none-eabi/12.3.1/../../../../arm-none-eabi/lib/thumb/v8-m.main+fp/hard\libc_nano.a(libc_a-rand.o)
                              ./Application/User/secure_nsc.o (srand)
C:/ST/STM32CubeIDE_1.10.1/STM32CubeIDE/plugins/com.st.stm32cube.ide.mcu.externaltools.gnu-tools-for-stm32.12.3.rel1.win32_1.0.100.202403111256/tools/bin/../lib/gcc/arm-none-eabi/12.3.1/../../../../arm-none-eabi/lib/thumb/v8-m.main+fp/hard\libc_nano.a(libc_a-ctype_.o)
                              ./Application/User/aes-gcm/aes-debug.o (_ctype_)
C:/ST/STM32CubeIDE_1.10.1/STM32CubeIDE/plugins/com.st.stm32cube.ide.mcu.externaltools.gnu-tools-for-stm32.12.3.rel1.win32_1.0.100.202403111256/tools/bin/../lib/gcc/arm-none-eabi/12.3.1/../../../../arm-none-eabi/lib/thumb/v8-m.main+fp/hard\libc_nano.a(libc_a-findfp.o)
                              C:/ST/STM32CubeIDE_1.10.1/STM32CubeIDE/plugins/com.st.stm32cube.ide.mcu.externaltools.gnu-tools-for-stm32.12.3.rel1.win32_1.0.100.202403111256/tools/bin/../lib/gcc/arm-none-eabi/12.3.1/../../../../arm-none-eabi/lib/thumb/v8-m.main+fp/hard\libc_nano.a(libc_a-exit.o) (__stdio_exit_handler)
C:/ST/STM32CubeIDE_1.10.1/STM32CubeIDE/plugins/com.st.stm32cube.ide.mcu.externaltools.gnu-tools-for-stm32.12.3.rel1.win32_1.0.100.202403111256/tools/bin/../lib/gcc/arm-none-eabi/12.3.1/../../../../arm-none-eabi/lib/thumb/v8-m.main+fp/hard\libc_nano.a(libc_a-fwalk.o)
                              C:/ST/STM32CubeIDE_1.10.1/STM32CubeIDE/plugins/com.st.stm32cube.ide.mcu.externaltools.gnu-tools-for-stm32.12.3.rel1.win32_1.0.100.202403111256/tools/bin/../lib/gcc/arm-none-eabi/12.3.1/../../../../arm-none-eabi/lib/thumb/v8-m.main+fp/hard\libc_nano.a(libc_a-findfp.o) (_fwalk_sglue)
C:/ST/STM32CubeIDE_1.10.1/STM32CubeIDE/plugins/com.st.stm32cube.ide.mcu.externaltools.gnu-tools-for-stm32.12.3.rel1.win32_1.0.100.202403111256/tools/bin/../lib/gcc/arm-none-eabi/12.3.1/../../../../arm-none-eabi/lib/thumb/v8-m.main+fp/hard\libc_nano.a(libc_a-printf.o)
                              ./Application/User/aes-gcm/aes-debug.o (printf)
C:/ST/STM32CubeIDE_1.10.1/STM32CubeIDE/plugins/com.st.stm32cube.ide.mcu.externaltools.gnu-tools-for-stm32.12.3.rel1.win32_1.0.100.202403111256/tools/bin/../lib/gcc/arm-none-eabi/12.3.1/../../../../arm-none-eabi/lib/thumb/v8-m.main+fp/hard\libc_nano.a(libc_a-putchar.o)
                              ./Application/User/aes-gcm/aes-debug.o (putchar)
C:/ST/STM32CubeIDE_1.10.1/STM32CubeIDE/plugins/com.st.stm32cube.ide.mcu.externaltools.gnu-tools-for-stm32.12.3.rel1.win32_1.0.100.202403111256/tools/bin/../lib/gcc/arm-none-eabi/12.3.1/../../../../arm-none-eabi/lib/thumb/v8-m.main+fp/hard\libc_nano.a(libc_a-snprintf.o)
[...]
Memory Configuration

Name             Origin             Length             Attributes
RAM              0x30000000         0x00018000         xrw
ROM              0x0c000000         0x0003e000         xr
ROM_NSC          0x0c03e000         0x00002000         xr
*default*        0x00000000         0xffffffff

Linker script and memory map

LOAD C:/ST/STM32CubeIDE_1.10.1/STM32CubeIDE/plugins/com.st.stm32cube.ide.mcu.externaltools.gnu-tools-for-stm32.12.3.rel1.win32_1.0.100.202403111256/tools/bin/../lib/gcc/arm-none-eabi/12.3.1/thumb/v8-m.main+fp/hard/crti.o
LOAD C:/ST/STM32CubeIDE_1.10.1/STM32CubeIDE/plugins/com.st.stm32cube.ide.mcu.externaltools.gnu-tools-for-stm32.12.3.rel1.win32_1.0.100.202403111256/tools/bin/../lib/gcc/arm-none-eabi/12.3.1/thumb/v8-m.main+fp/hard/crtbegin.o
LOAD C:/ST/STM32CubeIDE_1.10.1/STM32CubeIDE/plugins/com.st.stm32cube.ide.mcu.externaltools.gnu-tools-for-stm32.12.3.rel1.win32_1.0.100.202403111256/tools/bin/../lib/gcc/arm-none-eabi/12.3.1/../../../../arm-none-eabi/lib/thumb/v8-m.main+fp/hard/crt0.o
LOAD ./Application/Startup/startup_stm32l552zetxq.o
LOAD ./Application/User/Aesnew/aes.o
LOAD ./Application/User/Crypto/hmac-sha256/hmac-sha256.o
LOAD ./Application/User/aes-gcm/aes-cbc.o
LOAD ./Application/User/aes-gcm/aes-ccm.o
LOAD ./Application/User/aes-gcm/aes-ctr.o
LOAD ./Application/User/aes-gcm/aes-debug.o
LOAD ./Application/User/aes-gcm/aes-eax.o
LOAD ./Application/User/aes-gcm/aes-encblock.o
LOAD ./Application/User/aes-gcm/aes-gcm-test.o
LOAD ./Application/User/aes-gcm/aes-gcm.o
LOAD ./Application/User/aes-gcm/aes-internal-dec.o
LOAD ./Application/User/aes-gcm/aes-internal-enc.o
LOAD ./Application/User/aes-gcm/aes-internal.o
LOAD ./Application/User/aes-gcm/aes-omac1.o
LOAD ./Application/User/aes-gcm/aes-unwrap.o
LOAD ./Application/User/aes-gcm/aes-wrap.o
LOAD ./Application/User/main.o
LOAD ./Application/User/secure_nsc.o
LOAD ./Application/User/stm32l5xx_hal_msp.o
LOAD ./Application/User/stm32l5xx_it.o
LOAD ./Application/User/syscalls.o
LOAD ./Application/User/sysmem.o
LOAD ./Drivers/BSP/STM32L5xx_Nucleo/stm32l5xx_nucleo.o
LOAD ./Drivers/CMSIS/system_stm32l5xx_s.o
LOAD ./Drivers/STM32L5xx_HAL_Driver/stm32l5xx_hal.o
LOAD ./Drivers/STM32L5xx_HAL_Driver/stm32l5xx_hal_cortex.o
LOAD ./Drivers/STM32L5xx_HAL_Driver/stm32l5xx_hal_dma.o
LOAD ./Drivers/STM32L5xx_HAL_Driver/stm32l5xx_hal_dma_ex.o
LOAD ./Drivers/STM32L5xx_HAL_Driver/stm32l5xx_hal_exti.o
LOAD ./Drivers/STM32L5xx_HAL_Driver/stm32l5xx_hal_flash.o
LOAD ./Drivers/STM32L5xx_HAL_Driver/stm32l5xx_hal_flash_ex.o
LOAD ./Drivers/STM32L5xx_HAL_Driver/stm32l5xx_hal_flash_ramfunc.o
LOAD ./Drivers/STM32L5xx_HAL_Driver/stm32l5xx_hal_gpio.o
LOAD ./Drivers/STM32L5xx_HAL_Driver/stm32l5xx_hal_gtzc.o
LOAD ./Drivers/STM32L5xx_HAL_Driver/stm32l5xx_hal_i2c.o
LOAD ./Drivers/STM32L5xx_HAL_Driver/stm32l5xx_hal_i2c_ex.o
LOAD ./Drivers/STM32L5xx_HAL_Driver/stm32l5xx_hal_icache.o
LOAD ./Drivers/STM32L5xx_HAL_Driver/stm32l5xx_hal_pwr.o
LOAD ./Drivers/STM32L5xx_HAL_Driver/stm32l5xx_hal_pwr_ex.o
LOAD ./Drivers/STM32L5xx_HAL_Driver/stm32l5xx_hal_rcc.o
LOAD ./Drivers/STM32L5xx_HAL_Driver/stm32l5xx_hal_rcc_ex.o
LOAD ./Drivers/STM32L5xx_HAL_Driver/stm32l5xx_hal_tim.o
LOAD ./Drivers/STM32L5xx_HAL_Driver/stm32l5xx_hal_tim_ex.o
LOAD ./Drivers/STM32L5xx_HAL_Driver/stm32l5xx_hal_uart.o
LOAD ./Drivers/STM32L5xx_HAL_Driver/stm32l5xx_hal_uart_ex.o
LOAD ./Middlewares/FreeRTOS/secure_context.o
LOAD ./Middlewares/FreeRTOS/secure_context_port.o
LOAD ./Middlewares/FreeRTOS/secure_heap.o
LOAD ./Middlewares/FreeRTOS/secure_init.o
START GROUP
LOAD C:/ST/STM32CubeIDE_1.10.1/STM32CubeIDE/plugins/com.st.stm32cube.ide.mcu.externaltools.gnu-tools-for-stm32.12.3.rel1.win32_1.0.100.202403111256/tools/bin/../lib/gcc/arm-none-eabi/12.3.1/../../../../arm-none-eabi/lib/thumb/v8-m.main+fp/hard\libc_nano.a
LOAD C:/ST/STM32CubeIDE_1.10.1/STM32CubeIDE/plugins/com.st.stm32cube.ide.mcu.externaltools.gnu-tools-for-stm32.12.3.rel1.win32_1.0.100.202403111256/tools/bin/../lib/gcc/arm-none-eabi/12.3.1/../../../../arm-none-eabi/lib/thumb/v8-m.main+fp/hard\libm.a
END GROUP
START GROUP
LOAD C:/ST/STM32CubeIDE_1.10.1/STM32CubeIDE/plugins/com.st.stm32cube.ide.mcu.externaltools.gnu-tools-for-stm32.12.3.rel1.win32_1.0.100.202403111256/tools/bin/../lib/gcc/arm-none-eabi/12.3.1/thumb/v8-m.main+fp/hard\libgcc.a
LOAD C:/ST/STM32CubeIDE_1.10.1/STM32CubeIDE/plugins/com.st.stm32cube.ide.mcu.externaltools.gnu-tools-for-stm32.12.3.rel1.win32_1.0.100.202403111256/tools/bin/../lib/gcc/arm-none-eabi/12.3.1/../../../../arm-none-eabi/lib/thumb/v8-m.main+fp/hard\libc_nano.a
END GROUP
START GROUP
LOAD C:/ST/STM32CubeIDE_1.10.1/STM32CubeIDE/plugins/com.st.stm32cube.ide.mcu.externaltools.gnu-tools-for-stm32.12.3.rel1.win32_1.0.100.202403111256/tools/bin/../lib/gcc/arm-none-eabi/12.3.1/thumb/v8-m.main+fp/hard\libgcc.a
LOAD C:/ST/STM32CubeIDE_1.10.1/STM32CubeIDE/plugins/com.st.stm32cube.ide.mcu.externaltools.gnu-tools-for-stm32.12.3.rel1.win32_1.0.100.202403111256/tools/bin/../lib/gcc/arm-none-eabi/12.3.1/../../../../arm-none-eabi/lib/thumb/v8-m.main+fp/hard\libc_nano.a
LOAD C:/ST/STM32CubeIDE_1.10.1/STM32CubeIDE/plugins/com.st.stm32cube.ide.mcu.externaltools.gnu-tools-for-stm32.12.3.rel1.win32_1.0.100.202403111256/tools/bin/../lib/gcc/arm-none-eabi/12.3.1/../../../../arm-none-eabi/lib/thumb/v8-m.main+fp/hard\libnosys.a
END GROUP
START GROUP
LOAD C:/ST/STM32CubeIDE_1.10.1/STM32CubeIDE/plugins/com.st.stm32cube.ide.mcu.externaltools.gnu-tools-for-stm32.12.3.rel1.win32_1.0.100.202403111256/tools/bin/../lib/gcc/arm-none-eabi/12.3.1/thumb/v8-m.main+fp/hard\libgcc.a
LOAD C:/ST/STM32CubeIDE_1.10.1/STM32CubeIDE/plugins/com.st.stm32cube.ide.mcu.externaltools.gnu-tools-for-stm32.12.3.rel1.win32_1.0.100.202403111256/tools/bin/../lib/gcc/arm-none-eabi/12.3.1/../../../../arm-none-eabi/lib/thumb/v8-m.main+fp/hard\libc_nano.a
LOAD C:/ST/STM32CubeIDE_1.10.1/STM32CubeIDE/plugins/com.st.stm32cube.ide.mcu.externaltools.gnu-tools-for-stm32.12.3.rel1.win32_1.0.100.202403111256/tools/bin/../lib/gcc/arm-none-eabi/12.3.1/../../../../arm-none-eabi/lib/thumb/v8-m.main+fp/hard\libnosys.a
END GROUP
LOAD C:/ST/STM32CubeIDE_1.10.1/STM32CubeIDE/plugins/com.st.stm32cube.ide.mcu.externaltools.gnu-tools-for-stm32.12.3.rel1.win32_1.0.100.202403111256/tools/bin/../lib/gcc/arm-none-eabi/12.3.1/thumb/v8-m.main+fp/hard/crtend.o
LOAD C:/ST/STM32CubeIDE_1.10.1/STM32CubeIDE/plugins/com.st.stm32cube.ide.mcu.externaltools.gnu-tools-for-stm32.12.3.rel1.win32_1.0.100.202403111256/tools/bin/../lib/gcc/arm-none-eabi/12.3.1/thumb/v8-m.main+fp/hard/crtn.o
                0x30018000                        _estack = (ORIGIN (RAM) + LENGTH (RAM))
                0x00000200                        _Min_Heap_Size = 0x200
                0x00000400                        _Min_Stack_Size = 0x400

.isr_vector     0x0c000000      0x1f8
                0x0c000000                        . = ALIGN (0x8)
 *(.isr_vector)
 .isr_vector    0x0c000000      0x1f4 ./Application/Startup/startup_stm32l552zetxq.o
                0x0c000000                g_pfnVectors
                0x0c0001f8                        . = ALIGN (0x8)
 *fill*         0x0c0001f4        0x4 

.text           0x0c0001f8     0x4cc8
                0x0c0001f8                        . = ALIGN (0x8)
 *(.text)
 .text          0x0c0001f8       0x40 C:/ST/STM32CubeIDE_1.10.1/STM32CubeIDE/plugins/com.st.stm32cube.ide.mcu.externaltools.gnu-tools-for-stm32.12.3.rel1.win32_1.0.100.202403111256/tools/bin/../lib/gcc/arm-none-eabi/12.3.1/thumb/v8-m.main+fp/hard/crtbegin.o
 .text          0x0c000238       0x10 C:/ST/STM32CubeIDE_1.10.1/STM32CubeIDE/plugins/com.st.stm32cube.ide.mcu.externaltools.gnu-tools-for-stm32.12.3.rel1.win32_1.0.100.202403111256/tools/bin/../lib/gcc/arm-none-eabi/12.3.1/../../../../arm-none-eabi/lib/thumb/v8-m.main+fp/hard\libc_nano.a(libc_a-strlen.o)
                0x0c000238                strlen
 .text          0x0c000248       0x5c C:/ST/STM32CubeIDE_1.10.1/STM32CubeIDE/plugins/com.st.stm32cube.ide.mcu.externaltools.gnu-tools-for-stm32.12.3.rel1.win32_1.0.100.202403111256/tools/bin/../lib/gcc/arm-none-eabi/12.3.1/thumb/v8-m.main+fp/hard\libgcc.a(cmse_nonsecure_call.o)
                0x0c000248                __gnu_cmse_nonsecure_call
 *(.text*)
 .text.Reset_Handler
                0x0c0002a4       0x50 ./Application/Startup/startup_stm32l552zetxq.o
                0x0c0002a4                Reset_Handler
 .text.Default_Handler
                0x0c0002f4        0x2 ./Application/Startup/startup_stm32l552zetxq.o
                0x0c0002f4                EXTI2_IRQHandler
                0x0c0002f4                TIM8_TRG_COM_IRQHandler
                0x0c0002f4                TIM8_CC_IRQHandler
                0x0c0002f4                EXTI5_IRQHandler
                0x0c0002f4                FLASH_S_IRQHandler
                0x0c0002f4                EXTI13_IRQHandler
                0x0c0002f4                TIM1_CC_IRQHandler
                0x0c0002f4                TSC_IRQHandler
                0x0c0002f4                TAMP_IRQHandler
                0x0c0002f4                TIM6_IRQHandler
                0x0c0002f4                EXTI12_IRQHandler
                0x0c0002f4                DMA2_Channel8_IRQHandler
                0x0c0002f4                EXTI3_IRQHandler
                0x0c0002f4                EXTI8_IRQHandler
                0x0c0002f4                LPTIM2_IRQHandler
                0x0c0002f4                DFSDM1_FLT1_IRQHandler
                0x0c0002f4                USB_FS_IRQHandler
                0x0c0002f4                I2C3_ER_IRQHandler
                0x0c0002f4                DFSDM1_FLT2_IRQHandler
                0x0c0002f4                DMAMUX1_IRQHandler
                0x0c0002f4                LPTIM3_IRQHandler
                0x0c0002f4                EXTI0_IRQHandler
                0x0c0002f4                I2C2_EV_IRQHandler
                0x0c0002f4                FPU_IRQHandler
                0x0c0002f4                FDCAN1_IT1_IRQHandler
                0x0c0002f4                ADC1_2_IRQHandler
                0x0c0002f4                SPI1_IRQHandler
                0x0c0002f4                OCTOSPI1_IRQHandler
                0x0c0002f4                TIM8_UP_IRQHandler
                0x0c0002f4                RCC_S_IRQHandler
                0x0c0002f4                DMA2_Channel2_IRQHandler
                0x0c0002f4                DMA1_Channel4_IRQHandler
                0x0c0002f4                SAI2_IRQHandler
                0x0c0002f4                DFSDM1_FLT3_IRQHandler
                0x0c0002f4                EXTI15_IRQHandler
                0x0c0002f4                TIM17_IRQHandler
                0x0c0002f4                USART3_IRQHandler
                0x0c0002f4                RTC_IRQHandler
                0x0c0002f4                EXTI9_IRQHandler
                0x0c0002f4                DMA1_Channel7_IRQHandler
                0x0c0002f4                UART5_IRQHandler
                0x0c0002f4                TIM4_IRQHandler
                0x0c0002f4                DMA2_Channel1_IRQHandler
                0x0c0002f4                I2C1_EV_IRQHandler
                0x0c0002f4                DMA1_Channel6_IRQHandler
                0x0c0002f4                TIM16_IRQHandler
                0x0c0002f4                UART4_IRQHandler
                0x0c0002f4                DMA2_Channel4_IRQHandler
                0x0c0002f4                TIM3_IRQHandler
                0x0c0002f4                RCC_IRQHandler
                0x0c0002f4                TIM1_TRG_COM_IRQHandler
                0x0c0002f4                DMA1_Channel1_IRQHandler
                0x0c0002f4                Default_Handler
                0x0c0002f4                DMA2_Channel7_IRQHandler
                0x0c0002f4                DMA1_Channel8_IRQHandler
                0x0c0002f4                TIM7_IRQHandler
                0x0c0002f4                SDMMC1_IRQHandler
                0x0c0002f4                TIM5_IRQHandler
                0x0c0002f4                UCPD1_IRQHandler
                0x0c0002f4                TIM15_IRQHandler
                0x0c0002f4                I2C3_EV_IRQHandler
                0x0c0002f4                PVD_PVM_IRQHandler
                0x0c0002f4                SPI2_IRQHandler
                0x0c0002f4                EXTI14_IRQHandler
                0x0c0002f4                EXTI11_IRQHandler
                0x0c0002f4                DMA2_Channel5_IRQHandler
                0x0c0002f4                CRS_IRQHandler
                0x0c0002f4                DMA1_Channel5_IRQHandler
                0x0c0002f4                EXTI4_IRQHandler
                0x0c0002f4                RTC_S_IRQHandler
                0x0c0002f4                RNG_IRQHandler
                0x0c0002f4                DMAMUX1_S_IRQHandler
                0x0c0002f4                DMA1_Channel3_IRQHandler
                0x0c0002f4                COMP_IRQHandler
                0x0c0002f4                TIM1_UP_IRQHandler
                0x0c0002f4                WWDG_IRQHandler
                0x0c0002f4                I2C4_EV_IRQHandler
                0x0c0002f4                LPUART1_IRQHandler
                0x0c0002f4                DMA2_Channel6_IRQHandler
                0x0c0002f4                FDCAN1_IT0_IRQHandler
                0x0c0002f4                TIM2_IRQHandler
                0x0c0002f4                TAMP_S_IRQHandler
                0x0c0002f4                EXTI7_IRQHandler
                0x0c0002f4                TIM1_BRK_IRQHandler
                0x0c0002f4                DAC_IRQHandler
                0x0c0002f4                EXTI1_IRQHandler
                0x0c0002f4                USART2_IRQHandler
                0x0c0002f4                DFSDM1_FLT0_IRQHandler
                0x0c0002f4                I2C2_ER_IRQHandler
                0x0c0002f4                DMA1_Channel2_IRQHandler
                0x0c0002f4                TIM8_BRK_IRQHandler
                0x0c0002f4                FLASH_IRQHandler
                0x0c0002f4                USART1_IRQHandler
                0x0c0002f4                EXTI10_IRQHandler
                0x0c0002f4                SPI3_IRQHandler
                0x0c0002f4                I2C1_ER_IRQHandler
                0x0c0002f4                FMC_IRQHandler
                0x0c0002f4                EXTI6_IRQHandler
                0x0c0002f4                LPTIM1_IRQHandler
                0x0c0002f4                I2C4_ER_IRQHandler
                0x0c0002f4                ICACHE_IRQHandler
                0x0c0002f4                SAI1_IRQHandler
                0x0c0002f4                HASH_IRQHandler
                0x0c0002f4                DMA2_Channel3_IRQHandler
 *fill*         0x0c0002f6        0x2 
 .text.KeyExpansion
                0x0c0002f8      0x1a0 ./Application/User/Aesnew/aes.o
 .text.AES_init_ctx_iv
                0x0c000498       0x2c ./Application/User/Aesnew/aes.o
                0x0c000498                AES_init_ctx_iv
 .text.AddRoundKey
                0x0c0004c4       0x78 ./Application/User/Aesnew/aes.o
 .text.SubBytes
                0x0c00053c       0x64 ./Application/User/Aesnew/aes.o
 .text.ShiftRows
                0x0c0005a0       0x84 ./Application/User/Aesnew/aes.o
 .text.xtime    0x0c000624       0x3c ./Application/User/Aesnew/aes.o
 .text.MixColumns
                0x0c000660      0x16a ./Application/User/Aesnew/aes.o
 .text.Cipher   0x0c0007ca       0x5c ./Application/User/Aesnew/aes.o
 .text.AES_CTR_xcrypt_buffer
                0x0c000826       0xc6 ./Application/User/Aesnew/aes.o
                0x0c000826                AES_CTR_xcrypt_buffer
 .text.sha256_initialize
                0x0c0008ec       0xa4 ./Application/User/Crypto/hmac-sha256/hmac-sha256.o
                0x0c0008ec                sha256_initialize
 .text.sha256_update
                0x0c000990      0x690 ./Application/User/Crypto/hmac-sha256/hmac-sha256.o
                0x0c000990                sha256_update
 .text.sha256_finalize
                0x0c001020       0xe8 ./Application/User/Crypto/hmac-sha256/hmac-sha256.o
                0x0c001020                sha256_finalize
 .text.hmac_sha256_initialize
                0x0c001108       0xe0 ./Application/User/Crypto/hmac-sha256/hmac-sha256.o
                0x0c001108                hmac_sha256_initialize
 .text.hmac_sha256_update
                0x0c0011e8       0x22 ./Application/User/Crypto/hmac-sha256/hmac-sha256.o
                0x0c0011e8                hmac_sha256_update
 .text.hmac_sha256_finalize
                0x0c00120a       0xc8 ./Application/User/Crypto/hmac-sha256/hmac-sha256.o
                0x0c00120a                hmac_sha256_finalize
 *fill*         0x0c0012d2        0x2 
 .text.main     0x0c0012d4      0x17c ./Application/User/main.o
                0x0c0012d4                main
 .text.NonSecure_Init
                0x0c001450       0x88 ./Application/User/main.o
 .text.MX_GTZC_S_Init
                0x0c0014d8       0xf0 ./Application/User/main.o
 .text.MX_ICACHE_Init
                0x0c0015c8       0x26 ./Application/User/main.o
 *fill*         0x0c0015ee        0x2 
 .text.MX_GPIO_Init
                0x0c0015f0       0x40 ./Application/User/main.o
 .text.Error_Handler
                0x0c001630        0x8 ./Application/User/main.o
                0x0c001630                Error_Handler
 .text.SECURE_RegisterPrintCallback
                0x0c001638       0x8c ./Application/User/secure_nsc.o
                0x0c001638                __acle_se_SECURE_RegisterPrintCallback
 .text.SECURE_Print
                0x0c0016c4       0x90 ./Application/User/secure_nsc.o
                0x0c0016c4                __acle_se_SECURE_Print
 .text.SECURE_RegisterCallback
                0x0c001754       0xa8 ./Application/User/secure_nsc.o
                0x0c001754                __acle_se_SECURE_RegisterCallback
 .text.SECURE_LEDToggle
                0x0c0017fc       0x7a ./Application/User/secure_nsc.o
                0x0c0017fc                __acle_se_SECURE_LEDToggle
 *fill*         0x0c001876        0x2 
 .text.SECURE_CopyMessage
                0x0c001878       0xac ./Application/User/secure_nsc.o
                0x0c001878                __acle_se_SECURE_CopyMessage
 .text.SECURE_ComputeHMAC
                0x0c001924      0x128 ./Application/User/secure_nsc.o
                0x0c001924                __acle_se_SECURE_ComputeHMAC
 .text.SECURE_ShuffledHMAC
                0x0c001a4c      0x170 ./Application/User/secure_nsc.o
                0x0c001a4c                __acle_se_SECURE_ShuffledHMAC
 .text.derive_aes_key_iv_from_challenge
                0x0c001bbc       0x80 ./Application/User/secure_nsc.o
 .text.prng_init
                0x0c001c3c       0x36 ./Application/User/secure_nsc.o
 .text.prng_refill_block
                0x0c001c72       0x4a ./Application/User/secure_nsc.o
 .text.prng_next_u32
                0x0c001cbc       0x40 ./Application/User/secure_nsc.o
 .text.prng_uniform_u32
                0x0c001cfc       0x46 ./Application/User/secure_nsc.o
 .text.shuffle_secure_aes_ctr
                0x0c001d42       0x90 ./Application/User/secure_nsc.o
 *fill*         0x0c001dd2        0x2 
 .text.SECURE_ShuffledHMAC_secure
                0x0c001dd4      0x148 ./Application/User/secure_nsc.o
                0x0c001dd4                __acle_se_SECURE_ShuffledHMAC_secure
 .text.SECURE_SMARM
                0x0c001f1c      0x238 ./Application/User/secure_nsc.o
                0x0c001f1c                __acle_se_SECURE_SMARM
 .text.SECURE_LinearHMAC
                0x0c002154      0x120 ./Application/User/secure_nsc.o
                0x0c002154                __acle_se_SECURE_LinearHMAC
 .text.SECURE_TEST
                0x0c002274      0x220 ./Application/User/secure_nsc.o
                0x0c002274                __acle_se_SECURE_TEST
 .text.SECURE_FillTest
                0x0c002494       0xae ./Application/User/secure_nsc.o
                0x0c002494                __acle_se_SECURE_FillTest
 *fill*         0x0c002542        0x2 
 .text.HAL_MspInit
                0x0c002544       0x70 ./Application/User/stm32l5xx_hal_msp.o
                0x0c002544                HAL_MspInit
 .text.NMI_Handler
                0x0c0025b4        0xe ./Application/User/stm32l5xx_it.o
                0x0c0025b4                NMI_Handler
 .text.HardFault_Handler
                0x0c0025c2        0x8 ./Application/User/stm32l5xx_it.o
                0x0c0025c2                HardFault_Handler
 .text.MemManage_Handler
                0x0c0025ca        0x8 ./Application/User/stm32l5xx_it.o
                0x0c0025ca                MemManage_Handler
 .text.BusFault_Handler
                0x0c0025d2        0x8 ./Application/User/stm32l5xx_it.o
                0x0c0025d2                BusFault_Handler
 .text.UsageFault_Handler
                0x0c0025da        0x8 ./Application/User/stm32l5xx_it.o
                0x0c0025da                UsageFault_Handler
 *fill*         0x0c0025e2        0x2 
 .text.SecureFault_Handler
                0x0c0025e4       0x7c ./Application/User/stm32l5xx_it.o
                0x0c0025e4                SecureFault_Handler
 .text.SVC_Handler
                0x0c002660        0xe ./Application/User/stm32l5xx_it.o
                0x0c002660                SVC_Handler
 .text.DebugMon_Handler
                0x0c00266e        0xe ./Application/User/stm32l5xx_it.o
                0x0c00266e                DebugMon_Handler
 .text.PendSV_Handler
                0x0c00267c        0xe ./Application/User/stm32l5xx_it.o
                0x0c00267c                PendSV_Handler
 .text.SysTick_Handler
                0x0c00268a        0xc ./Application/User/stm32l5xx_it.o
                0x0c00268a                SysTick_Handler
 *fill*         0x0c002696        0x2 
 .text.GTZC_IRQHandler
                0x0c002698       0x80 ./Application/User/stm32l5xx_it.o
                0x0c002698                GTZC_IRQHandler
 .text._getpid  0x0c002718       0x10 ./Application/User/syscalls.o
                0x0c002718                _getpid
 .text._kill    0x0c002728       0x20 ./Application/User/syscalls.o
                0x0c002728                _kill
 .text._exit    0x0c002748       0x16 ./Application/User/syscalls.o
                0x0c002748                _exit
 .text._read    0x0c00275e       0x3a ./Application/User/syscalls.o
                0x0c00275e                _read
 .text._write   0x0c002798       0x38 ./Application/User/syscalls.o
                0x0c002798                _write
 .text._close   0x0c0027d0       0x18 ./Application/User/syscalls.o
                0x0c0027d0                _close
 .text._fstat   0x0c0027e8       0x20 ./Application/User/syscalls.o
                0x0c0027e8                _fstat
 .text._isatty  0x0c002808       0x16 ./Application/User/syscalls.o
                0x0c002808                _isatty
 .text._lseek   0x0c00281e       0x1a ./Application/User/syscalls.o
                0x0c00281e                _lseek
 .text._sbrk    0x0c002838       0x6c ./Application/User/sysmem.o
                0x0c002838                _sbrk
 .text.BSP_LED_Init
                0x0c0028a4       0xbc ./Drivers/BSP/STM32L5xx_Nucleo/stm32l5xx_nucleo.o
                0x0c0028a4                BSP_LED_Init
 .text.BSP_LED_Toggle
                0x0c002960       0x34 ./Drivers/BSP/STM32L5xx_Nucleo/stm32l5xx_nucleo.o
                0x0c002960                BSP_LED_Toggle
 .text.TZ_SAU_Setup
                0x0c002994      0x100 ./Drivers/CMSIS/system_stm32l5xx_s.o
 .text.SystemInit
                0x0c002a94       0x34 ./Drivers/CMSIS/system_stm32l5xx_s.o
                0x0c002a94                SystemInit
 .text.SystemCoreClockUpdate
                0x0c002ac8      0x158 ./Drivers/CMSIS/system_stm32l5xx_s.o
                0x0c002ac8                SystemCoreClockUpdate
 .text.SECURE_SystemCoreClockUpdate
                0x0c002c20       0x80 ./Drivers/CMSIS/system_stm32l5xx_s.o
                0x0c002c20                __acle_se_SECURE_SystemCoreClockUpdate
 .text.HAL_Init
                0x0c002ca0       0x34 ./Drivers/STM32L5xx_HAL_Driver/stm32l5xx_hal.o
                0x0c002ca0                HAL_Init
 .text.HAL_InitTick
                0x0c002cd4       0x78 ./Drivers/STM32L5xx_HAL_Driver/stm32l5xx_hal.o
                0x0c002cd4                HAL_InitTick
 .text.HAL_IncTick
                0x0c002d4c       0x28 ./Drivers/STM32L5xx_HAL_Driver/stm32l5xx_hal.o
                0x0c002d4c                HAL_IncTick
 .text.HAL_SuspendTick
                0x0c002d74       0x20 ./Drivers/STM32L5xx_HAL_Driver/stm32l5xx_hal.o
                0x0c002d74                HAL_SuspendTick
 .text.__NVIC_SetPriorityGrouping
                0x0c002d94       0x48 ./Drivers/STM32L5xx_HAL_Driver/stm32l5xx_hal_cortex.o
 .text.__NVIC_GetPriorityGrouping
                0x0c002ddc       0x1c ./Drivers/STM32L5xx_HAL_Driver/stm32l5xx_hal_cortex.o
 .text.__NVIC_EnableIRQ
                0x0c002df8       0x3c ./Drivers/STM32L5xx_HAL_Driver/stm32l5xx_hal_cortex.o
 .text.__NVIC_SetPriority
                0x0c002e34       0x54 ./Drivers/STM32L5xx_HAL_Driver/stm32l5xx_hal_cortex.o
 .text.NVIC_EncodePriority
                0x0c002e88       0x66 ./Drivers/STM32L5xx_HAL_Driver/stm32l5xx_hal_cortex.o
 *fill*         0x0c002eee        0x2 
 .text.SysTick_Config
                0x0c002ef0       0x44 ./Drivers/STM32L5xx_HAL_Driver/stm32l5xx_hal_cortex.o
 .text.HAL_NVIC_SetPriorityGrouping
                0x0c002f34       0x16 ./Drivers/STM32L5xx_HAL_Driver/stm32l5xx_hal_cortex.o
                0x0c002f34                HAL_NVIC_SetPriorityGrouping
 .text.HAL_NVIC_SetPriority
                0x0c002f4a       0x34 ./Drivers/STM32L5xx_HAL_Driver/stm32l5xx_hal_cortex.o
                0x0c002f4a                HAL_NVIC_SetPriority
 .text.HAL_NVIC_EnableIRQ
                0x0c002f7e       0x1c ./Drivers/STM32L5xx_HAL_Driver/stm32l5xx_hal_cortex.o
                0x0c002f7e                HAL_NVIC_EnableIRQ
 .text.HAL_SYSTICK_Config
                0x0c002f9a       0x18 ./Drivers/STM32L5xx_HAL_Driver/stm32l5xx_hal_cortex.o
                0x0c002f9a                HAL_SYSTICK_Config
 *fill*         0x0c002fb2        0x2 
 .text.HAL_GPIO_Init
                0x0c002fb4      0x300 ./Drivers/STM32L5xx_HAL_Driver/stm32l5xx_hal_gpio.o
                0x0c002fb4                HAL_GPIO_Init
 .text.HAL_GPIO_WritePin
                0x0c0032b4       0x30 ./Drivers/STM32L5xx_HAL_Driver/stm32l5xx_hal_gpio.o
                0x0c0032b4                HAL_GPIO_WritePin
 .text.HAL_GPIO_TogglePin
                0x0c0032e4       0x34 ./Drivers/STM32L5xx_HAL_Driver/stm32l5xx_hal_gpio.o
                0x0c0032e4                HAL_GPIO_TogglePin
 .text.HAL_GPIO_ConfigPinAttributes
                0x0c003318       0x40 ./Drivers/STM32L5xx_HAL_Driver/stm32l5xx_hal_gpio.o
                0x0c003318                HAL_GPIO_ConfigPinAttributes
 .text.HAL_GTZC_MPCBB_ConfigMem
                0x0c003358      0x108 ./Drivers/STM32L5xx_HAL_Driver/stm32l5xx_hal_gtzc.o
                0x0c003358                HAL_GTZC_MPCBB_ConfigMem
 .text.HAL_GTZC_IRQHandler
                0x0c003460      0x108 ./Drivers/STM32L5xx_HAL_Driver/stm32l5xx_hal_gtzc.o
                0x0c003460                HAL_GTZC_IRQHandler
 .text.HAL_GTZC_TZIC_Callback
                0x0c003568       0x14 ./Drivers/STM32L5xx_HAL_Driver/stm32l5xx_hal_gtzc.o
                0x0c003568                HAL_GTZC_TZIC_Callback
 .text.HAL_ICACHE_ConfigAssociativityMode
                0x0c00357c       0x40 ./Drivers/STM32L5xx_HAL_Driver/stm32l5xx_hal_icache.o
                0x0c00357c                HAL_ICACHE_ConfigAssociativityMode
 .text.HAL_ICACHE_Enable
                0x0c0035bc       0x20 ./Drivers/STM32L5xx_HAL_Driver/stm32l5xx_hal_icache.o
                0x0c0035bc                HAL_ICACHE_Enable
 .text.HAL_PWREx_EnableVddIO2
                0x0c0035dc       0x20 ./Drivers/STM32L5xx_HAL_Driver/stm32l5xx_hal_pwr_ex.o
                0x0c0035dc                HAL_PWREx_EnableVddIO2
 .text.HAL_PWREx_DisableUCPDDeadBattery
                0x0c0035fc       0x20 ./Drivers/STM32L5xx_HAL_Driver/stm32l5xx_hal_pwr_ex.o
                0x0c0035fc                HAL_PWREx_DisableUCPDDeadBattery
 .text.SecureContext_Init
                0x0c00361c       0x96 ./Middlewares/FreeRTOS/secure_context.o
                0x0c00361c                __acle_se_SecureContext_Init
 .text.SecureContext_AllocateContext
                0x0c0036b2       0xce ./Middlewares/FreeRTOS/secure_context.o
                0x0c0036b2                __acle_se_SecureContext_AllocateContext
 .text.SecureContext_FreeContext
                0x0c003780       0xac ./Middlewares/FreeRTOS/secure_context.o
                0x0c003780                __acle_se_SecureContext_FreeContext
 .text.SecureContext_LoadContext
                0x0c00382c       0x8c ./Middlewares/FreeRTOS/secure_context_port.o
                0x0c00382c                __acle_se_SecureContext_LoadContext
 .text.SecureContext_SaveContext
                0x0c0038b8       0x92 ./Middlewares/FreeRTOS/secure_context_port.o
                0x0c0038b8                __acle_se_SecureContext_SaveContext
 *fill*         0x0c00394a        0x2 
 .text.prvHeapInit
                0x0c00394c       0xc4 ./Middlewares/FreeRTOS/secure_heap.o
 .text.prvInsertBlockIntoFreeList
                0x0c003a10       0xb4 ./Middlewares/FreeRTOS/secure_heap.o
 .text.pvPortMalloc
                0x0c003ac4      0x170 ./Middlewares/FreeRTOS/secure_heap.o
                0x0c003ac4                pvPortMalloc
 .text.vPortFree
                0x0c003c34       0xac ./Middlewares/FreeRTOS/secure_heap.o
                0x0c003c34                vPortFree
 .text.SecureInit_DePrioritizeNSExceptions
                0x0c003ce0       0x9c ./Middlewares/FreeRTOS/secure_init.o
                0x0c003ce0                __acle_se_SecureInit_DePrioritizeNSExceptions
 .text.SecureInit_EnableNSFPUAccess
                0x0c003d7c       0xb0 ./Middlewares/FreeRTOS/secure_init.o
                0x0c003d7c                __acle_se_SecureInit_EnableNSFPUAccess
 .text.malloc   0x0c003e2c       0x10 C:/ST/STM32CubeIDE_1.10.1/STM32CubeIDE/plugins/com.st.stm32cube.ide.mcu.externaltools.gnu-tools-for-stm32.12.3.rel1.win32_1.0.100.202403111256/tools/bin/../lib/gcc/arm-none-eabi/12.3.1/../../../../arm-none-eabi/lib/thumb/v8-m.main+fp/hard\libc_nano.a(libc_a-malloc.o)
                0x0c003e2c                malloc
 .text.sbrk_aligned
                0x0c003e3c       0x44 C:/ST/STM32CubeIDE_1.10.1/STM32CubeIDE/plugins/com.st.stm32cube.ide.mcu.externaltools.gnu-tools-for-stm32.12.3.rel1.win32_1.0.100.202403111256/tools/bin/../lib/gcc/arm-none-eabi/12.3.1/../../../../arm-none-eabi/lib/thumb/v8-m.main+fp/hard\libc_nano.a(libc_a-mallocr.o)
 .text._malloc_r
                0x0c003e80      0x100 C:/ST/STM32CubeIDE_1.10.1/STM32CubeIDE/plugins/com.st.stm32cube.ide.mcu.externaltools.gnu-tools-for-stm32.12.3.rel1.win32_1.0.100.202403111256/tools/bin/../lib/gcc/arm-none-eabi/12.3.1/../../../../arm-none-eabi/lib/thumb/v8-m.main+fp/hard\libc_nano.a(libc_a-mallocr.o)
                0x0c003e80                _malloc_r
 .text.__malloc_lock
                0x0c003f80        0xc C:/ST/STM32CubeIDE_1.10.1/STM32CubeIDE/plugins/com.st.stm32cube.ide.mcu.externaltools.gnu-tools-for-stm32.12.3.rel1.win32_1.0.100.202403111256/tools/bin/../lib/gcc/arm-none-eabi/12.3.1/../../../../arm-none-eabi/lib/thumb/v8-m.main+fp/hard\libc_nano.a(libc_a-mlock.o)
                0x0c003f80                __malloc_lock
 .text.__malloc_unlock
                0x0c003f8c        0xc C:/ST/STM32CubeIDE_1.10.1/STM32CubeIDE/plugins/com.st.stm32cube.ide.mcu.externaltools.gnu-tools-for-stm32.12.3.rel1.win32_1.0.100.202403111256/tools/bin/../lib/gcc/arm-none-eabi/12.3.1/../../../../arm-none-eabi/lib/thumb/v8-m.main+fp/hard\libc_nano.a(libc_a-mlock.o)
                0x0c003f8c                __malloc_unlock
 .text.srand    0x0c003f98       0x5c C:/ST/STM32CubeIDE_1.10.1/STM32CubeIDE/plugins/com.st.stm32cube.ide.mcu.externaltools.gnu-tools-for-stm32.12.3.rel1.win32_1.0.100.202403111256/tools/bin/../lib/gcc/arm-none-eabi/12.3.1/../../../../arm-none-eabi/lib/thumb/v8-m.main+fp/hard\libc_nano.a(libc_a-rand.o)
                0x0c003f98                srand
 .text.rand     0x0c003ff4       0x7c C:/ST/STM32CubeIDE_1.10.1/STM32CubeIDE/plugins/com.st.stm32cube.ide.mcu.externaltools.gnu-tools-for-stm32.12.3.rel1.win32_1.0.100.202403111256/tools/bin/../lib/gcc/arm-none-eabi/12.3.1/../../../../arm-none-eabi/lib/thumb/v8-m.main+fp/hard\libc_nano.a(libc_a-rand.o)
                0x0c003ff4                rand
 .text.std      0x0c004070       0x6c C:/ST/STM32CubeIDE_1.10.1/STM32CubeIDE/plugins/com.st.stm32cube.ide.mcu.externaltools.gnu-tools-for-stm32.12.3.rel1.win32_1.0.100.202403111256/tools/bin/../lib/gcc/arm-none-eabi/12.3.1/../../../../arm-none-eabi/lib/thumb/v8-m.main+fp/hard\libc_nano.a(libc_a-findfp.o)
 .text.stdio_exit_handler
                0x0c0040dc       0x18 C:/ST/STM32CubeIDE_1.10.1/STM32CubeIDE/plugins/com.st.stm32cube.ide.mcu.externaltools.gnu-tools-for-stm32.12.3.rel1.win32_1.0.100.202403111256/tools/bin/../lib/gcc/arm-none-eabi/12.3.1/../../../../arm-none-eabi/lib/thumb/v8-m.main+fp/hard\libc_nano.a(libc_a-findfp.o)
 .text.cleanup_stdio
                0x0c0040f4       0x40 C:/ST/STM32CubeIDE_1.10.1/STM32CubeIDE/plugins/com.st.stm32cube.ide.mcu.externaltools.gnu-tools-for-stm32.12.3.rel1.win32_1.0.100.202403111256/tools/bin/../lib/gcc/arm-none-eabi/12.3.1/../../../../arm-none-eabi/lib/thumb/v8-m.main+fp/hard\libc_nano.a(libc_a-findfp.o)
 .text.global_stdio_init.part.0
                0x0c004134       0x3c C:/ST/STM32CubeIDE_1.10.1/STM32CubeIDE/plugins/com.st.stm32cube.ide.mcu.externaltools.gnu-tools-for-stm32.12.3.rel1.win32_1.0.100.202403111256/tools/bin/../lib/gcc/arm-none-eabi/12.3.1/../../../../arm-none-eabi/lib/thumb/v8-m.main+fp/hard\libc_nano.a(libc_a-findfp.o)
 .text.__sfp_lock_acquire
                0x0c004170        0xc C:/ST/STM32CubeIDE_1.10.1/STM32CubeIDE/plugins/com.st.stm32cube.ide.mcu.externaltools.gnu-tools-for-stm32.12.3.rel1.win32_1.0.100.202403111256/tools/bin/../lib/gcc/arm-none-eabi/12.3.1/../../../../arm-none-eabi/lib/thumb/v8-m.main+fp/hard\libc_nano.a(libc_a-findfp.o)
                0x0c004170                __sfp_lock_acquire
 .text.__sfp_lock_release
                0x0c00417c        0xc C:/ST/STM32CubeIDE_1.10.1/STM32CubeIDE/plugins/com.st.stm32cube.ide.mcu.externaltools.gnu-tools-for-stm32.12.3.rel1.win32_1.0.100.202403111256/tools/bin/../lib/gcc/arm-none-eabi/12.3.1/../../../../arm-none-eabi/lib/thumb/v8-m.main+fp/hard\libc_nano.a(libc_a-findfp.o)
                0x0c00417c                __sfp_lock_release
 .text.__sinit  0x0c004188       0x30 C:/ST/STM32CubeIDE_1.10.1/STM32CubeIDE/plugins/com.st.stm32cube.ide.mcu.externaltools.gnu-tools-for-stm32.12.3.rel1.win32_1.0.100.202403111256/tools/bin/../lib/gcc/arm-none-eabi/12.3.1/../../../../arm-none-eabi/lib/thumb/v8-m.main+fp/hard\libc_nano.a(libc_a-findfp.o)
                0x0c004188                __sinit
 .text._fwalk_sglue
                0x0c0041b8       0x3c C:/ST/STM32CubeIDE_1.10.1/STM32CubeIDE/plugins/com.st.stm32cube.ide.mcu.externaltools.gnu-tools-for-stm32.12.3.rel1.win32_1.0.100.202403111256/tools/bin/../lib/gcc/arm-none-eabi/12.3.1/../../../../arm-none-eabi/lib/thumb/v8-m.main+fp/hard\libc_nano.a(libc_a-fwalk.o)
                0x0c0041b8                _fwalk_sglue
 .text.__sread  0x0c0041f4       0x22 C:/ST/STM32CubeIDE_1.10.1/STM32CubeIDE/plugins/com.st.stm32cube.ide.mcu.externaltools.gnu-tools-for-stm32.12.3.rel1.win32_1.0.100.202403111256/tools/bin/../lib/gcc/arm-none-eabi/12.3.1/../../../../arm-none-eabi/lib/thumb/v8-m.main+fp/hard\libc_nano.a(libc_a-stdio.o)
                0x0c0041f4                __sread
 .text.__swrite
                0x0c004216       0x38 C:/ST/STM32CubeIDE_1.10.1/STM32CubeIDE/plugins/com.st.stm32cube.ide.mcu.externaltools.gnu-tools-for-stm32.12.3.rel1.win32_1.0.100.202403111256/tools/bin/../lib/gcc/arm-none-eabi/12.3.1/../../../../arm-none-eabi/lib/thumb/v8-m.main+fp/hard\libc_nano.a(libc_a-stdio.o)
                0x0c004216                __swrite
 .text.__sseek  0x0c00424e       0x24 C:/ST/STM32CubeIDE_1.10.1/STM32CubeIDE/plugins/com.st.stm32cube.ide.mcu.externaltools.gnu-tools-for-stm32.12.3.rel1.win32_1.0.100.202403111256/tools/bin/../lib/gcc/arm-none-eabi/12.3.1/../../../../arm-none-eabi/lib/thumb/v8-m.main+fp/hard\libc_nano.a(libc_a-stdio.o)
                0x0c00424e                __sseek
 .text.__sclose
                0x0c004272        0x8 C:/ST/STM32CubeIDE_1.10.1/STM32CubeIDE/plugins/com.st.stm32cube.ide.mcu.externaltools.gnu-tools-for-stm32.12.3.rel1.win32_1.0.100.202403111256/tools/bin/../lib/gcc/arm-none-eabi/12.3.1/../../../../arm-none-eabi/lib/thumb/v8-m.main+fp/hard\libc_nano.a(libc_a-stdio.o)
                0x0c004272                __sclose
 .text.memset   0x0c00427a       0x10 C:/ST/STM32CubeIDE_1.10.1/STM32CubeIDE/plugins/com.st.stm32cube.ide.mcu.externaltools.gnu-tools-for-stm32.12.3.rel1.win32_1.0.100.202403111256/tools/bin/../lib/gcc/arm-none-eabi/12.3.1/../../../../arm-none-eabi/lib/thumb/v8-m.main+fp/hard\libc_nano.a(libc_a-memset.o)
                0x0c00427a                memset
 .text.strncpy  0x0c00428a       0x26 C:/ST/STM32CubeIDE_1.10.1/STM32CubeIDE/plugins/com.st.stm32cube.ide.mcu.externaltools.gnu-tools-for-stm32.12.3.rel1.win32_1.0.100.202403111256/tools/bin/../lib/gcc/arm-none-eabi/12.3.1/../../../../arm-none-eabi/lib/thumb/v8-m.main+fp/hard\libc_nano.a(libc_a-strncpy.o)
                0x0c00428a                strncpy
 .text._close_r
                0x0c0042b0       0x20 C:/ST/STM32CubeIDE_1.10.1/STM32CubeIDE/plugins/com.st.stm32cube.ide.mcu.externaltools.gnu-tools-for-stm32.12.3.rel1.win32_1.0.100.202403111256/tools/bin/../lib/gcc/arm-none-eabi/12.3.1/../../../../arm-none-eabi/lib/thumb/v8-m.main+fp/hard\libc_nano.a(libc_a-closer.o)
                0x0c0042b0                _close_r
 .text._lseek_r
                0x0c0042d0       0x24 C:/ST/STM32CubeIDE_1.10.1/STM32CubeIDE/plugins/com.st.stm32cube.ide.mcu.externaltools.gnu-tools-for-stm32.12.3.rel1.win32_1.0.100.202403111256/tools/bin/../lib/gcc/arm-none-eabi/12.3.1/../../../../arm-none-eabi/lib/thumb/v8-m.main+fp/hard\libc_nano.a(libc_a-lseekr.o)
                0x0c0042d0                _lseek_r
 .text._read_r  0x0c0042f4       0x24 C:/ST/STM32CubeIDE_1.10.1/STM32CubeIDE/plugins/com.st.stm32cube.ide.mcu.externaltools.gnu-tools-for-stm32.12.3.rel1.win32_1.0.100.202403111256/tools/bin/../lib/gcc/arm-none-eabi/12.3.1/../../../../arm-none-eabi/lib/thumb/v8-m.main+fp/hard\libc_nano.a(libc_a-readr.o)
                0x0c0042f4                _read_r
 .text._sbrk_r  0x0c004318       0x20 C:/ST/STM32CubeIDE_1.10.1/STM32CubeIDE/plugins/com.st.stm32cube.ide.mcu.externaltools.gnu-tools-for-stm32.12.3.rel1.win32_1.0.100.202403111256/tools/bin/../lib/gcc/arm-none-eabi/12.3.1/../../../../arm-none-eabi/lib/thumb/v8-m.main+fp/hard\libc_nano.a(libc_a-sbrkr.o)
                0x0c004318                _sbrk_r
 .text._write_r
                0x0c004338       0x24 C:/ST/STM32CubeIDE_1.10.1/STM32CubeIDE/plugins/com.st.stm32cube.ide.mcu.externaltools.gnu-tools-for-stm32.12.3.rel1.win32_1.0.100.202403111256/tools/bin/../lib/gcc/arm-none-eabi/12.3.1/../../../../arm-none-eabi/lib/thumb/v8-m.main+fp/hard\libc_nano.a(libc_a-writer.o)
                0x0c004338                _write_r
 .text.__errno  0x0c00435c        0xc C:/ST/STM32CubeIDE_1.10.1/STM32CubeIDE/plugins/com.st.stm32cube.ide.mcu.externaltools.gnu-tools-for-stm32.12.3.rel1.win32_1.0.100.202403111256/tools/bin/../lib/gcc/arm-none-eabi/12.3.1/../../../../arm-none-eabi/lib/thumb/v8-m.main+fp/hard\libc_nano.a(libc_a-errno.o)
                0x0c00435c                __errno
 .text.__libc_init_array
                0x0c004368       0x48 C:/ST/STM32CubeIDE_1.10.1/STM32CubeIDE/plugins/com.st.stm32cube.ide.mcu.externaltools.gnu-tools-for-stm32.12.3.rel1.win32_1.0.100.202403111256/tools/bin/../lib/gcc/arm-none-eabi/12.3.1/../../../../arm-none-eabi/lib/thumb/v8-m.main+fp/hard\libc_nano.a(libc_a-init.o)
                0x0c004368                __libc_init_array
 .text.__retarget_lock_init_recursive
                0x0c0043b0        0x2 C:/ST/STM32CubeIDE_1.10.1/STM32CubeIDE/plugins/com.st.stm32cube.ide.mcu.externaltools.gnu-tools-for-stm32.12.3.rel1.win32_1.0.100.202403111256/tools/bin/../lib/gcc/arm-none-eabi/12.3.1/../../../../arm-none-eabi/lib/thumb/v8-m.main+fp/hard\libc_nano.a(libc_a-lock.o)
                0x0c0043b0                __retarget_lock_init_recursive
 .text.__retarget_lock_acquire_recursive
                0x0c0043b2        0x2 C:/ST/STM32CubeIDE_1.10.1/STM32CubeIDE/plugins/com.st.stm32cube.ide.mcu.externaltools.gnu-tools-for-stm32.12.3.rel1.win32_1.0.100.202403111256/tools/bin/../lib/gcc/arm-none-eabi/12.3.1/../../../../arm-none-eabi/lib/thumb/v8-m.main+fp/hard\libc_nano.a(libc_a-lock.o)
                0x0c0043b2                __retarget_lock_acquire_recursive
 .text.__retarget_lock_release_recursive
                0x0c0043b4        0x2 C:/ST/STM32CubeIDE_1.10.1/STM32CubeIDE/plugins/com.st.stm32cube.ide.mcu.externaltools.gnu-tools-for-stm32.12.3.rel1.win32_1.0.100.202403111256/tools/bin/../lib/gcc/arm-none-eabi/12.3.1/../../../../arm-none-eabi/lib/thumb/v8-m.main+fp/hard\libc_nano.a(libc_a-lock.o)
                0x0c0043b4                __retarget_lock_release_recursive
 .text.memcpy   0x0c0043b6       0x1a C:/ST/STM32CubeIDE_1.10.1/STM32CubeIDE/plugins/com.st.stm32cube.ide.mcu.externaltools.gnu-tools-for-stm32.12.3.rel1.win32_1.0.100.202403111256/tools/bin/../lib/gcc/arm-none-eabi/12.3.1/../../../../arm-none-eabi/lib/thumb/v8-m.main+fp/hard\libc_nano.a(libc_a-memcpy-stub.o)
                0x0c0043b6                memcpy
 .text.__assert_func
                0x0c0043d0       0x3c C:/ST/STM32CubeIDE_1.10.1/STM32CubeIDE/plugins/com.st.stm32cube.ide.mcu.externaltools.gnu-tools-for-stm32.12.3.rel1.win32_1.0.100.202403111256/tools/bin/../lib/gcc/arm-none-eabi/12.3.1/../../../../arm-none-eabi/lib/thumb/v8-m.main+fp/hard\libc_nano.a(libc_a-assert.o)
                0x0c0043d0                __assert_func
 .text._free_r  0x0c00440c       0x94 C:/ST/STM32CubeIDE_1.10.1/STM32CubeIDE/plugins/com.st.stm32cube.ide.mcu.externaltools.gnu-tools-for-stm32.12.3.rel1.win32_1.0.100.202403111256/tools/bin/../lib/gcc/arm-none-eabi/12.3.1/../../../../arm-none-eabi/lib/thumb/v8-m.main+fp/hard\libc_nano.a(libc_a-freer.o)
                0x0c00440c                _free_r
 .text.__sfputc_r
                0x0c0044a0       0x2e C:/ST/STM32CubeIDE_1.10.1/STM32CubeIDE/plugins/com.st.stm32cube.ide.mcu.externaltools.gnu-tools-for-stm32.12.3.rel1.win32_1.0.100.202403111256/tools/bin/../lib/gcc/arm-none-eabi/12.3.1/../../../../arm-none-eabi/lib/thumb/v8-m.main+fp/hard\libc_nano.a(libc_a-nano-vfprintf.o)
 .text.__sfputs_r
                0x0c0044ce       0x24 C:/ST/STM32CubeIDE_1.10.1/STM32CubeIDE/plugins/com.st.stm32cube.ide.mcu.externaltools.gnu-tools-for-stm32.12.3.rel1.win32_1.0.100.202403111256/tools/bin/../lib/gcc/arm-none-eabi/12.3.1/../../../../arm-none-eabi/lib/thumb/v8-m.main+fp/hard\libc_nano.a(libc_a-nano-vfprintf.o)
                0x0c0044ce                __sfputs_r
 *fill*         0x0c0044f2        0x2 
 .text._vfprintf_r
                0x0c0044f4      0x230 C:/ST/STM32CubeIDE_1.10.1/STM32CubeIDE/plugins/com.st.stm32cube.ide.mcu.externaltools.gnu-tools-for-stm32.12.3.rel1.win32_1.0.100.202403111256/tools/bin/../lib/gcc/arm-none-eabi/12.3.1/../../../../arm-none-eabi/lib/thumb/v8-m.main+fp/hard\libc_nano.a(libc_a-nano-vfprintf.o)
                0x0c0044f4                _vfprintf_r
                0x0c0044f4                _vfiprintf_r
 .text._printf_common
                0x0c004724       0xe4 C:/ST/STM32CubeIDE_1.10.1/STM32CubeIDE/plugins/com.st.stm32cube.ide.mcu.externaltools.gnu-tools-for-stm32.12.3.rel1.win32_1.0.100.202403111256/tools/bin/../lib/gcc/arm-none-eabi/12.3.1/../../../../arm-none-eabi/lib/thumb/v8-m.main+fp/hard\libc_nano.a(libc_a-nano-vfprintf_i.o)
                0x0c004724                _printf_common
 .text._printf_i
                0x0c004808      0x240 C:/ST/STM32CubeIDE_1.10.1/STM32CubeIDE/plugins/com.st.stm32cube.ide.mcu.externaltools.gnu-tools-for-stm32.12.3.rel1.win32_1.0.100.202403111256/tools/bin/../lib/gcc/arm-none-eabi/12.3.1/../../../../arm-none-eabi/lib/thumb/v8-m.main+fp/hard\libc_nano.a(libc_a-nano-vfprintf_i.o)
                0x0c004808                _printf_i
 .text.__sflush_r
                0x0c004a48      0x108 C:/ST/STM32CubeIDE_1.10.1/STM32CubeIDE/plugins/com.st.stm32cube.ide.mcu.externaltools.gnu-tools-for-stm32.12.3.rel1.win32_1.0.100.202403111256/tools/bin/../lib/gcc/arm-none-eabi/12.3.1/../../../../arm-none-eabi/lib/thumb/v8-m.main+fp/hard\libc_nano.a(libc_a-fflush.o)
                0x0c004a48                __sflush_r
 .text._fflush_r
                0x0c004b50       0x50 C:/ST/STM32CubeIDE_1.10.1/STM32CubeIDE/plugins/com.st.stm32cube.ide.mcu.externaltools.gnu-tools-for-stm32.12.3.rel1.win32_1.0.100.202403111256/tools/bin/../lib/gcc/arm-none-eabi/12.3.1/../../../../arm-none-eabi/lib/thumb/v8-m.main+fp/hard\libc_nano.a(libc_a-fflush.o)
                0x0c004b50                _fflush_r
 .text.fprintf  0x0c004ba0       0x24 C:/ST/STM32CubeIDE_1.10.1/STM32CubeIDE/plugins/com.st.stm32cube.ide.mcu.externaltools.gnu-tools-for-stm32.12.3.rel1.win32_1.0.100.202403111256/tools/bin/../lib/gcc/arm-none-eabi/12.3.1/../../../../arm-none-eabi/lib/thumb/v8-m.main+fp/hard\libc_nano.a(libc_a-fprintf.o)
                0x0c004ba0                fiprintf
                0x0c004ba0                fprintf
 .text.__swbuf_r
                0x0c004bc4       0x7c C:/ST/STM32CubeIDE_1.10.1/STM32CubeIDE/plugins/com.st.stm32cube.ide.mcu.externaltools.gnu-tools-for-stm32.12.3.rel1.win32_1.0.100.202403111256/tools/bin/../lib/gcc/arm-none-eabi/12.3.1/../../../../arm-none-eabi/lib/thumb/v8-m.main+fp/hard\libc_nano.a(libc_a-wbuf.o)
                0x0c004bc4                __swbuf_r
 .text.__swsetup_r
                0x0c004c40       0xac C:/ST/STM32CubeIDE_1.10.1/STM32CubeIDE/plugins/com.st.stm32cube.ide.mcu.externaltools.gnu-tools-for-stm32.12.3.rel1.win32_1.0.100.202403111256/tools/bin/../lib/gcc/arm-none-eabi/12.3.1/../../../../arm-none-eabi/lib/thumb/v8-m.main+fp/hard\libc_nano.a(libc_a-wsetup.o)
                0x0c004c40                __swsetup_r
 .text.memchr   0x0c004cec       0x1c C:/ST/STM32CubeIDE_1.10.1/STM32CubeIDE/plugins/com.st.stm32cube.ide.mcu.externaltools.gnu-tools-for-stm32.12.3.rel1.win32_1.0.100.202403111256/tools/bin/../lib/gcc/arm-none-eabi/12.3.1/../../../../arm-none-eabi/lib/thumb/v8-m.main+fp/hard\libc_nano.a(libc_a-memchr-stub.o)
                0x0c004cec                memchr
 .text.abort    0x0c004d08        0xe C:/ST/STM32CubeIDE_1.10.1/STM32CubeIDE/plugins/com.st.stm32cube.ide.mcu.externaltools.gnu-tools-for-stm32.12.3.rel1.win32_1.0.100.202403111256/tools/bin/../lib/gcc/arm-none-eabi/12.3.1/../../../../arm-none-eabi/lib/thumb/v8-m.main+fp/hard\libc_nano.a(libc_a-abort.o)
                0x0c004d08                abort
 .text.__swhatbuf_r
                0x0c004d16       0x4a C:/ST/STM32CubeIDE_1.10.1/STM32CubeIDE/plugins/com.st.stm32cube.ide.mcu.externaltools.gnu-tools-for-stm32.12.3.rel1.win32_1.0.100.202403111256/tools/bin/../lib/gcc/arm-none-eabi/12.3.1/../../../../arm-none-eabi/lib/thumb/v8-m.main+fp/hard\libc_nano.a(libc_a-makebuf.o)
                0x0c004d16                __swhatbuf_r
 .text.__smakebuf_r
                0x0c004d60       0x78 C:/ST/STM32CubeIDE_1.10.1/STM32CubeIDE/plugins/com.st.stm32cube.ide.mcu.externaltools.gnu-tools-for-stm32.12.3.rel1.win32_1.0.100.202403111256/tools/bin/../lib/gcc/arm-none-eabi/12.3.1/../../../../arm-none-eabi/lib/thumb/v8-m.main+fp/hard\libc_nano.a(libc_a-makebuf.o)
                0x0c004d60                __smakebuf_r
 .text._raise_r
                0x0c004dd8       0x50 C:/ST/STM32CubeIDE_1.10.1/STM32CubeIDE/plugins/com.st.stm32cube.ide.mcu.externaltools.gnu-tools-for-stm32.12.3.rel1.win32_1.0.100.202403111256/tools/bin/../lib/gcc/arm-none-eabi/12.3.1/../../../../arm-none-eabi/lib/thumb/v8-m.main+fp/hard\libc_nano.a(libc_a-signal.o)
                0x0c004dd8                _raise_r
 .text.raise    0x0c004e28       0x10 C:/ST/STM32CubeIDE_1.10.1/STM32CubeIDE/plugins/com.st.stm32cube.ide.mcu.externaltools.gnu-tools-for-stm32.12.3.rel1.win32_1.0.100.202403111256/tools/bin/../lib/gcc/arm-none-eabi/12.3.1/../../../../arm-none-eabi/lib/thumb/v8-m.main+fp/hard\libc_nano.a(libc_a-signal.o)
                0x0c004e28                raise
 .text._fstat_r
                0x0c004e38       0x24 C:/ST/STM32CubeIDE_1.10.1/STM32CubeIDE/plugins/com.st.stm32cube.ide.mcu.externaltools.gnu-tools-for-stm32.12.3.rel1.win32_1.0.100.202403111256/tools/bin/../lib/gcc/arm-none-eabi/12.3.1/../../../../arm-none-eabi/lib/thumb/v8-m.main+fp/hard\libc_nano.a(libc_a-fstatr.o)
                0x0c004e38                _fstat_r
 .text._isatty_r
                0x0c004e5c       0x20 C:/ST/STM32CubeIDE_1.10.1/STM32CubeIDE/plugins/com.st.stm32cube.ide.mcu.externaltools.gnu-tools-for-stm32.12.3.rel1.win32_1.0.100.202403111256/tools/bin/../lib/gcc/arm-none-eabi/12.3.1/../../../../arm-none-eabi/lib/thumb/v8-m.main+fp/hard\libc_nano.a(libc_a-isattyr.o)
                0x0c004e5c                _isatty_r
 .text._kill_r  0x0c004e7c       0x24 C:/ST/STM32CubeIDE_1.10.1/STM32CubeIDE/plugins/com.st.stm32cube.ide.mcu.externaltools.gnu-tools-for-stm32.12.3.rel1.win32_1.0.100.202403111256/tools/bin/../lib/gcc/arm-none-eabi/12.3.1/../../../../arm-none-eabi/lib/thumb/v8-m.main+fp/hard\libc_nano.a(libc_a-signalr.o)
                0x0c004e7c                _kill_r
 .text._getpid_r
                0x0c004ea0        0x4 C:/ST/STM32CubeIDE_1.10.1/STM32CubeIDE/plugins/com.st.stm32cube.ide.mcu.externaltools.gnu-tools-for-stm32.12.3.rel1.win32_1.0.100.202403111256/tools/bin/../lib/gcc/arm-none-eabi/12.3.1/../../../../arm-none-eabi/lib/thumb/v8-m.main+fp/hard\libc_nano.a(libc_a-signalr.o)
                0x0c004ea0                _getpid_r
 *(.glue_7)
 .glue_7        0x0c004ea4        0x0 linker stubs
 *(.glue_7t)
 .glue_7t       0x0c004ea4        0x0 linker stubs
 *(.eh_frame)
 .eh_frame      0x0c004ea4        0x0 C:/ST/STM32CubeIDE_1.10.1/STM32CubeIDE/plugins/com.st.stm32cube.ide.mcu.externaltools.gnu-tools-for-stm32.12.3.rel1.win32_1.0.100.202403111256/tools/bin/../lib/gcc/arm-none-eabi/12.3.1/thumb/v8-m.main+fp/hard/crtbegin.o
 *(.init)
 .init          0x0c004ea4        0x4 C:/ST/STM32CubeIDE_1.10.1/STM32CubeIDE/plugins/com.st.stm32cube.ide.mcu.externaltools.gnu-tools-for-stm32.12.3.rel1.win32_1.0.100.202403111256/tools/bin/../lib/gcc/arm-none-eabi/12.3.1/thumb/v8-m.main+fp/hard/crti.o
                0x0c004ea4                _init
 .init          0x0c004ea8        0x8 C:/ST/STM32CubeIDE_1.10.1/STM32CubeIDE/plugins/com.st.stm32cube.ide.mcu.externaltools.gnu-tools-for-stm32.12.3.rel1.win32_1.0.100.202403111256/tools/bin/../lib/gcc/arm-none-eabi/12.3.1/thumb/v8-m.main+fp/hard/crtn.o
 *(.fini)
 .fini          0x0c004eb0        0x4 C:/ST/STM32CubeIDE_1.10.1/STM32CubeIDE/plugins/com.st.stm32cube.ide.mcu.externaltools.gnu-tools-for-stm32.12.3.rel1.win32_1.0.100.202403111256/tools/bin/../lib/gcc/arm-none-eabi/12.3.1/thumb/v8-m.main+fp/hard/crti.o
                0x0c004eb0                _fini
 .fini          0x0c004eb4        0x8 C:/ST/STM32CubeIDE_1.10.1/STM32CubeIDE/plugins/com.st.stm32cube.ide.mcu.externaltools.gnu-tools-for-stm32.12.3.rel1.win32_1.0.100.202403111256/tools/bin/../lib/gcc/arm-none-eabi/12.3.1/thumb/v8-m.main+fp/hard/crtn.o
                0x0c004ec0                        . = ALIGN (0x8)
 *fill*         0x0c004ebc        0x4 
                0x0c004ec0                        _etext = .

.vfp11_veneer   0x0c004ec0        0x0
 .vfp11_veneer  0x0c004ec0        0x0 linker stubs

.v4_bx          0x0c004ec0        0x0
 .v4_bx         0x0c004ec0        0x0 linker stubs

.iplt           0x0c004ec0        0x0
 .iplt          0x0c004ec0        0x0 C:/ST/STM32CubeIDE_1.10.1/STM32CubeIDE/plugins/com.st.stm32cube.ide.mcu.externaltools.gnu-tools-for-stm32.12.3.rel1.win32_1.0.100.202403111256/tools/bin/../lib/gcc/arm-none-eabi/12.3.1/thumb/v8-m.main+fp/hard/crtbegin.o

.rodata         0x0c004ec0      0x3d8
                0x0c004ec0                        . = ALIGN (0x8)
 *(.rodata)
 .rodata        0x0c004ec0      0x100 ./Application/User/Crypto/hmac-sha256/hmac-sha256.o
 .rodata        0x0c004fc0       0x80 ./Application/User/secure_nsc.o
 *(.rodata*)
 .rodata.sbox   0x0c005040      0x100 ./Application/User/Aesnew/aes.o
 .rodata.Rcon   0x0c005140        0xb ./Application/User/Aesnew/aes.o
 *fill*         0x0c00514b        0x1 
 .rodata.secure_key
                0x0c00514c        0xc ./Application/User/secure_nsc.o
 .rodata.key    0x0c005158        0xf ./Application/User/secure_nsc.o
 *fill*         0x0c005167        0x1 
 .rodata.AHBPrescTable
                0x0c005168       0x10 ./Drivers/CMSIS/system_stm32l5xx_s.o
                0x0c005168                AHBPrescTable
 .rodata.MSIRangeTable
                0x0c005178       0x40 ./Drivers/CMSIS/system_stm32l5xx_s.o
                0x0c005178                MSIRangeTable
 .rodata.srand.str1.1
                0x0c0051b8       0x6f C:/ST/STM32CubeIDE_1.10.1/STM32CubeIDE/plugins/com.st.stm32cube.ide.mcu.externaltools.gnu-tools-for-stm32.12.3.rel1.win32_1.0.100.202403111256/tools/bin/../lib/gcc/arm-none-eabi/12.3.1/../../../../arm-none-eabi/lib/thumb/v8-m.main+fp/hard\libc_nano.a(libc_a-rand.o)
 .rodata.__assert_func.str1.1
                0x0c005227       0x3c C:/ST/STM32CubeIDE_1.10.1/STM32CubeIDE/plugins/com.st.stm32cube.ide.mcu.externaltools.gnu-tools-for-stm32.12.3.rel1.win32_1.0.100.202403111256/tools/bin/../lib/gcc/arm-none-eabi/12.3.1/../../../../arm-none-eabi/lib/thumb/v8-m.main+fp/hard\libc_nano.a(libc_a-assert.o)
                                 0x3d (size before relaxing)
 .rodata._vfprintf_r.str1.1
                0x0c005263       0x11 C:/ST/STM32CubeIDE_1.10.1/STM32CubeIDE/plugins/com.st.stm32cube.ide.mcu.externaltools.gnu-tools-for-stm32.12.3.rel1.win32_1.0.100.202403111256/tools/bin/../lib/gcc/arm-none-eabi/12.3.1/../../../../arm-none-eabi/lib/thumb/v8-m.main+fp/hard\libc_nano.a(libc_a-nano-vfprintf.o)
 .rodata._printf_i.str1.1
                0x0c005274       0x22 C:/ST/STM32CubeIDE_1.10.1/STM32CubeIDE/plugins/com.st.stm32cube.ide.mcu.externaltools.gnu-tools-for-stm32.12.3.rel1.win32_1.0.100.202403111256/tools/bin/../lib/gcc/arm-none-eabi/12.3.1/../../../../arm-none-eabi/lib/thumb/v8-m.main+fp/hard\libc_nano.a(libc_a-nano-vfprintf_i.o)
                0x0c005298                        . = ALIGN (0x8)
 *fill*         0x0c005296        0x2 

.ARM.extab      0x0c005298        0x0
                0x0c005298                        . = ALIGN (0x8)
 *(.ARM.extab* .gnu.linkonce.armextab.*)
                0x0c005298                        . = ALIGN (0x8)

.ARM            0x0c005298        0x8
                0x0c005298                        . = ALIGN (0x8)
                0x0c005298                        __exidx_start = .
 *(.ARM.exidx*)
 .ARM.exidx     0x0c005298        0x8 C:/ST/STM32CubeIDE_1.10.1/STM32CubeIDE/plugins/com.st.stm32cube.ide.mcu.externaltools.gnu-tools-for-stm32.12.3.rel1.win32_1.0.100.202403111256/tools/bin/../lib/gcc/arm-none-eabi/12.3.1/../../../../arm-none-eabi/lib/thumb/v8-m.main+fp/hard\libc_nano.a(libc_a-strlen.o)
                0x0c0052a0                        __exidx_end = .
                0x0c0052a0                        . = ALIGN (0x8)

.preinit_array  0x0c0052a0        0x0
                0x0c0052a0                        . = ALIGN (0x8)
                0x0c0052a0                        PROVIDE (__preinit_array_start = .)
 *(.preinit_array*)
                0x0c0052a0                        PROVIDE (__preinit_array_end = .)
                0x0c0052a0                        . = ALIGN (0x8)

.init_array     0x0c0052a0        0x8
                0x0c0052a0                        . = ALIGN (0x8)
                0x0c0052a0                        PROVIDE (__init_array_start = .)
 *(SORT_BY_NAME(.init_array.*))
 *(.init_array*)
 .init_array    0x0c0052a0        0x4 C:/ST/STM32CubeIDE_1.10.1/STM32CubeIDE/plugins/com.st.stm32cube.ide.mcu.externaltools.gnu-tools-for-stm32.12.3.rel1.win32_1.0.100.202403111256/tools/bin/../lib/gcc/arm-none-eabi/12.3.1/thumb/v8-m.main+fp/hard/crtbegin.o
                0x0c0052a4                        PROVIDE (__init_array_end = .)
                0x0c0052a8                        . = ALIGN (0x8)
 *fill*         0x0c0052a4        0x4 

.fini_array     0x0c0052a8        0x8
                0x0c0052a8                        . = ALIGN (0x8)
                [!provide]                        PROVIDE (__fini_array_start = .)
 *(SORT_BY_NAME(.fini_array.*))
 *(.fini_array*)
 .fini_array    0x0c0052a8        0x4 C:/ST/STM32CubeIDE_1.10.1/STM32CubeIDE/plugins/com.st.stm32cube.ide.mcu.externaltools.gnu-tools-for-stm32.12.3.rel1.win32_1.0.100.202403111256/tools/bin/../lib/gcc/arm-none-eabi/12.3.1/thumb/v8-m.main+fp/hard/crtbegin.o
                [!provide]                        PROVIDE (__fini_array_end = .)
                0x0c0052b0                        . = ALIGN (0x8)
 *fill*         0x0c0052ac        0x4 
                0x0c0052b0                        _sidata = LOADADDR (.data)

.rel.dyn        0x0c0052b0        0x0
 .rel.iplt      0x0c0052b0        0x0 C:/ST/STM32CubeIDE_1.10.1/STM32CubeIDE/plugins/com.st.stm32cube.ide.mcu.externaltools.gnu-tools-for-stm32.12.3.rel1.win32_1.0.100.202403111256/tools/bin/../lib/gcc/arm-none-eabi/12.3.1/thumb/v8-m.main+fp/hard/crtbegin.o

.data           0x30000000       0x80 load address 0x0c0052b0
                0x30000000                        . = ALIGN (0x8)
                0x30000000                        _sdata = .
 *(.data)
 *(.data*)
 .data.real_memory
                0x30000000        0x4 ./Application/User/secure_nsc.o
                0x30000000                real_memory
 .data.LED_PIN  0x30000004        0x6 ./Drivers/BSP/STM32L5xx_Nucleo/stm32l5xx_nucleo.o
 *fill*         0x3000000a        0x2 
 .data.LED_PORT
                0x3000000c        0xc ./Drivers/BSP/STM32L5xx_Nucleo/stm32l5xx_nucleo.o
 .data.SystemCoreClock
                0x30000018        0x4 ./Drivers/CMSIS/system_stm32l5xx_s.o
                0x30000018                SystemCoreClock
 .data.uwTickPrio
                0x3000001c        0x4 ./Drivers/STM32L5xx_HAL_Driver/stm32l5xx_hal.o
                0x3000001c                uwTickPrio
 .data.uwTickFreq
                0x30000020        0x1 ./Drivers/STM32L5xx_HAL_Driver/stm32l5xx_hal.o
                0x30000020                uwTickFreq
 *fill*         0x30000021        0x3 
 .data.__sglue  0x30000024        0xc C:/ST/STM32CubeIDE_1.10.1/STM32CubeIDE/plugins/com.st.stm32cube.ide.mcu.externaltools.gnu-tools-for-stm32.12.3.rel1.win32_1.0.100.202403111256/tools/bin/../lib/gcc/arm-none-eabi/12.3.1/../../../../arm-none-eabi/lib/thumb/v8-m.main+fp/hard\libc_nano.a(libc_a-findfp.o)
                0x30000024                __sglue
 .data._impure_ptr
                0x30000030        0x4 C:/ST/STM32CubeIDE_1.10.1/STM32CubeIDE/plugins/com.st.stm32cube.ide.mcu.externaltools.gnu-tools-for-stm32.12.3.rel1.win32_1.0.100.202403111256/tools/bin/../lib/gcc/arm-none-eabi/12.3.1/../../../../arm-none-eabi/lib/thumb/v8-m.main+fp/hard\libc_nano.a(libc_a-impure.o)
                0x30000030                _impure_ptr
 .data._impure_data
                0x30000034       0x4c C:/ST/STM32CubeIDE_1.10.1/STM32CubeIDE/plugins/com.st.stm32cube.ide.mcu.externaltools.gnu-tools-for-stm32.12.3.rel1.win32_1.0.100.202403111256/tools/bin/../lib/gcc/arm-none-eabi/12.3.1/../../../../arm-none-eabi/lib/thumb/v8-m.main+fp/hard\libc_nano.a(libc_a-impure.o)
                0x30000034                _impure_data
                0x30000080                        . = ALIGN (0x8)
                0x30000080                        _edata = .

.igot.plt       0x30000080        0x0 load address 0x0c005330
 .igot.plt      0x30000080        0x0 C:/ST/STM32CubeIDE_1.10.1/STM32CubeIDE/plugins/com.st.stm32cube.ide.mcu.externaltools.gnu-tools-for-stm32.12.3.rel1.win32_1.0.100.202403111256/tools/bin/../lib/gcc/arm-none-eabi/12.3.1/thumb/v8-m.main+fp/hard/crtbegin.o

.gnu.sgstubs    0x0c03e000       0xa0
                0x0c03e000                        . = ALIGN (0x8)
 *(.gnu.sgstubs*)
                0x0c03e000                        . = ALIGN (0x8)
 .gnu.sgstubs.__stub
                0x0c03e000       0xa0 linker stubs
                0x0c03e000                SECURE_RegisterPrintCallback
                0x0c03e008                SecureInit_DePrioritizeNSExceptions
                0x0c03e010                SECURE_SystemCoreClockUpdate
                0x0c03e018                SecureContext_AllocateContext
                0x0c03e020                SECURE_SMARM
                0x0c03e028                SECURE_ShuffledHMAC
                0x0c03e030                SECURE_LEDToggle
                0x0c03e038                SECURE_ShuffledHMAC_secure
                0x0c03e040                SecureContext_Init
                0x0c03e048                SECURE_LinearHMAC
                0x0c03e050                SECURE_TEST
                0x0c03e058                SecureContext_LoadContext
                0x0c03e060                SECURE_RegisterCallback
                0x0c03e068                SECURE_Print
                0x0c03e070                SecureContext_SaveContext
                0x0c03e078                SECURE_FillTest
                0x0c03e080                SecureInit_EnableNSFPUAccess
                0x0c03e088                SecureContext_FreeContext
                0x0c03e090                SECURE_CopyMessage
                0x0c03e098                SECURE_ComputeHMAC
                0x0c03e0a0                        . = ALIGN (0x8)

.bss            0x30000080     0x3b88
                0x30000080                        _sbss = .
                0x30000080                        __bss_start__ = _sbss
 *(.bss)
 .bss           0x30000080       0x1c C:/ST/STM32CubeIDE_1.10.1/STM32CubeIDE/plugins/com.st.stm32cube.ide.mcu.externaltools.gnu-tools-for-stm32.12.3.rel1.win32_1.0.100.202403111256/tools/bin/../lib/gcc/arm-none-eabi/12.3.1/thumb/v8-m.main+fp/hard/crtbegin.o
 *(.bss*)
 .bss.pSecureFaultCallback
                0x3000009c        0x4 ./Application/User/secure_nsc.o
                0x3000009c                pSecureFaultCallback
 .bss.pSecureErrorCallback
                0x300000a0        0x4 ./Application/User/secure_nsc.o
                0x300000a0                pSecureErrorCallback
 .bss.ns_print_cb
                0x300000a4        0x4 ./Application/User/secure_nsc.o
 .bss.secure_hmac_ctx
                0x300000a8       0xe8 ./Application/User/secure_nsc.o
 .bss.secure_digest
                0x30000190       0x20 ./Application/User/secure_nsc.o
 .bss.hmac      0x300001b0       0xe8 ./Application/User/secure_nsc.o
 .bss.indices.1
                0x30000298      0x800 ./Application/User/secure_nsc.o
 .bss.indices.0
                0x30000a98      0x800 ./Application/User/secure_nsc.o
 .bss.__sbrk_heap_end
                0x30001298        0x4 ./Application/User/sysmem.o
 .bss.uwTick    0x3000129c        0x4 ./Drivers/STM32L5xx_HAL_Driver/stm32l5xx_hal.o
                0x3000129c                uwTick
 .bss.ucHeap    0x300012a0     0x2800 ./Middlewares/FreeRTOS/secure_heap.o
 .bss.xStart    0x30003aa0        0x8 ./Middlewares/FreeRTOS/secure_heap.o
 .bss.pxEnd     0x30003aa8        0x4 ./Middlewares/FreeRTOS/secure_heap.o
 .bss.xFreeBytesRemaining
                0x30003aac        0x4 ./Middlewares/FreeRTOS/secure_heap.o
 .bss.xMinimumEverFreeBytesRemaining
                0x30003ab0        0x4 ./Middlewares/FreeRTOS/secure_heap.o
 .bss.xBlockAllocatedBit
                0x30003ab4        0x4 ./Middlewares/FreeRTOS/secure_heap.o
 .bss.__malloc_sbrk_start
                0x30003ab8        0x4 C:/ST/STM32CubeIDE_1.10.1/STM32CubeIDE/plugins/com.st.stm32cube.ide.mcu.externaltools.gnu-tools-for-stm32.12.3.rel1.win32_1.0.100.202403111256/tools/bin/../lib/gcc/arm-none-eabi/12.3.1/../../../../arm-none-eabi/lib/thumb/v8-m.main+fp/hard\libc_nano.a(libc_a-mallocr.o)
                0x30003ab8                __malloc_sbrk_start
 .bss.__malloc_free_list
                0x30003abc        0x4 C:/ST/STM32CubeIDE_1.10.1/STM32CubeIDE/plugins/com.st.stm32cube.ide.mcu.externaltools.gnu-tools-for-stm32.12.3.rel1.win32_1.0.100.202403111256/tools/bin/../lib/gcc/arm-none-eabi/12.3.1/../../../../arm-none-eabi/lib/thumb/v8-m.main+fp/hard\libc_nano.a(libc_a-mallocr.o)
                0x30003abc                __malloc_free_list
 .bss.__sf      0x30003ac0      0x138 C:/ST/STM32CubeIDE_1.10.1/STM32CubeIDE/plugins/com.st.stm32cube.ide.mcu.externaltools.gnu-tools-for-stm32.12.3.rel1.win32_1.0.100.202403111256/tools/bin/../lib/gcc/arm-none-eabi/12.3.1/../../../../arm-none-eabi/lib/thumb/v8-m.main+fp/hard\libc_nano.a(libc_a-findfp.o)
                0x30003ac0                __sf
 .bss.__stdio_exit_handler
                0x30003bf8        0x4 C:/ST/STM32CubeIDE_1.10.1/STM32CubeIDE/plugins/com.st.stm32cube.ide.mcu.externaltools.gnu-tools-for-stm32.12.3.rel1.win32_1.0.100.202403111256/tools/bin/../lib/gcc/arm-none-eabi/12.3.1/../../../../arm-none-eabi/lib/thumb/v8-m.main+fp/hard\libc_nano.a(libc_a-findfp.o)
                0x30003bf8                __stdio_exit_handler
 .bss.errno     0x30003bfc        0x4 C:/ST/STM32CubeIDE_1.10.1/STM32CubeIDE/plugins/com.st.stm32cube.ide.mcu.externaltools.gnu-tools-for-stm32.12.3.rel1.win32_1.0.100.202403111256/tools/bin/../lib/gcc/arm-none-eabi/12.3.1/../../../../arm-none-eabi/lib/thumb/v8-m.main+fp/hard\libc_nano.a(libc_a-reent.o)
                0x30003bfc                errno
 .bss.__lock___malloc_recursive_mutex
                0x30003c00        0x1 C:/ST/STM32CubeIDE_1.10.1/STM32CubeIDE/plugins/com.st.stm32cube.ide.mcu.externaltools.gnu-tools-for-stm32.12.3.rel1.win32_1.0.100.202403111256/tools/bin/../lib/gcc/arm-none-eabi/12.3.1/../../../../arm-none-eabi/lib/thumb/v8-m.main+fp/hard\libc_nano.a(libc_a-lock.o)
                0x30003c00                __lock___malloc_recursive_mutex
 .bss.__lock___sfp_recursive_mutex
                0x30003c01        0x1 C:/ST/STM32CubeIDE_1.10.1/STM32CubeIDE/plugins/com.st.stm32cube.ide.mcu.externaltools.gnu-tools-for-stm32.12.3.rel1.win32_1.0.100.202403111256/tools/bin/../lib/gcc/arm-none-eabi/12.3.1/../../../../arm-none-eabi/lib/thumb/v8-m.main+fp/hard\libc_nano.a(libc_a-lock.o)
                0x30003c01                __lock___sfp_recursive_mutex
 *(COMMON)
                0x30003c08                        . = ALIGN (0x8)
 *fill*         0x30003c02        0x6 
                0x30003c08                        _ebss = .
                0x30003c08                        __bss_end__ = _ebss

._user_heap_stack
                0x30003c08      0x600
                0x30003c08                        . = ALIGN (0x8)
                [!provide]                        PROVIDE (end = .)
                0x30003c08                        PROVIDE (_end = .)
                0x30003e08                        . = (. + _Min_Heap_Size)
 *fill*         0x30003c08      0x200 
                0x30004208                        . = (. + _Min_Stack_Size)
 *fill*         0x30003e08      0x400 
                0x30004208                        . = ALIGN (0x8)

/DISCARD/
 libc.a(*)
 libm.a(*)
 libgcc.a(*)

.ARM.attributes
                0x00000000       0x36
 *(.ARM.attributes)
 .ARM.attributes
                0x00000000       0x26 C:/ST/STM32CubeIDE_1.10.1/STM32CubeIDE/plugins/com.st.stm32cube.ide.mcu.externaltools.gnu-tools-for-stm32.12.3.rel1.win32_1.0.100.202403111256/tools/bin/../lib/gcc/arm-none-eabi/12.3.1/thumb/v8-m.main+fp/hard/crti.o
 .ARM.attributes
                0x00000026       0x38 C:/ST/STM32CubeIDE_1.10.1/STM32CubeIDE/plugins/com.st.stm32cube.ide.mcu.externaltools.gnu-tools-for-stm32.12.3.rel1.win32_1.0.100.202403111256/tools/bin/../lib/gcc/arm-none-eabi/12.3.1/thumb/v8-m.main+fp/hard/crtbegin.o
 .ARM.attributes
                0x0000005e       0x24 ./Application/Startup/startup_stm32l552zetxq.o
 .ARM.attributes
                0x00000082       0x3a ./Application/User/main.o
 .ARM.attributes
                0x000000bc       0x3a ./Application/User/secure_nsc.o
 .ARM.attributes
                0x000000f6       0x3a ./Application/User/stm32l5xx_hal_msp.o
 .ARM.attributes
                0x00000130       0x3a ./Application/User/stm32l5xx_it.o
 .ARM.attributes
                0x0000016a       0x3a ./Drivers/BSP/STM32L5xx_Nucleo/stm32l5xx_nucleo.o
 .ARM.attributes
                0x000001a4       0x3a ./Drivers/CMSIS/system_stm32l5xx_s.o
 .ARM.attributes
                0x000001de       0x3a ./Drivers/STM32L5xx_HAL_Driver/stm32l5xx_hal.o
 .ARM.attributes
                0x00000218       0x3a ./Drivers/STM32L5xx_HAL_Driver/stm32l5xx_hal_cortex.o
 .ARM.attributes
                0x00000252       0x3a ./Drivers/STM32L5xx_HAL_Driver/stm32l5xx_hal_gpio.o
 .ARM.attributes
                0x0000028c       0x3a ./Drivers/STM32L5xx_HAL_Driver/stm32l5xx_hal_gtzc.o
 .ARM.attributes
                0x000002c6       0x3a ./Drivers/STM32L5xx_HAL_Driver/stm32l5xx_hal_icache.o
 .ARM.attributes
                0x00000300       0x3a ./Drivers/STM32L5xx_HAL_Driver/stm32l5xx_hal_pwr_ex.o
 .ARM.attributes
                0x0000033a       0x38 C:/ST/STM32CubeIDE_1.10.1/STM32CubeIDE/plugins/com.st.stm32cube.ide.mcu.externaltools.gnu-tools-for-stm32.12.3.rel1.win32_1.0.100.202403111256/tools/bin/../lib/gcc/arm-none-eabi/12.3.1/../../../../arm-none-eabi/lib/thumb/v8-m.main+fp/hard\libc_nano.a(libc_a-memset.o)
 .ARM.attributes
                0x00000372       0x38 C:/ST/STM32CubeIDE_1.10.1/STM32CubeIDE/plugins/com.st.stm32cube.ide.mcu.externaltools.gnu-tools-for-stm32.12.3.rel1.win32_1.0.100.202403111256/tools/bin/../lib/gcc/arm-none-eabi/12.3.1/../../../../arm-none-eabi/lib/thumb/v8-m.main+fp/hard\libc_nano.a(libc_a-init.o)
 .ARM.attributes
                0x000003aa       0x24 C:/ST/STM32CubeIDE_1.10.1/STM32CubeIDE/plugins/com.st.stm32cube.ide.mcu.externaltools.gnu-tools-for-stm32.12.3.rel1.win32_1.0.100.202403111256/tools/bin/../lib/gcc/arm-none-eabi/12.3.1/thumb/v8-m.main+fp/hard\libgcc.a(cmse_nonsecure_call.o)
 .ARM.attributes
                0x000003ce       0x26 C:/ST/STM32CubeIDE_1.10.1/STM32CubeIDE/plugins/com.st.stm32cube.ide.mcu.externaltools.gnu-tools-for-stm32.12.3.rel1.win32_1.0.100.202403111256/tools/bin/../lib/gcc/arm-none-eabi/12.3.1/thumb/v8-m.main+fp/hard/crtn.o
OUTPUT(FreeRTOS_SecureIOToggle_TrustZone_Secure.elf elf32-littlearm)
LOAD linker stubs
LOAD C:/ST/STM32CubeIDE_1.10.1/STM32CubeIDE/plugins/com.st.stm32cube.ide.mcu.externaltools.gnu-tools-for-stm32.12.3.rel1.win32_1.0.100.202403111256/tools/bin/../lib/gcc/arm-none-eabi/12.3.1/../../../../arm-none-eabi/lib/thumb/v8-m.main+fp/hard\libc.a
LOAD C:/ST/STM32CubeIDE_1.10.1/STM32CubeIDE/plugins/com.st.stm32cube.ide.mcu.externaltools.gnu-tools-for-stm32.12.3.rel1.win32_1.0.100.202403111256/tools/bin/../lib/gcc/arm-none-eabi/12.3.1/../../../../arm-none-eabi/lib/thumb/v8-m.main+fp/hard\libm.a
LOAD C:/ST/STM32CubeIDE_1.10.1/STM32CubeIDE/plugins/com.st.stm32cube.ide.mcu.externaltools.gnu-tools-for-stm32.12.3.rel1.win32_1.0.100.202403111256/tools/bin/../lib/gcc/arm-none-eabi/12.3.1/thumb/v8-m.main+fp/hard\libgcc.a

.debug_line     0x00000000     0xb1b5
 .debug_line    0x00000000       0x77 ./Application/Startup/startup_stm32l552zetxq.o
 .debug_line    0x00000077      0xb24 ./Application/User/main.o
 .debug_line    0x00000b9b     0x131d ./Application/User/secure_nsc.o
 .debug_line    0x00001eb8      0x8d5 ./Application/User/stm32l5xx_hal_msp.o
 .debug_line    0x0000278d      0x9ef ./Application/User/stm32l5xx_it.o
 .debug_line    0x0000317c      0xc2c ./Drivers/BSP/STM32L5xx_Nucleo/stm32l5xx_nucleo.o
 .debug_line    0x00003da8      0x9b1 ./Drivers/CMSIS/system_stm32l5xx_s.o
 .debug_line    0x00004759      0xcda ./Drivers/STM32L5xx_HAL_Driver/stm32l5xx_hal.o
 .debug_line    0x00005433      0xfb6 ./Drivers/STM32L5xx_HAL_Driver/stm32l5xx_hal_cortex.o
 .debug_line    0x000063e9      0xd24 ./Drivers/STM32L5xx_HAL_Driver/stm32l5xx_hal_gpio.o
 .debug_line    0x0000710d     0x1404 ./Drivers/STM32L5xx_HAL_Driver/stm32l5xx_hal_gtzc.o
 .debug_line    0x00008511      0xb42 ./Drivers/STM32L5xx_HAL_Driver/stm32l5xx_hal_icache.o
 .debug_line    0x00009053     0x101b ./Drivers/STM32L5xx_HAL_Driver/stm32l5xx_hal_pwr_ex.o
 .debug_line    0x0000a06e      0x6fe ./Middlewares/FreeRTOS/secure_context.o
 .debug_line    0x0000a76c      0x52c ./Middlewares/FreeRTOS/secure_context_port.o
 .debug_line    0x0000ac98      0x51d ./Middlewares/FreeRTOS/secure_init.o

.debug_line_str
                0x00000000       0xae
 .debug_line_str
                0x00000000       0xae ./Application/Startup/startup_stm32l552zetxq.o

.debug_info     0x00000000     0x8d29
 .debug_info    0x00000000       0x30 ./Application/Startup/startup_stm32l552zetxq.o
 .debug_info    0x00000030      0xb2c ./Application/User/main.o
 .debug_info    0x00000b5c      0xe5b ./Application/User/secure_nsc.o
 .debug_info    0x000019b7      0x694 ./Application/User/stm32l5xx_hal_msp.o
 .debug_info    0x0000204b      0x191 ./Application/User/stm32l5xx_it.o
 .debug_info    0x000021dc     0x19cf ./Drivers/BSP/STM32L5xx_Nucleo/stm32l5xx_nucleo.o
 .debug_info    0x00003bab      0xa31 ./Drivers/CMSIS/system_stm32l5xx_s.o
 .debug_info    0x000045dc      0xd6d ./Drivers/STM32L5xx_HAL_Driver/stm32l5xx_hal.o
 .debug_info    0x00005349     0x1240 ./Drivers/STM32L5xx_HAL_Driver/stm32l5xx_hal_cortex.o
 .debug_info    0x00006589      0x674 ./Drivers/STM32L5xx_HAL_Driver/stm32l5xx_hal_gpio.o
 .debug_info    0x00006bfd      0xb8c ./Drivers/STM32L5xx_HAL_Driver/stm32l5xx_hal_gtzc.o
 .debug_info    0x00007789      0x4c1 ./Drivers/STM32L5xx_HAL_Driver/stm32l5xx_hal_icache.o
 .debug_info    0x00007c4a      0xd73 ./Drivers/STM32L5xx_HAL_Driver/stm32l5xx_hal_pwr_ex.o
 .debug_info    0x000089bd      0x1d1 ./Middlewares/FreeRTOS/secure_context.o
 .debug_info    0x00008b8e       0xce ./Middlewares/FreeRTOS/secure_context_port.o
 .debug_info    0x00008c5c       0xcd ./Middlewares/FreeRTOS/secure_init.o

.debug_abbrev   0x00000000     0x1d3f
 .debug_abbrev  0x00000000       0x24 ./Application/Startup/startup_stm32l552zetxq.o
 .debug_abbrev  0x00000024      0x289 ./Application/User/main.o
 .debug_abbrev  0x000002ad      0x351 ./Application/User/secure_nsc.o
 .debug_abbrev  0x000005fe      0x13f ./Application/User/stm32l5xx_hal_msp.o
 .debug_abbrev  0x0000073d       0xd8 ./Application/User/stm32l5xx_it.o
 .debug_abbrev  0x00000815      0x31f ./Drivers/BSP/STM32L5xx_Nucleo/stm32l5xx_nucleo.o
 .debug_abbrev  0x00000b34      0x187 ./Drivers/CMSIS/system_stm32l5xx_s.o
 .debug_abbrev  0x00000cbb      0x2e0 ./Drivers/STM32L5xx_HAL_Driver/stm32l5xx_hal.o
 .debug_abbrev  0x00000f9b      0x32c ./Drivers/STM32L5xx_HAL_Driver/stm32l5xx_hal_cortex.o
 .debug_abbrev  0x000012c7      0x1c2 ./Drivers/STM32L5xx_HAL_Driver/stm32l5xx_hal_gpio.o
 .debug_abbrev  0x00001489      0x1d5 ./Drivers/STM32L5xx_HAL_Driver/stm32l5xx_hal_gtzc.o
 .debug_abbrev  0x0000165e      0x228 ./Drivers/STM32L5xx_HAL_Driver/stm32l5xx_hal_icache.o
 .debug_abbrev  0x00001886      0x28c ./Drivers/STM32L5xx_HAL_Driver/stm32l5xx_hal_pwr_ex.o
 .debug_abbrev  0x00001b12      0x118 ./Middlewares/FreeRTOS/secure_context.o
 .debug_abbrev  0x00001c2a       0x93 ./Middlewares/FreeRTOS/secure_context_port.o
 .debug_abbrev  0x00001cbd       0x82 ./Middlewares/FreeRTOS/secure_init.o

.debug_aranges  0x00000000      0x960
 .debug_aranges
                0x00000000       0x28 ./Application/Startup/startup_stm32l552zetxq.o
 .debug_aranges
                0x00000028       0x48 ./Application/User/main.o
 .debug_aranges
                0x00000070       0xb0 ./Application/User/secure_nsc.o
 .debug_aranges
                0x00000120       0x20 ./Application/User/stm32l5xx_hal_msp.o
 .debug_aranges
                0x00000140       0x70 ./Application/User/stm32l5xx_it.o
 .debug_aranges
                0x000001b0       0xc0 ./Drivers/BSP/STM32L5xx_Nucleo/stm32l5xx_nucleo.o
 .debug_aranges
                0x00000270       0x38 ./Drivers/CMSIS/system_stm32l5xx_s.o
 .debug_aranges
                0x000002a8      0x140 ./Drivers/STM32L5xx_HAL_Driver/stm32l5xx_hal.o
 .debug_aranges
                0x000003e8      0x170 ./Drivers/STM32L5xx_HAL_Driver/stm32l5xx_hal_cortex.o
 .debug_aranges
                0x00000558       0x70 ./Drivers/STM32L5xx_HAL_Driver/stm32l5xx_hal_gpio.o
 .debug_aranges
                0x000005c8       0xb8 ./Drivers/STM32L5xx_HAL_Driver/stm32l5xx_hal_gtzc.o
 .debug_aranges
                0x00000680       0xa8 ./Drivers/STM32L5xx_HAL_Driver/stm32l5xx_hal_icache.o
 .debug_aranges
                0x00000728      0x1b8 ./Drivers/STM32L5xx_HAL_Driver/stm32l5xx_hal_pwr_ex.o
 .debug_aranges
                0x000008e0       0x30 ./Middlewares/FreeRTOS/secure_context.o
 .debug_aranges
                0x00000910       0x28 ./Middlewares/FreeRTOS/secure_context_port.o
 .debug_aranges
                0x00000938       0x28 ./Middlewares/FreeRTOS/secure_init.o

.debug_str      0x00000000   0x10ee48
 .debug_str     0x00000000       0xca ./Application/Startup/startup_stm32l552zetxq.o
 .debug_str     0x000000ca   0x106e56 ./Application/User/main.o
                             0x1071e4 (size before relaxing)
 .debug_str     0x00106f20     0x310f ./Application/User/secure_nsc.o
                             0x109dac (size before relaxing)
 .debug_str     0x0010a02f      0x6a8 ./Application/User/stm32l5xx_hal_msp.o
                             0x103d68 (size before relaxing)
 .debug_str     0x0010a6d7      0x160 ./Application/User/stm32l5xx_it.o
                             0x103666 (size before relaxing)
 .debug_str     0x0010a837      0xb00 ./Drivers/BSP/STM32L5xx_Nucleo/stm32l5xx_nucleo.o
                             0x1048e0 (size before relaxing)
 .debug_str     0x0010b337      0x751 ./Drivers/CMSIS/system_stm32l5xx_s.o
                             0x10361d (size before relaxing)
 .debug_str     0x0010ba88      0x62f ./Drivers/STM32L5xx_HAL_Driver/stm32l5xx_hal.o
                             0x103b47 (size before relaxing)
 .debug_str     0x0010c0b7      0x47b ./Drivers/STM32L5xx_HAL_Driver/stm32l5xx_hal_cortex.o
                             0x1039c4 (size before relaxing)
 .debug_str     0x0010c532      0x201 ./Drivers/STM32L5xx_HAL_Driver/stm32l5xx_hal_gpio.o
                             0x102f61 (size before relaxing)
 .debug_str     0x0010c733      0x998 ./Drivers/STM32L5xx_HAL_Driver/stm32l5xx_hal_gtzc.o
                             0x1036e3 (size before relaxing)
 .debug_str     0x0010d0cb      0x6ca ./Drivers/STM32L5xx_HAL_Driver/stm32l5xx_hal_icache.o
                             0x10335a (size before relaxing)
 .debug_str     0x0010d795      0x78e ./Drivers/STM32L5xx_HAL_Driver/stm32l5xx_hal_pwr_ex.o
                             0x1036e3 (size before relaxing)
 .debug_str     0x0010df23      0xa18 ./Middlewares/FreeRTOS/secure_context.o
                               0x832f (size before relaxing)
 .debug_str     0x0010e93b       0xf3 ./Middlewares/FreeRTOS/secure_context_port.o
                               0x4cdd (size before relaxing)
 .debug_str     0x0010ea2e      0x41a ./Middlewares/FreeRTOS/secure_init.o
                               0x47e9 (size before relaxing)

.debug_rnglists
                0x00000000      0x6f4
 .debug_rnglists
                0x00000000       0x19 ./Application/Startup/startup_stm32l552zetxq.o
 .debug_rnglists
                0x00000019       0x34 ./Application/User/main.o
 .debug_rnglists
                0x0000004d       0x8d ./Application/User/secure_nsc.o
 .debug_rnglists
                0x000000da       0x13 ./Application/User/stm32l5xx_hal_msp.o
 .debug_rnglists
                0x000000ed       0x50 ./Application/User/stm32l5xx_it.o
 .debug_rnglists
                0x0000013d       0x90 ./Drivers/BSP/STM32L5xx_Nucleo/stm32l5xx_nucleo.o
 .debug_rnglists
                0x000001cd       0x28 ./Drivers/CMSIS/system_stm32l5xx_s.o
 .debug_rnglists
                0x000001f5       0xeb ./Drivers/STM32L5xx_HAL_Driver/stm32l5xx_hal.o
 .debug_rnglists
                0x000002e0      0x10f ./Drivers/STM32L5xx_HAL_Driver/stm32l5xx_hal_cortex.o
 .debug_rnglists
                0x000003ef       0x51 ./Drivers/STM32L5xx_HAL_Driver/stm32l5xx_hal_gpio.o
 .debug_rnglists
                0x00000440       0x94 ./Drivers/STM32L5xx_HAL_Driver/stm32l5xx_hal_gtzc.o
 .debug_rnglists
                0x000004d4       0x7a ./Drivers/STM32L5xx_HAL_Driver/stm32l5xx_hal_icache.o
 .debug_rnglists
                0x0000054e      0x14e ./Drivers/STM32L5xx_HAL_Driver/stm32l5xx_hal_pwr_ex.o
 .debug_rnglists
                0x0000069c       0x22 ./Middlewares/FreeRTOS/secure_context.o
 .debug_rnglists
                0x000006be       0x1b ./Middlewares/FreeRTOS/secure_context_port.o
 .debug_rnglists
                0x000006d9       0x1b ./Middlewares/FreeRTOS/secure_init.o

.debug_macro    0x00000000    0x282c5
 .debug_macro   0x00000000      0x315 ./Application/User/main.o
 .debug_macro   0x00000315       0x16 ./Application/User/main.o
 .debug_macro   0x0000032b      0x19c ./Application/User/main.o
 .debug_macro   0x000004c7       0x63 ./Application/User/main.o
 .debug_macro   0x0000052a       0x2e ./Application/User/main.o
 .debug_macro   0x00000558       0x42 ./Application/User/main.o
 .debug_macro   0x0000059a       0x8e ./Application/User/main.o
 .debug_macro   0x00000628       0x51 ./Application/User/main.o
 .debug_macro   0x00000679       0x1c ./Application/User/main.o
 .debug_macro   0x00000695       0x29 ./Application/User/main.o
 .debug_macro   0x000006be       0xfb ./Application/User/main.o
 .debug_macro   0x000007b9     0x1486 ./Application/User/main.o
 .debug_macro   0x00001c3f       0x5e ./Application/User/main.o
 .debug_macro   0x00001c9d    0x1aca2 ./Application/User/main.o
 .debug_macro   0x0001c93f       0x6c ./Application/User/main.o
 .debug_macro   0x0001c9ab     0x353c ./Application/User/main.o
 .debug_macro   0x0001fee7       0x5d ./Application/User/main.o
 .debug_macro   0x0001ff44     0x1995 ./Application/User/main.o
 .debug_macro   0x000218d9      0xa52 ./Application/User/main.o
 .debug_macro   0x0002232b      0x1e4 ./Application/User/main.o
 .debug_macro   0x0002250f      0x1d8 ./Application/User/main.o
 .debug_macro   0x000226e7      0x50b ./Application/User/main.o
 .debug_macro   0x00022bf2      0x1ab ./Application/User/main.o
 .debug_macro   0x00022d9d       0x4a ./Application/User/main.o
 .debug_macro   0x00022de7      0x1b9 ./Application/User/main.o
 .debug_macro   0x00022fa0      0x23e ./Application/User/main.o
 .debug_macro   0x000231de      0x432 ./Application/User/main.o
 .debug_macro   0x00023610       0x4f ./Application/User/main.o
 .debug_macro   0x0002365f      0x131 ./Application/User/main.o
 .debug_macro   0x00023790      0x325 ./Application/User/main.o
 .debug_macro   0x00023ab5      0x22c ./Application/User/main.o
 .debug_macro   0x00023ce1       0x5b ./Application/User/main.o
 .debug_macro   0x00023d3c       0xa5 ./Application/User/main.o
 .debug_macro   0x00023de1       0xc9 ./Application/User/main.o
 .debug_macro   0x00023eaa      0x1a7 ./Application/User/main.o
 .debug_macro   0x00024051      0x487 ./Application/User/main.o
 .debug_macro   0x000244d8      0xabb ./Application/User/main.o
 .debug_macro   0x00024f93      0x184 ./Application/User/main.o
 .debug_macro   0x00025117      0x693 ./Application/User/main.o
 .debug_macro   0x000257aa       0xa6 ./Application/User/main.o
 .debug_macro   0x00025850      0x445 ./Application/User/main.o
 .debug_macro   0x00025c95       0x22 ./Application/User/main.o
 .debug_macro   0x00025cb7       0x52 ./Application/User/main.o
 .debug_macro   0x00025d09      0x14c ./Application/User/main.o
 .debug_macro   0x00025e55       0x61 ./Application/User/main.o
 .debug_macro   0x00025eb6       0x16 ./Application/User/main.o
 .debug_macro   0x00025ecc      0x4c2 ./Application/User/secure_nsc.o
 .debug_macro   0x0002638e       0x70 ./Application/User/secure_nsc.o
 .debug_macro   0x000263fe      0x11f ./Application/User/secure_nsc.o
 .debug_macro   0x0002651d      0x237 ./Application/User/stm32l5xx_hal_msp.o
 .debug_macro   0x00026754      0x241 ./Application/User/stm32l5xx_it.o
 .debug_macro   0x00026995      0x234 ./Drivers/BSP/STM32L5xx_Nucleo/stm32l5xx_nucleo.o
 .debug_macro   0x00026bc9       0x1c ./Drivers/BSP/STM32L5xx_Nucleo/stm32l5xx_nucleo.o
 .debug_macro   0x00026be5      0x226 ./Drivers/CMSIS/system_stm32l5xx_s.o
 .debug_macro   0x00026e0b      0x17d ./Drivers/CMSIS/system_stm32l5xx_s.o
 .debug_macro   0x00026f88      0x23d ./Drivers/STM32L5xx_HAL_Driver/stm32l5xx_hal.o
 .debug_macro   0x000271c5      0x20d ./Drivers/STM32L5xx_HAL_Driver/stm32l5xx_hal_cortex.o
 .debug_macro   0x000273d2      0x213 ./Drivers/STM32L5xx_HAL_Driver/stm32l5xx_hal_gpio.o
 .debug_macro   0x000275e5      0x27f ./Drivers/STM32L5xx_HAL_Driver/stm32l5xx_hal_gtzc.o
 .debug_macro   0x00027864      0x23f ./Drivers/STM32L5xx_HAL_Driver/stm32l5xx_hal_icache.o
 .debug_macro   0x00027aa3      0x23d ./Drivers/STM32L5xx_HAL_Driver/stm32l5xx_hal_pwr_ex.o
 .debug_macro   0x00027ce0      0x16c ./Middlewares/FreeRTOS/secure_context.o
 .debug_macro   0x00027e4c      0x174 ./Middlewares/FreeRTOS/secure_context.o
 .debug_macro   0x00027fc0      0x11c ./Middlewares/FreeRTOS/secure_context.o
 .debug_macro   0x000280dc       0x94 ./Middlewares/FreeRTOS/secure_context.o
 .debug_macro   0x00028170       0x85 ./Middlewares/FreeRTOS/secure_context_port.o
 .debug_macro   0x000281f5       0xd0 ./Middlewares/FreeRTOS/secure_init.o

.comment        0x00000000       0x43
 .comment       0x00000000       0x43 ./Application/User/main.o
                                 0x44 (size before relaxing)
 .comment       0x00000043       0x44 ./Application/User/secure_nsc.o
 .comment       0x00000043       0x44 ./Application/User/stm32l5xx_hal_msp.o
 .comment       0x00000043       0x44 ./Application/User/stm32l5xx_it.o
 .comment       0x00000043       0x44 ./Drivers/BSP/STM32L5xx_Nucleo/stm32l5xx_nucleo.o
 .comment       0x00000043       0x44 ./Drivers/CMSIS/system_stm32l5xx_s.o
 .comment       0x00000043       0x44 ./Drivers/STM32L5xx_HAL_Driver/stm32l5xx_hal.o
 .comment       0x00000043       0x44 ./Drivers/STM32L5xx_HAL_Driver/stm32l5xx_hal_cortex.o
 .comment       0x00000043       0x44 ./Drivers/STM32L5xx_HAL_Driver/stm32l5xx_hal_gpio.o
 .comment       0x00000043       0x44 ./Drivers/STM32L5xx_HAL_Driver/stm32l5xx_hal_gtzc.o
 .comment       0x00000043       0x44 ./Drivers/STM32L5xx_HAL_Driver/stm32l5xx_hal_icache.o
 .comment       0x00000043       0x44 ./Drivers/STM32L5xx_HAL_Driver/stm32l5xx_hal_pwr_ex.o

.debug_frame    0x00000000     0x2464
 .debug_frame   0x00000000       0xd4 ./Application/User/main.o
 .debug_frame   0x000000d4      0x330 ./Application/User/secure_nsc.o
 .debug_frame   0x00000404       0x34 ./Application/User/stm32l5xx_hal_msp.o
 .debug_frame   0x00000438      0x15c ./Application/User/stm32l5xx_it.o
 .debug_frame   0x00000594      0x2f4 ./Drivers/BSP/STM32L5xx_Nucleo/stm32l5xx_nucleo.o
 .debug_frame   0x00000888       0x98 ./Drivers/CMSIS/system_stm32l5xx_s.o
 .debug_frame   0x00000920      0x4f4 ./Drivers/STM32L5xx_HAL_Driver/stm32l5xx_hal.o
 .debug_frame   0x00000e14      0x638 ./Drivers/STM32L5xx_HAL_Driver/stm32l5xx_hal_cortex.o
 .debug_frame   0x0000144c      0x1c4 ./Drivers/STM32L5xx_HAL_Driver/stm32l5xx_hal_gpio.o
 .debug_frame   0x00001610      0x32c ./Drivers/STM32L5xx_HAL_Driver/stm32l5xx_hal_gtzc.o
 .debug_frame   0x0000193c      0x298 ./Drivers/STM32L5xx_HAL_Driver/stm32l5xx_hal_icache.o
 .debug_frame   0x00001bd4      0x6fc ./Drivers/STM32L5xx_HAL_Driver/stm32l5xx_hal_pwr_ex.o
 .debug_frame   0x000022d0       0x88 ./Middlewares/FreeRTOS/secure_context.o
 .debug_frame   0x00002358       0x60 ./Middlewares/FreeRTOS/secure_context_port.o
 .debug_frame   0x000023b8       0x60 ./Middlewares/FreeRTOS/secure_init.o
 .debug_frame   0x00002418       0x20 C:/ST/STM32CubeIDE_1.10.1/STM32CubeIDE/plugins/com.st.stm32cube.ide.mcu.externaltools.gnu-tools-for-stm32.12.3.rel1.win32_1.0.100.202403111256/tools/bin/../lib/gcc/arm-none-eabi/12.3.1/../../../../arm-none-eabi/lib/thumb/v8-m.main+fp/hard\libc_nano.a(libc_a-memset.o)
 .debug_frame   0x00002438       0x2c C:/ST/STM32CubeIDE_1.10.1/STM32CubeIDE/plugins/com.st.stm32cube.ide.mcu.externaltools.gnu-tools-for-stm32.12.3.rel1.win32_1.0.100.202403111256/tools/bin/../lib/gcc/arm-none-eabi/12.3.1/../../../../arm-none-eabi/lib/thumb/v8-m.main+fp/hard\libc_nano.a(libc_a-init.o)
