Archive member included to satisfy reference by file (symbol)

C:/ST/STM32CubeIDE_1.10.1/STM32CubeIDE/plugins/com.st.stm32cube.ide.mcu.externaltools.gnu-tools-for-stm32.12.3.rel1.win32_1.0.100.202403111256/tools/bin/../lib/gcc/arm-none-eabi/12.3.1/../../../../arm-none-eabi/lib/thumb/v8-m.main+fp/hard\libc_nano.a(libc_a-exit.o)
                              C:/ST/STM32CubeIDE_1.10.1/STM32CubeIDE/plugins/com.st.stm32cube.ide.mcu.externaltools.gnu-tools-for-stm32.12.3.rel1.win32_1.0.100.202403111256/tools/bin/../lib/gcc/arm-none-eabi/12.3.1/../../../../arm-none-eabi/lib/thumb/v8-m.main+fp/hard/crt0.o (exit)
C:/ST/STM32CubeIDE_1.10.1/STM32CubeIDE/plugins/com.st.stm32cube.ide.mcu.externaltools.gnu-tools-for-stm32.12.3.rel1.win32_1.0.100.202403111256/tools/bin/../lib/gcc/arm-none-eabi/12.3.1/../../../../arm-none-eabi/lib/thumb/v8-m.main+fp/hard\libc_nano.a(libc_a-findfp.o)
                              C:/ST/STM32CubeIDE_1.10.1/STM32CubeIDE/plugins/com.st.stm32cube.ide.mcu.externaltools.gnu-tools-for-stm32.12.3.rel1.win32_1.0.100.202403111256/tools/bin/../lib/gcc/arm-none-eabi/12.3.1/../../../../arm-none-eabi/lib/thumb/v8-m.main+fp/hard\libc_nano.a(libc_a-exit.o) (__stdio_exit_handler)
C:/ST/STM32CubeIDE_1.10.1/STM32CubeIDE/plugins/com.st.stm32cube.ide.mcu.externaltools.gnu-tools-for-stm32.12.3.rel1.win32_1.0.100.202403111256/tools/bin/../lib/gcc/arm-none-eabi/12.3.1/../../../../arm-none-eabi/lib/thumb/v8-m.main+fp/hard\libc_nano.a(libc_a-fwalk.o)
                              C:/ST/STM32CubeIDE_1.10.1/STM32CubeIDE/plugins/com.st.stm32cube.ide.mcu.externaltools.gnu-tools-for-stm32.12.3.rel1.win32_1.0.100.202403111256/tools/bin/../lib/gcc/arm-none-eabi/12.3.1/../../../../arm-none-eabi/lib/thumb/v8-m.main+fp/hard\libc_nano.a(libc_a-findfp.o) (_fwalk_sglue)
C:/ST/STM32CubeIDE_1.10.1/STM32CubeIDE/plugins/com.st.stm32cube.ide.mcu.externaltools.gnu-tools-for-stm32.12.3.rel1.win32_1.0.100.202403111256/tools/bin/../lib/gcc/arm-none-eabi/12.3.1/../../../../arm-none-eabi/lib/thumb/v8-m.main+fp/hard\libc_nano.a(libc_a-printf.o)
                              ./Application/User/main.o (printf)
C:/ST/STM32CubeIDE_1.10.1/STM32CubeIDE/plugins/com.st.stm32cube.ide.mcu.externaltools.gnu-tools-for-stm32.12.3.rel1.win32_1.0.100.202403111256/tools/bin/../lib/gcc/arm-none-eabi/12.3.1/../../../../arm-none-eabi/lib/thumb/v8-m.main+fp/hard\libc_nano.a(libc_a-stdio.o)
                              C:/ST/STM32CubeIDE_1.10.1/STM32CubeIDE/plugins/com.st.stm32cube.ide.mcu.externaltools.gnu-tools-for-stm32.12.3.rel1.win32_1.0.100.202403111256/tools/bin/../lib/gcc/arm-none-eabi/12.3.1/../../../../arm-none-eabi/lib/thumb/v8-m.main+fp/hard\libc_nano.a(libc_a-findfp.o) (__sread)
C:/ST/STM32CubeIDE_1.10.1/STM32CubeIDE/plugins/com.st.stm32cube.ide.mcu.externaltools.gnu-tools-for-stm32.12.3.rel1.win32_1.0.100.202403111256/tools/bin/../lib/gcc/arm-none-eabi/12.3.1/../../../../arm-none-eabi/lib/thumb/v8-m.main+fp/hard\libc_nano.a(libc_a-memset.o)
                              C:/ST/STM32CubeIDE_1.10.1/STM32CubeIDE/plugins/com.st.stm32cube.ide.mcu.externaltools.gnu-tools-for-stm32.12.3.rel1.win32_1.0.100.202403111256/tools/bin/../lib/gcc/arm-none-eabi/12.3.1/../../../../arm-none-eabi/lib/thumb/v8-m.main+fp/hard/crt0.o (memset)
C:/ST/STM32CubeIDE_1.10.1/STM32CubeIDE/plugins/com.st.stm32cube.ide.mcu.externaltools.gnu-tools-for-stm32.12.3.rel1.win32_1.0.100.202403111256/tools/bin/../lib/gcc/arm-none-eabi/12.3.1/../../../../arm-none-eabi/lib/thumb/v8-m.main+fp/hard\libc_nano.a(libc_a-closer.o)
                              C:/ST/STM32CubeIDE_1.10.1/STM32CubeIDE/plugins/com.st.stm32cube.ide.mcu.externaltools.gnu-tools-for-stm32.12.3.rel1.win32_1.0.100.202403111256/tools/bin/../lib/gcc/arm-none-eabi/12.3.1/../../../../arm-none-eabi/lib/thumb/v8-m.main+fp/hard\libc_nano.a(libc_a-stdio.o) (_close_r)
C:/ST/STM32CubeIDE_1.10.1/STM32CubeIDE/plugins/com.st.stm32cube.ide.mcu.externaltools.gnu-tools-for-stm32.12.3.rel1.win32_1.0.100.202403111256/tools/bin/../lib/gcc/arm-none-eabi/12.3.1/../../../../arm-none-eabi/lib/thumb/v8-m.main+fp/hard\libc_nano.a(libc_a-reent.o)
                              C:/ST/STM32CubeIDE_1.10.1/STM32CubeIDE/plugins/com.st.stm32cube.ide.mcu.externaltools.gnu-tools-for-stm32.12.3.rel1.win32_1.0.100.202403111256/tools/bin/../lib/gcc/arm-none-eabi/12.3.1/../../../../arm-none-eabi/lib/thumb/v8-m.main+fp/hard\libc_nano.a(libc_a-closer.o) (errno)
C:/ST/STM32CubeIDE_1.10.1/STM32CubeIDE/plugins/com.st.stm32cube.ide.mcu.externaltools.gnu-tools-for-stm32.12.3.rel1.win32_1.0.100.202403111256/tools/bin/../lib/gcc/arm-none-eabi/12.3.1/../../../../arm-none-eabi/lib/thumb/v8-m.main+fp/hard\libc_nano.a(libc_a-impure.o)
                              C:/ST/STM32CubeIDE_1.10.1/STM32CubeIDE/plugins/com.st.stm32cube.ide.mcu.externaltools.gnu-tools-for-stm32.12.3.rel1.win32_1.0.100.202403111256/tools/bin/../lib/gcc/arm-none-eabi/12.3.1/../../../../arm-none-eabi/lib/thumb/v8-m.main+fp/hard\libc_nano.a(libc_a-printf.o) (_impure_ptr)
[...]
Memory Configuration

Name             Origin             Length             Attributes
RAM              0x20018000         0x00018000         xrw
ROM              0x08040000         0x00040000         xr
*default*        0x00000000         0xffffffff

Linker script and memory map

LOAD C:/ST/STM32CubeIDE_1.10.1/STM32CubeIDE/plugins/com.st.stm32cube.ide.mcu.externaltools.gnu-tools-for-stm32.12.3.rel1.win32_1.0.100.202403111256/tools/bin/../lib/gcc/arm-none-eabi/12.3.1/thumb/v8-m.main+fp/hard/crti.o
LOAD C:/ST/STM32CubeIDE_1.10.1/STM32CubeIDE/plugins/com.st.stm32cube.ide.mcu.externaltools.gnu-tools-for-stm32.12.3.rel1.win32_1.0.100.202403111256/tools/bin/../lib/gcc/arm-none-eabi/12.3.1/thumb/v8-m.main+fp/hard/crtbegin.o
LOAD C:/ST/STM32CubeIDE_1.10.1/STM32CubeIDE/plugins/com.st.stm32cube.ide.mcu.externaltools.gnu-tools-for-stm32.12.3.rel1.win32_1.0.100.202403111256/tools/bin/../lib/gcc/arm-none-eabi/12.3.1/../../../../arm-none-eabi/lib/thumb/v8-m.main+fp/hard/crt0.o
LOAD ./Application/Startup/startup_stm32l552zetxq.o
LOAD ./Application/User/app_freertos.o
LOAD ./Application/User/main.o
LOAD ./Application/User/stm32l5xx_hal_msp.o
LOAD ./Application/User/stm32l5xx_hal_timebase_tim.o
LOAD ./Application/User/stm32l5xx_it.o
LOAD ./Application/User/syscalls.o
LOAD ./Application/User/sysmem.o
LOAD ./Drivers/BSP/STM32L5xx_Nucleo/stm32l5xx_nucleo.o
LOAD ./Drivers/CMSIS/system_stm32l5xx_ns.o
LOAD ./Drivers/STM32L5xx_HAL_Driver/stm32l5xx_hal.o
LOAD ./Drivers/STM32L5xx_HAL_Driver/stm32l5xx_hal_cortex.o
LOAD ./Drivers/STM32L5xx_HAL_Driver/stm32l5xx_hal_dma.o
LOAD ./Drivers/STM32L5xx_HAL_Driver/stm32l5xx_hal_dma_ex.o
LOAD ./Drivers/STM32L5xx_HAL_Driver/stm32l5xx_hal_exti.o
LOAD ./Drivers/STM32L5xx_HAL_Driver/stm32l5xx_hal_flash.o
LOAD ./Drivers/STM32L5xx_HAL_Driver/stm32l5xx_hal_flash_ex.o
LOAD ./Drivers/STM32L5xx_HAL_Driver/stm32l5xx_hal_flash_ramfunc.o
LOAD ./Drivers/STM32L5xx_HAL_Driver/stm32l5xx_hal_gpio.o
LOAD ./Drivers/STM32L5xx_HAL_Driver/stm32l5xx_hal_i2c.o
LOAD ./Drivers/STM32L5xx_HAL_Driver/stm32l5xx_hal_i2c_ex.o
LOAD ./Drivers/STM32L5xx_HAL_Driver/stm32l5xx_hal_icache.o
LOAD ./Drivers/STM32L5xx_HAL_Driver/stm32l5xx_hal_pwr.o
LOAD ./Drivers/STM32L5xx_HAL_Driver/stm32l5xx_hal_pwr_ex.o
LOAD ./Drivers/STM32L5xx_HAL_Driver/stm32l5xx_hal_rcc.o
LOAD ./Drivers/STM32L5xx_HAL_Driver/stm32l5xx_hal_rcc_ex.o
LOAD ./Drivers/STM32L5xx_HAL_Driver/stm32l5xx_hal_tim.o
LOAD ./Drivers/STM32L5xx_HAL_Driver/stm32l5xx_hal_tim_ex.o
LOAD ./Drivers/STM32L5xx_HAL_Driver/stm32l5xx_hal_uart.o
LOAD ./Drivers/STM32L5xx_HAL_Driver/stm32l5xx_hal_uart_ex.o
LOAD ./Middlewares/FreeRTOS/cmsis_os2.o
LOAD ./Middlewares/FreeRTOS/croutine.o
LOAD ./Middlewares/FreeRTOS/event_groups.o
LOAD ./Middlewares/FreeRTOS/heap_4.o
LOAD ./Middlewares/FreeRTOS/list.o
LOAD ./Middlewares/FreeRTOS/port.o
LOAD ./Middlewares/FreeRTOS/portasm.o
LOAD ./Middlewares/FreeRTOS/queue.o
LOAD ./Middlewares/FreeRTOS/stream_buffer.o
LOAD ./Middlewares/FreeRTOS/tasks.o
LOAD ./Middlewares/FreeRTOS/timers.o
LOAD C:/Users/laoam/OneDrive/Documents/stm32/workspace/freertostrustzone-master/freertostrustzone-master/STM32CubeIDE/Secure/Debug/secure_nsclib.o
START GROUP
LOAD C:/ST/STM32CubeIDE_1.10.1/STM32CubeIDE/plugins/com.st.stm32cube.ide.mcu.externaltools.gnu-tools-for-stm32.12.3.rel1.win32_1.0.100.202403111256/tools/bin/../lib/gcc/arm-none-eabi/12.3.1/../../../../arm-none-eabi/lib/thumb/v8-m.main+fp/hard\libc_nano.a
LOAD C:/ST/STM32CubeIDE_1.10.1/STM32CubeIDE/plugins/com.st.stm32cube.ide.mcu.externaltools.gnu-tools-for-stm32.12.3.rel1.win32_1.0.100.202403111256/tools/bin/../lib/gcc/arm-none-eabi/12.3.1/../../../../arm-none-eabi/lib/thumb/v8-m.main+fp/hard\libm.a
END GROUP
START GROUP
LOAD C:/ST/STM32CubeIDE_1.10.1/STM32CubeIDE/plugins/com.st.stm32cube.ide.mcu.externaltools.gnu-tools-for-stm32.12.3.rel1.win32_1.0.100.202403111256/tools/bin/../lib/gcc/arm-none-eabi/12.3.1/thumb/v8-m.main+fp/hard\libgcc.a
LOAD C:/ST/STM32CubeIDE_1.10.1/STM32CubeIDE/plugins/com.st.stm32cube.ide.mcu.externaltools.gnu-tools-for-stm32.12.3.rel1.win32_1.0.100.202403111256/tools/bin/../lib/gcc/arm-none-eabi/12.3.1/../../../../arm-none-eabi/lib/thumb/v8-m.main+fp/hard\libc_nano.a
END GROUP
START GROUP
LOAD C:/ST/STM32CubeIDE_1.10.1/STM32CubeIDE/plugins/com.st.stm32cube.ide.mcu.externaltools.gnu-tools-for-stm32.12.3.rel1.win32_1.0.100.202403111256/tools/bin/../lib/gcc/arm-none-eabi/12.3.1/thumb/v8-m.main+fp/hard\libgcc.a
LOAD C:/ST/STM32CubeIDE_1.10.1/STM32CubeIDE/plugins/com.st.stm32cube.ide.mcu.externaltools.gnu-tools-for-stm32.12.3.rel1.win32_1.0.100.202403111256/tools/bin/../lib/gcc/arm-none-eabi/12.3.1/../../../../arm-none-eabi/lib/thumb/v8-m.main+fp/hard\libc_nano.a
LOAD C:/ST/STM32CubeIDE_1.10.1/STM32CubeIDE/plugins/com.st.stm32cube.ide.mcu.externaltools.gnu-tools-for-stm32.12.3.rel1.win32_1.0.100.202403111256/tools/bin/../lib/gcc/arm-none-eabi/12.3.1/../../../../arm-none-eabi/lib/thumb/v8-m.main+fp/hard\libnosys.a
END GROUP
START GROUP
LOAD C:/ST/STM32CubeIDE_1.10.1/STM32CubeIDE/plugins/com.st.stm32cube.ide.mcu.externaltools.gnu-tools-for-stm32.12.3.rel1.win32_1.0.100.202403111256/tools/bin/../lib/gcc/arm-none-eabi/12.3.1/thumb/v8-m.main+fp/hard\libgcc.a
LOAD C:/ST/STM32CubeIDE_1.10.1/STM32CubeIDE/plugins/com.st.stm32cube.ide.mcu.externaltools.gnu-tools-for-stm32.12.3.rel1.win32_1.0.100.202403111256/tools/bin/../lib/gcc/arm-none-eabi/12.3.1/../../../../arm-none-eabi/lib/thumb/v8-m.main+fp/hard\libc_nano.a
LOAD C:/ST/STM32CubeIDE_1.10.1/STM32CubeIDE/plugins/com.st.stm32cube.ide.mcu.externaltools.gnu-tools-for-stm32.12.3.rel1.win32_1.0.100.202403111256/tools/bin/../lib/gcc/arm-none-eabi/12.3.1/../../../../arm-none-eabi/lib/thumb/v8-m.main+fp/hard\libnosys.a
END GROUP
LOAD C:/ST/STM32CubeIDE_1.10.1/STM32CubeIDE/plugins/com.st.stm32cube.ide.mcu.externaltools.gnu-tools-for-stm32.12.3.rel1.win32_1.0.100.202403111256/tools/bin/../lib/gcc/arm-none-eabi/12.3.1/thumb/v8-m.main+fp/hard/crtend.o
LOAD C:/ST/STM32CubeIDE_1.10.1/STM32CubeIDE/plugins/com.st.stm32cube.ide.mcu.externaltools.gnu-tools-for-stm32.12.3.rel1.win32_1.0.100.202403111256/tools/bin/../lib/gcc/arm-none-eabi/12.3.1/thumb/v8-m.main+fp/hard/crtn.o
                0x20030000                        _estack = (ORIGIN (RAM) + LENGTH (RAM))
                0x00000200                        _Min_Heap_Size = 0x200
                0x00000400                        _Min_Stack_Size = 0x400

.isr_vector     0x08040000      0x1f8
                0x08040000                        . = ALIGN (0x8)
 *(.isr_vector)
 .isr_vector    0x08040000      0x1f4 ./Application/Startup/startup_stm32l552zetxq.o
                0x08040000                g_pfnVectors
                0x080401f8                        . = ALIGN (0x8)
 *fill*         0x080401f4        0x4 

.text           0x08040200     0x8490
                0x08040200                        . = ALIGN (0x8)
 *(.text)
 .text          0x08040200       0x40 C:/ST/STM32CubeIDE_1.10.1/STM32CubeIDE/plugins/com.st.stm32cube.ide.mcu.externaltools.gnu-tools-for-stm32.12.3.rel1.win32_1.0.100.202403111256/tools/bin/../lib/gcc/arm-none-eabi/12.3.1/thumb/v8-m.main+fp/hard/crtbegin.o
 .text          0x08040240       0x30 C:/ST/STM32CubeIDE_1.10.1/STM32CubeIDE/plugins/com.st.stm32cube.ide.mcu.externaltools.gnu-tools-for-stm32.12.3.rel1.win32_1.0.100.202403111256/tools/bin/../lib/gcc/arm-none-eabi/12.3.1/thumb/v8-m.main+fp/hard\libgcc.a(_aeabi_uldivmod.o)
                0x08040240                __aeabi_uldivmod
 .text          0x08040270      0x2e4 C:/ST/STM32CubeIDE_1.10.1/STM32CubeIDE/plugins/com.st.stm32cube.ide.mcu.externaltools.gnu-tools-for-stm32.12.3.rel1.win32_1.0.100.202403111256/tools/bin/../lib/gcc/arm-none-eabi/12.3.1/thumb/v8-m.main+fp/hard\libgcc.a(_udivmoddi4.o)
                0x08040270                __udivmoddi4
 .text          0x08040554        0x4 C:/ST/STM32CubeIDE_1.10.1/STM32CubeIDE/plugins/com.st.stm32cube.ide.mcu.externaltools.gnu-tools-for-stm32.12.3.rel1.win32_1.0.100.202403111256/tools/bin/../lib/gcc/arm-none-eabi/12.3.1/thumb/v8-m.main+fp/hard\libgcc.a(_dvmd_tls.o)
                0x08040554                __aeabi_idiv0
                0x08040554                __aeabi_ldiv0
 *(.text*)
 .text.Reset_Handler
                0x08040558       0x50 ./Application/Startup/startup_stm32l552zetxq.o
                0x08040558                Reset_Handler
 .text.Default_Handler
                0x080405a8        0x2 ./Application/Startup/startup_stm32l552zetxq.o
                0x080405a8                EXTI2_IRQHandler
                0x080405a8                TIM8_TRG_COM_IRQHandler
                0x080405a8                TIM8_CC_IRQHandler
                0x080405a8                EXTI5_IRQHandler
                0x080405a8                DebugMon_Handler
                0x080405a8                FLASH_S_IRQHandler
                0x080405a8                EXTI13_IRQHandler
                0x080405a8                TIM1_CC_IRQHandler
                0x080405a8                TSC_IRQHandler
                0x080405a8                HardFault_Handler
                0x080405a8                TAMP_IRQHandler
                0x080405a8                EXTI12_IRQHandler
                0x080405a8                DMA2_Channel8_IRQHandler
                0x080405a8                NMI_Handler
                0x080405a8                EXTI3_IRQHandler
                0x080405a8                EXTI8_IRQHandler
                0x080405a8                LPTIM2_IRQHandler
                0x080405a8                DFSDM1_FLT1_IRQHandler
                0x080405a8                USB_FS_IRQHandler
                0x080405a8                I2C3_ER_IRQHandler
                0x080405a8                DFSDM1_FLT2_IRQHandler
                0x080405a8                DMAMUX1_IRQHandler
                0x080405a8                LPTIM3_IRQHandler
                0x080405a8                EXTI0_IRQHandler
                0x080405a8                I2C2_EV_IRQHandler
                0x080405a8                FPU_IRQHandler
                0x080405a8                FDCAN1_IT1_IRQHandler
                0x080405a8                ADC1_2_IRQHandler
                0x080405a8                SPI1_IRQHandler
                0x080405a8                OCTOSPI1_IRQHandler
                0x080405a8                TIM8_UP_IRQHandler
                0x080405a8                RCC_S_IRQHandler
                0x080405a8                DMA2_Channel2_IRQHandler
                0x080405a8                DMA1_Channel4_IRQHandler
                0x080405a8                SAI2_IRQHandler
                0x080405a8                DFSDM1_FLT3_IRQHandler
                0x080405a8                EXTI15_IRQHandler
                0x080405a8                TIM17_IRQHandler
                0x080405a8                USART3_IRQHandler
                0x080405a8                RTC_IRQHandler
                0x080405a8                EXTI9_IRQHandler
                0x080405a8                DMA1_Channel7_IRQHandler
                0x080405a8                UART5_IRQHandler
                0x080405a8                TIM4_IRQHandler
                0x080405a8                DMA2_Channel1_IRQHandler
                0x080405a8                I2C1_EV_IRQHandler
                0x080405a8                DMA1_Channel6_IRQHandler
                0x080405a8                TIM16_IRQHandler
                0x080405a8                UART4_IRQHandler
                0x080405a8                DMA2_Channel4_IRQHandler
                0x080405a8                SecureFault_Handler
                0x080405a8                TIM3_IRQHandler
                0x080405a8                RCC_IRQHandler
                0x080405a8                TIM1_TRG_COM_IRQHandler
                0x080405a8                DMA1_Channel1_IRQHandler
                0x080405a8                Default_Handler
                0x080405a8                DMA2_Channel7_IRQHandler
                0x080405a8                DMA1_Channel8_IRQHandler
                0x080405a8                TIM7_IRQHandler
                0x080405a8                SDMMC1_IRQHandler
                0x080405a8                TIM5_IRQHandler
                0x080405a8                UCPD1_IRQHandler
                0x080405a8                TIM15_IRQHandler
                0x080405a8                I2C3_EV_IRQHandler
                0x080405a8                PVD_PVM_IRQHandler
                0x080405a8                SPI2_IRQHandler
                0x080405a8                EXTI14_IRQHandler
                0x080405a8                EXTI11_IRQHandler
                0x080405a8                DMA2_Channel5_IRQHandler
                0x080405a8                CRS_IRQHandler
                0x080405a8                DMA1_Channel5_IRQHandler
                0x080405a8                EXTI4_IRQHandler
                0x080405a8                RTC_S_IRQHandler
                0x080405a8                RNG_IRQHandler
                0x080405a8                DMAMUX1_S_IRQHandler
                0x080405a8                DMA1_Channel3_IRQHandler
                0x080405a8                COMP_IRQHandler
                0x080405a8                TIM1_UP_IRQHandler
                0x080405a8                WWDG_IRQHandler
                0x080405a8                I2C4_EV_IRQHandler
                0x080405a8                DMA2_Channel6_IRQHandler
                0x080405a8                FDCAN1_IT0_IRQHandler
                0x080405a8                TIM2_IRQHandler
                0x080405a8                TAMP_S_IRQHandler
                0x080405a8                EXTI7_IRQHandler
                0x080405a8                TIM1_BRK_IRQHandler
                0x080405a8                DAC_IRQHandler
                0x080405a8                EXTI1_IRQHandler
                0x080405a8                GTZC_IRQHandler
                0x080405a8                USART2_IRQHandler
                0x080405a8                DFSDM1_FLT0_IRQHandler
                0x080405a8                I2C2_ER_IRQHandler
                0x080405a8                DMA1_Channel2_IRQHandler
                0x080405a8                TIM8_BRK_IRQHandler
                0x080405a8                FLASH_IRQHandler
                0x080405a8                BusFault_Handler
                0x080405a8                USART1_IRQHandler
                0x080405a8                EXTI10_IRQHandler
                0x080405a8                SPI3_IRQHandler
                0x080405a8                I2C1_ER_IRQHandler
                0x080405a8                FMC_IRQHandler
                0x080405a8                EXTI6_IRQHandler
                0x080405a8                LPTIM1_IRQHandler
                0x080405a8                I2C4_ER_IRQHandler
                0x080405a8                ICACHE_IRQHandler
                0x080405a8                SAI1_IRQHandler
                0x080405a8                HASH_IRQHandler
                0x080405a8                DMA2_Channel3_IRQHandler
 .text.vApplicationStackOverflowHook
                0x080405aa       0x16 ./Application/User/app_freertos.o
                0x080405aa                vApplicationStackOverflowHook
 .text.main     0x080405c0       0x74 ./Application/User/main.o
                0x080405c0                main
 .text.SystemClock_Config
                0x08040634       0xa2 ./Application/User/main.o
                0x08040634                SystemClock_Config
 *fill*         0x080406d6        0x2 
 .text.MX_LPUART1_UART_Init
                0x080406d8       0x98 ./Application/User/main.o
 .text.MX_GPIO_Init
                0x08040770       0x30 ./Application/User/main.o
 .text.__io_putchar
                0x080407a0       0x24 ./Application/User/main.o
                0x080407a0                __io_putchar
 .text.__busy_wait_cycles
                0x080407c4       0x30 ./Application/User/main.o
 .text.LED_Thread
                0x080407f4      0x130 ./Application/User/main.o
                0x080407f4                LED_Thread
 .text.StartTask02
                0x08040924       0xec ./Application/User/main.o
                0x08040924                StartTask02
 .text.HAL_TIM_PeriodElapsedCallback
                0x08040a10       0x24 ./Application/User/main.o
                0x08040a10                HAL_TIM_PeriodElapsedCallback
 .text.Error_Handler
                0x08040a34        0xe ./Application/User/main.o
                0x08040a34                Error_Handler
 *fill*         0x08040a42        0x2 
 .text.HAL_MspInit
                0x08040a44       0x50 ./Application/User/stm32l5xx_hal_msp.o
                0x08040a44                HAL_MspInit
 .text.HAL_UART_MspInit
                0x08040a94       0xd0 ./Application/User/stm32l5xx_hal_msp.o
                0x08040a94                HAL_UART_MspInit
 .text.HAL_InitTick
                0x08040b64       0xac ./Application/User/stm32l5xx_hal_timebase_tim.o
                0x08040b64                HAL_InitTick
 .text.MemManage_Handler
                0x08040c10        0x8 ./Application/User/stm32l5xx_it.o
                0x08040c10                MemManage_Handler
 .text.UsageFault_Handler
                0x08040c18        0x8 ./Application/User/stm32l5xx_it.o
                0x08040c18                UsageFault_Handler
 .text.TIM6_IRQHandler
                0x08040c20       0x14 ./Application/User/stm32l5xx_it.o
                0x08040c20                TIM6_IRQHandler
 .text.LPUART1_IRQHandler
                0x08040c34       0x14 ./Application/User/stm32l5xx_it.o
                0x08040c34                LPUART1_IRQHandler
 .text._read    0x08040c48       0x3a ./Application/User/syscalls.o
                0x08040c48                _read
 .text._write   0x08040c82       0x38 ./Application/User/syscalls.o
                0x08040c82                _write
 .text._close   0x08040cba       0x18 ./Application/User/syscalls.o
                0x08040cba                _close
 .text._fstat   0x08040cd2       0x20 ./Application/User/syscalls.o
                0x08040cd2                _fstat
 .text._isatty  0x08040cf2       0x16 ./Application/User/syscalls.o
                0x08040cf2                _isatty
 .text._lseek   0x08040d08       0x1a ./Application/User/syscalls.o
                0x08040d08                _lseek
 *fill*         0x08040d22        0x2 
 .text._sbrk    0x08040d24       0x6c ./Application/User/sysmem.o
                0x08040d24                _sbrk
 .text.BSP_LED_On
                0x08040d90       0x34 ./Drivers/BSP/STM32L5xx_Nucleo/stm32l5xx_nucleo.o
                0x08040d90                BSP_LED_On
 .text.SystemInit
                0x08040dc4        0xe ./Drivers/CMSIS/system_stm32l5xx_ns.o
                0x08040dc4                SystemInit
 *fill*         0x08040dd2        0x2 
 .text.SystemCoreClockUpdate
                0x08040dd4       0x18 ./Drivers/CMSIS/system_stm32l5xx_ns.o
                0x08040dd4                SystemCoreClockUpdate
 .text.HAL_Init
                0x08040dec       0x34 ./Drivers/STM32L5xx_HAL_Driver/stm32l5xx_hal.o
                0x08040dec                HAL_Init
 .text.HAL_IncTick
                0x08040e20       0x28 ./Drivers/STM32L5xx_HAL_Driver/stm32l5xx_hal.o
                0x08040e20                HAL_IncTick
 .text.HAL_GetTick
                0x08040e48       0x18 ./Drivers/STM32L5xx_HAL_Driver/stm32l5xx_hal.o
                0x08040e48                HAL_GetTick
 .text.__NVIC_SetPriorityGrouping
                0x08040e60       0x48 ./Drivers/STM32L5xx_HAL_Driver/stm32l5xx_hal_cortex.o
 .text.__NVIC_GetPriorityGrouping
                0x08040ea8       0x1c ./Drivers/STM32L5xx_HAL_Driver/stm32l5xx_hal_cortex.o
 .text.__NVIC_EnableIRQ
                0x08040ec4       0x3c ./Drivers/STM32L5xx_HAL_Driver/stm32l5xx_hal_cortex.o
 .text.__NVIC_SetPriority
                0x08040f00       0x54 ./Drivers/STM32L5xx_HAL_Driver/stm32l5xx_hal_cortex.o
 .text.NVIC_EncodePriority
                0x08040f54       0x66 ./Drivers/STM32L5xx_HAL_Driver/stm32l5xx_hal_cortex.o
 .text.HAL_NVIC_SetPriorityGrouping
                0x08040fba       0x16 ./Drivers/STM32L5xx_HAL_Driver/stm32l5xx_hal_cortex.o
                0x08040fba                HAL_NVIC_SetPriorityGrouping
 .text.HAL_NVIC_SetPriority
                0x08040fd0       0x34 ./Drivers/STM32L5xx_HAL_Driver/stm32l5xx_hal_cortex.o
                0x08040fd0                HAL_NVIC_SetPriority
 .text.HAL_NVIC_EnableIRQ
                0x08041004       0x1c ./Drivers/STM32L5xx_HAL_Driver/stm32l5xx_hal_cortex.o
                0x08041004                HAL_NVIC_EnableIRQ
 .text.HAL_DMA_Abort
                0x08041020       0xb8 ./Drivers/STM32L5xx_HAL_Driver/stm32l5xx_hal_dma.o
                0x08041020                HAL_DMA_Abort
 .text.HAL_DMA_Abort_IT
                0x080410d8       0xbe ./Drivers/STM32L5xx_HAL_Driver/stm32l5xx_hal_dma.o
                0x080410d8                HAL_DMA_Abort_IT
 *fill*         0x08041196        0x2 
 .text.HAL_GPIO_Init
                0x08041198      0x300 ./Drivers/STM32L5xx_HAL_Driver/stm32l5xx_hal_gpio.o
                0x08041198                HAL_GPIO_Init
 .text.HAL_GPIO_WritePin
                0x08041498       0x30 ./Drivers/STM32L5xx_HAL_Driver/stm32l5xx_hal_gpio.o
                0x08041498                HAL_GPIO_WritePin
 .text.HAL_PWREx_GetVoltageRange
                0x080414c8       0x1c ./Drivers/STM32L5xx_HAL_Driver/stm32l5xx_hal_pwr_ex.o
                0x080414c8                HAL_PWREx_GetVoltageRange
 .text.HAL_PWREx_ControlVoltageScaling
                0x080414e4       0xb8 ./Drivers/STM32L5xx_HAL_Driver/stm32l5xx_hal_pwr_ex.o
                0x080414e4                HAL_PWREx_ControlVoltageScaling
 .text.HAL_PWREx_EnableVddIO2
                0x0804159c       0x20 ./Drivers/STM32L5xx_HAL_Driver/stm32l5xx_hal_pwr_ex.o
                0x0804159c                HAL_PWREx_EnableVddIO2
 .text.HAL_PWREx_SMPS_GetEffectiveMode
                0x080415bc       0x48 ./Drivers/STM32L5xx_HAL_Driver/stm32l5xx_hal_pwr_ex.o
                0x080415bc                HAL_PWREx_SMPS_GetEffectiveMode
 .text.HAL_RCC_OscConfig
                0x08041604      0x9ac ./Drivers/STM32L5xx_HAL_Driver/stm32l5xx_hal_rcc.o
                0x08041604                HAL_RCC_OscConfig
 .text.HAL_RCC_ClockConfig
                0x08041fb0      0x270 ./Drivers/STM32L5xx_HAL_Driver/stm32l5xx_hal_rcc.o
                0x08041fb0                HAL_RCC_ClockConfig
 .text.HAL_RCC_GetSysClockFreq
                0x08042220      0x138 ./Drivers/STM32L5xx_HAL_Driver/stm32l5xx_hal_rcc.o
                0x08042220                HAL_RCC_GetSysClockFreq
 .text.HAL_RCC_GetHCLKFreq
                0x08042358       0x28 ./Drivers/STM32L5xx_HAL_Driver/stm32l5xx_hal_rcc.o
                0x08042358                HAL_RCC_GetHCLKFreq
 .text.HAL_RCC_GetPCLK1Freq
                0x08042380       0x28 ./Drivers/STM32L5xx_HAL_Driver/stm32l5xx_hal_rcc.o
                0x08042380                HAL_RCC_GetPCLK1Freq
 .text.HAL_RCC_GetPCLK2Freq
                0x080423a8       0x28 ./Drivers/STM32L5xx_HAL_Driver/stm32l5xx_hal_rcc.o
                0x080423a8                HAL_RCC_GetPCLK2Freq
 .text.HAL_RCC_GetClockConfig
                0x080423d0       0x64 ./Drivers/STM32L5xx_HAL_Driver/stm32l5xx_hal_rcc.o
                0x080423d0                HAL_RCC_GetClockConfig
 .text.RCC_SetFlashLatencyFromMSIRange
                0x08042434       0xc8 ./Drivers/STM32L5xx_HAL_Driver/stm32l5xx_hal_rcc.o
 .text.RCC_GetSysClockFreqFromPLLSource
                0x080424fc       0xd8 ./Drivers/STM32L5xx_HAL_Driver/stm32l5xx_hal_rcc.o
 .text.HAL_RCCEx_PeriphCLKConfig
                0x080425d4      0x708 ./Drivers/STM32L5xx_HAL_Driver/stm32l5xx_hal_rcc_ex.o
                0x080425d4                HAL_RCCEx_PeriphCLKConfig
 .text.RCCEx_PLLSAI1_Config
                0x08042cdc      0x1cc ./Drivers/STM32L5xx_HAL_Driver/stm32l5xx_hal_rcc_ex.o
 .text.RCCEx_PLLSAI2_Config
                0x08042ea8      0x158 ./Drivers/STM32L5xx_HAL_Driver/stm32l5xx_hal_rcc_ex.o
 .text.HAL_TIM_Base_Init
                0x08043000       0xae ./Drivers/STM32L5xx_HAL_Driver/stm32l5xx_hal_tim.o
                0x08043000                HAL_TIM_Base_Init
 .text.HAL_TIM_Base_MspInit
                0x080430ae       0x14 ./Drivers/STM32L5xx_HAL_Driver/stm32l5xx_hal_tim.o
                0x080430ae                HAL_TIM_Base_MspInit
 *fill*         0x080430c2        0x2 
 .text.HAL_TIM_Base_Start_IT
                0x080430c4       0xe0 ./Drivers/STM32L5xx_HAL_Driver/stm32l5xx_hal_tim.o
                0x080430c4                HAL_TIM_Base_Start_IT
 .text.HAL_TIM_IRQHandler
                0x080431a4      0x20e ./Drivers/STM32L5xx_HAL_Driver/stm32l5xx_hal_tim.o
                0x080431a4                HAL_TIM_IRQHandler
 .text.HAL_TIM_OC_DelayElapsedCallback
                0x080433b2       0x14 ./Drivers/STM32L5xx_HAL_Driver/stm32l5xx_hal_tim.o
                0x080433b2                HAL_TIM_OC_DelayElapsedCallback
 .text.HAL_TIM_IC_CaptureCallback
                0x080433c6       0x14 ./Drivers/STM32L5xx_HAL_Driver/stm32l5xx_hal_tim.o
                0x080433c6                HAL_TIM_IC_CaptureCallback
 .text.HAL_TIM_PWM_PulseFinishedCallback
                0x080433da       0x14 ./Drivers/STM32L5xx_HAL_Driver/stm32l5xx_hal_tim.o
                0x080433da                HAL_TIM_PWM_PulseFinishedCallback
 .text.HAL_TIM_TriggerCallback
                0x080433ee       0x14 ./Drivers/STM32L5xx_HAL_Driver/stm32l5xx_hal_tim.o
                0x080433ee                HAL_TIM_TriggerCallback
 *fill*         0x08043402        0x2 
 .text.TIM_Base_SetConfig
                0x08043404      0x14c ./Drivers/STM32L5xx_HAL_Driver/stm32l5xx_hal_tim.o
                0x08043404                TIM_Base_SetConfig
 .text.HAL_TIMEx_CommutCallback
                0x08043550       0x14 ./Drivers/STM32L5xx_HAL_Driver/stm32l5xx_hal_tim_ex.o
                0x08043550                HAL_TIMEx_CommutCallback
 .text.HAL_TIMEx_BreakCallback
                0x08043564       0x14 ./Drivers/STM32L5xx_HAL_Driver/stm32l5xx_hal_tim_ex.o
                0x08043564                HAL_TIMEx_BreakCallback
 .text.HAL_TIMEx_Break2Callback
                0x08043578       0x14 ./Drivers/STM32L5xx_HAL_Driver/stm32l5xx_hal_tim_ex.o
                0x08043578                HAL_TIMEx_Break2Callback
 .text.HAL_UART_Init
                0x0804358c       0xa0 ./Drivers/STM32L5xx_HAL_Driver/stm32l5xx_hal_uart.o
                0x0804358c                HAL_UART_Init
 .text.HAL_UART_Transmit
                0x0804362c      0x11c ./Drivers/STM32L5xx_HAL_Driver/stm32l5xx_hal_uart.o
                0x0804362c                HAL_UART_Transmit
 .text.HAL_UART_IRQHandler
                0x08043748      0x648 ./Drivers/STM32L5xx_HAL_Driver/stm32l5xx_hal_uart.o
                0x08043748                HAL_UART_IRQHandler
 .text.HAL_UART_TxCpltCallback
                0x08043d90       0x14 ./Drivers/STM32L5xx_HAL_Driver/stm32l5xx_hal_uart.o
                0x08043d90                HAL_UART_TxCpltCallback
 .text.HAL_UART_ErrorCallback
                0x08043da4       0x14 ./Drivers/STM32L5xx_HAL_Driver/stm32l5xx_hal_uart.o
                0x08043da4                HAL_UART_ErrorCallback
 .text.HAL_UARTEx_RxEventCallback
                0x08043db8       0x18 ./Drivers/STM32L5xx_HAL_Driver/stm32l5xx_hal_uart.o
                0x08043db8                HAL_UARTEx_RxEventCallback
 .text.UART_SetConfig
                0x08043dd0      0x600 ./Drivers/STM32L5xx_HAL_Driver/stm32l5xx_hal_uart.o
                0x08043dd0                UART_SetConfig
 .text.UART_AdvFeatureConfig
                0x080443d0      0x144 ./Drivers/STM32L5xx_HAL_Driver/stm32l5xx_hal_uart.o
                0x080443d0                UART_AdvFeatureConfig
 .text.UART_CheckIdleState
                0x08044514      0x154 ./Drivers/STM32L5xx_HAL_Driver/stm32l5xx_hal_uart.o
                0x08044514                UART_CheckIdleState
 .text.UART_WaitOnFlagUntilTimeout
                0x08044668       0xda ./Drivers/STM32L5xx_HAL_Driver/stm32l5xx_hal_uart.o
                0x08044668                UART_WaitOnFlagUntilTimeout
 .text.UART_EndRxTransfer
                0x08044742       0xcc ./Drivers/STM32L5xx_HAL_Driver/stm32l5xx_hal_uart.o
 .text.UART_DMAAbortOnError
                0x0804480e       0x2c ./Drivers/STM32L5xx_HAL_Driver/stm32l5xx_hal_uart.o
 .text.UART_EndTransmit_IT
                0x0804483a       0x56 ./Drivers/STM32L5xx_HAL_Driver/stm32l5xx_hal_uart.o
 .text.HAL_UARTEx_WakeupCallback
                0x08044890       0x14 ./Drivers/STM32L5xx_HAL_Driver/stm32l5xx_hal_uart_ex.o
                0x08044890                HAL_UARTEx_WakeupCallback
 .text.HAL_UARTEx_RxFifoFullCallback
                0x080448a4       0x14 ./Drivers/STM32L5xx_HAL_Driver/stm32l5xx_hal_uart_ex.o
                0x080448a4                HAL_UARTEx_RxFifoFullCallback
 .text.HAL_UARTEx_TxFifoEmptyCallback
                0x080448b8       0x14 ./Drivers/STM32L5xx_HAL_Driver/stm32l5xx_hal_uart_ex.o
                0x080448b8                HAL_UARTEx_TxFifoEmptyCallback
 .text.HAL_UARTEx_DisableFifoMode
                0x080448cc       0x72 ./Drivers/STM32L5xx_HAL_Driver/stm32l5xx_hal_uart_ex.o
                0x080448cc                HAL_UARTEx_DisableFifoMode
 .text.HAL_UARTEx_SetTxFifoThreshold
                0x0804493e       0x7c ./Drivers/STM32L5xx_HAL_Driver/stm32l5xx_hal_uart_ex.o
                0x0804493e                HAL_UARTEx_SetTxFifoThreshold
 .text.HAL_UARTEx_SetRxFifoThreshold
                0x080449ba       0x7c ./Drivers/STM32L5xx_HAL_Driver/stm32l5xx_hal_uart_ex.o
                0x080449ba                HAL_UARTEx_SetRxFifoThreshold
 *fill*         0x08044a36        0x2 
 .text.UARTEx_SetNbDataToProcess
                0x08044a38       0x9c ./Drivers/STM32L5xx_HAL_Driver/stm32l5xx_hal_uart_ex.o
 .text.__NVIC_SetPriority
                0x08044ad4       0x54 ./Middlewares/FreeRTOS/cmsis_os2.o
 .text.SysTick_Handler
                0x08044b28       0x20 ./Middlewares/FreeRTOS/cmsis_os2.o
                0x08044b28                SysTick_Handler
 .text.SVC_Setup
                0x08044b48       0x12 ./Middlewares/FreeRTOS/cmsis_os2.o
 *fill*         0x08044b5a        0x2 
 .text.osKernelInitialize
                0x08044b5c       0x48 ./Middlewares/FreeRTOS/cmsis_os2.o
                0x08044b5c                osKernelInitialize
 .text.osKernelStart
                0x08044ba4       0x4c ./Middlewares/FreeRTOS/cmsis_os2.o
                0x08044ba4                osKernelStart
 .text.osThreadNew
                0x08044bf0      0x126 ./Middlewares/FreeRTOS/cmsis_os2.o
                0x08044bf0                osThreadNew
 .text.osDelay  0x08044d16       0x36 ./Middlewares/FreeRTOS/cmsis_os2.o
                0x08044d16                osDelay
 .text.vApplicationGetIdleTaskMemory
                0x08044d4c       0x34 ./Middlewares/FreeRTOS/cmsis_os2.o
                0x08044d4c                vApplicationGetIdleTaskMemory
 .text.vApplicationGetTimerTaskMemory
                0x08044d80       0x34 ./Middlewares/FreeRTOS/cmsis_os2.o
                0x08044d80                vApplicationGetTimerTaskMemory
 .text.pvPortMalloc
                0x08044db4      0x16c ./Middlewares/FreeRTOS/heap_4.o
                0x08044db4                pvPortMalloc
 .text.vPortFree
                0x08044f20       0xa8 ./Middlewares/FreeRTOS/heap_4.o
                0x08044f20                vPortFree
 .text.prvHeapInit
                0x08044fc8       0xc4 ./Middlewares/FreeRTOS/heap_4.o
 .text.prvInsertBlockIntoFreeList
                0x0804508c       0xb4 ./Middlewares/FreeRTOS/heap_4.o
 .text.vListInitialise
                0x08045140       0x40 ./Middlewares/FreeRTOS/list.o
                0x08045140                vListInitialise
 .text.vListInitialiseItem
                0x08045180       0x1a ./Middlewares/FreeRTOS/list.o
                0x08045180                vListInitialiseItem
 .text.vListInsertEnd
                0x0804519a       0x48 ./Middlewares/FreeRTOS/list.o
                0x0804519a                vListInsertEnd
 .text.vListInsert
                0x080451e2       0x72 ./Middlewares/FreeRTOS/list.o
                0x080451e2                vListInsert
 .text.uxListRemove
                0x08045254       0x54 ./Middlewares/FreeRTOS/list.o
                0x08045254                uxListRemove
 .text.vPortSetupTimerInterrupt
                0x080452a8       0x48 ./Middlewares/FreeRTOS/port.o
                0x080452a8                vPortSetupTimerInterrupt
 .text.prvTaskExitError
                0x080452f0       0x38 ./Middlewares/FreeRTOS/port.o
 .text.vPortYield
                0x08045328       0x24 ./Middlewares/FreeRTOS/port.o
                0x08045328                vPortYield
 .text.vPortEnterCritical
                0x0804534c       0x24 ./Middlewares/FreeRTOS/port.o
                0x0804534c                vPortEnterCritical
 .text.vPortExitCritical
                0x08045370       0x34 ./Middlewares/FreeRTOS/port.o
                0x08045370                vPortExitCritical
 .text.xPortSysTickHandler
                0x080453a4       0x30 ./Middlewares/FreeRTOS/port.o
                0x080453a4                xPortSysTickHandler
 .text.vPortSVCHandler_C
                0x080453d4       0x8c ./Middlewares/FreeRTOS/port.o
                0x080453d4                vPortSVCHandler_C
 .text.pxPortInitialiseStack
                0x08045460      0x120 ./Middlewares/FreeRTOS/port.o
                0x08045460                pxPortInitialiseStack
 .text.xPortStartScheduler
                0x08045580       0x40 ./Middlewares/FreeRTOS/port.o
                0x08045580                xPortStartScheduler
 .text.vRestoreContextOfFirstTask
                0x080455c0       0x3c ./Middlewares/FreeRTOS/portasm.o
                0x080455c0                vRestoreContextOfFirstTask
 *fill*         0x080455fc        0x4 
 .text.vStartFirstTask
                0x08045600       0x28 ./Middlewares/FreeRTOS/portasm.o
                0x08045600                vStartFirstTask
 .text.ulSetInterruptMask
                0x08045628       0x1a ./Middlewares/FreeRTOS/portasm.o
                0x08045628                ulSetInterruptMask
 .text.vClearInterruptMask
                0x08045642       0x10 ./Middlewares/FreeRTOS/portasm.o
                0x08045642                vClearInterruptMask
 *fill*         0x08045652        0xe 
 .text.PendSV_Handler
                0x08045660       0x9c ./Middlewares/FreeRTOS/portasm.o
                0x08045660                PendSV_Handler
 *fill*         0x080456fc        0x4 
 .text.SVC_Handler
                0x08045700       0x28 ./Middlewares/FreeRTOS/portasm.o
                0x08045700                SVC_Handler
 .text.vPortAllocateSecureContext
                0x08045728        0x6 ./Middlewares/FreeRTOS/portasm.o
                0x08045728                vPortAllocateSecureContext
 .text.vPortFreeSecureContext
                0x0804572e        0xe ./Middlewares/FreeRTOS/portasm.o
                0x0804572e                vPortFreeSecureContext
 .text.xQueueGenericReset
                0x0804573c       0xb2 ./Middlewares/FreeRTOS/queue.o
                0x0804573c                xQueueGenericReset
 .text.xQueueGenericCreateStatic
                0x080457ee       0xaa ./Middlewares/FreeRTOS/queue.o
                0x080457ee                xQueueGenericCreateStatic
 .text.xQueueGenericCreate
                0x08045898       0x66 ./Middlewares/FreeRTOS/queue.o
                0x08045898                xQueueGenericCreate
 .text.prvInitialiseNewQueue
                0x080458fe       0x46 ./Middlewares/FreeRTOS/queue.o
 .text.prvInitialiseMutex
                0x08045944       0x34 ./Middlewares/FreeRTOS/queue.o
 .text.xQueueCreateMutex
                0x08045978       0x30 ./Middlewares/FreeRTOS/queue.o
                0x08045978                xQueueCreateMutex
 .text.xQueueGenericSend
                0x080459a8      0x19a ./Middlewares/FreeRTOS/queue.o
                0x080459a8                xQueueGenericSend
 .text.xQueueGenericSendFromISR
                0x08045b42       0xe8 ./Middlewares/FreeRTOS/queue.o
                0x08045b42                xQueueGenericSendFromISR
 .text.xQueueReceive
                0x08045c2a      0x178 ./Middlewares/FreeRTOS/queue.o
                0x08045c2a                xQueueReceive
 .text.xQueueSemaphoreTake
                0x08045da2      0x1c2 ./Middlewares/FreeRTOS/queue.o
                0x08045da2                xQueueSemaphoreTake
 .text.prvGetDisinheritPriorityAfterTimeout
                0x08045f64       0x30 ./Middlewares/FreeRTOS/queue.o
 .text.prvCopyDataToQueue
                0x08045f94       0xd4 ./Middlewares/FreeRTOS/queue.o
 .text.prvCopyDataFromQueue
                0x08046068       0x4c ./Middlewares/FreeRTOS/queue.o
 .text.prvUnlockQueue
                0x080460b4       0xa4 ./Middlewares/FreeRTOS/queue.o
 .text.prvIsQueueEmpty
                0x08046158       0x2c ./Middlewares/FreeRTOS/queue.o
 .text.prvIsQueueFull
                0x08046184       0x30 ./Middlewares/FreeRTOS/queue.o
 .text.vQueueAddToRegistry
                0x080461b4       0x54 ./Middlewares/FreeRTOS/queue.o
                0x080461b4                vQueueAddToRegistry
 .text.vQueueWaitForMessageRestricted
                0x08046208       0x68 ./Middlewares/FreeRTOS/queue.o
                0x08046208                vQueueWaitForMessageRestricted
 .text.xTaskCreateStatic
                0x08046270       0x90 ./Middlewares/FreeRTOS/tasks.o
                0x08046270                xTaskCreateStatic
 .text.xTaskCreate
                0x08046300       0x8a ./Middlewares/FreeRTOS/tasks.o
                0x08046300                xTaskCreate
 .text.prvInitialiseNewTask
                0x0804638a      0x114 ./Middlewares/FreeRTOS/tasks.o
 *fill*         0x0804649e        0x2 
 .text.prvAddNewTaskToReadyList
                0x080464a0       0xd0 ./Middlewares/FreeRTOS/tasks.o
 .text.vTaskDelay
                0x08046570       0x4c ./Middlewares/FreeRTOS/tasks.o
                0x08046570                vTaskDelay
 .text.vTaskStartScheduler
                0x080465bc       0xb0 ./Middlewares/FreeRTOS/tasks.o
                0x080465bc                vTaskStartScheduler
 .text.vTaskSuspendAll
                0x0804666c       0x1c ./Middlewares/FreeRTOS/tasks.o
                0x0804666c                vTaskSuspendAll
 .text.xTaskResumeAll
                0x08046688      0x11c ./Middlewares/FreeRTOS/tasks.o
                0x08046688                xTaskResumeAll
 .text.xTaskGetTickCount
                0x080467a4       0x20 ./Middlewares/FreeRTOS/tasks.o
                0x080467a4                xTaskGetTickCount
 .text.xTaskIncrementTick
                0x080467c4      0x164 ./Middlewares/FreeRTOS/tasks.o
                0x080467c4                xTaskIncrementTick
 .text.vTaskSwitchContext
                0x08046928       0xf8 ./Middlewares/FreeRTOS/tasks.o
                0x08046928                vTaskSwitchContext
 .text.vTaskPlaceOnEventList
                0x08046a20       0x3c ./Middlewares/FreeRTOS/tasks.o
                0x08046a20                vTaskPlaceOnEventList
 .text.vTaskPlaceOnEventListRestricted
                0x08046a5c       0x48 ./Middlewares/FreeRTOS/tasks.o
                0x08046a5c                vTaskPlaceOnEventListRestricted
 .text.xTaskRemoveFromEventList
                0x08046aa4       0xb8 ./Middlewares/FreeRTOS/tasks.o
                0x08046aa4                xTaskRemoveFromEventList
 .text.vTaskInternalSetTimeOutState
                0x08046b5c       0x2c ./Middlewares/FreeRTOS/tasks.o
                0x08046b5c                vTaskInternalSetTimeOutState
 .text.xTaskCheckForTimeOut
                0x08046b88       0xa8 ./Middlewares/FreeRTOS/tasks.o
                0x08046b88                xTaskCheckForTimeOut
 .text.vTaskMissedYield
                0x08046c30       0x18 ./Middlewares/FreeRTOS/tasks.o
                0x08046c30                vTaskMissedYield
 .text.prvIdleTask
                0x08046c48       0x28 ./Middlewares/FreeRTOS/tasks.o
 .text.prvInitialiseTaskLists
                0x08046c70       0x80 ./Middlewares/FreeRTOS/tasks.o
 .text.prvCheckTasksWaitingTermination
                0x08046cf0       0x5c ./Middlewares/FreeRTOS/tasks.o
 .text.prvDeleteTCB
                0x08046d4c       0x56 ./Middlewares/FreeRTOS/tasks.o
 *fill*         0x08046da2        0x2 
 .text.prvResetNextTaskUnblockTime
                0x08046da4       0x40 ./Middlewares/FreeRTOS/tasks.o
 .text.xTaskGetSchedulerState
                0x08046de4       0x3c ./Middlewares/FreeRTOS/tasks.o
                0x08046de4                xTaskGetSchedulerState
 .text.xTaskPriorityInherit
                0x08046e20       0xd0 ./Middlewares/FreeRTOS/tasks.o
                0x08046e20                xTaskPriorityInherit
 .text.xTaskPriorityDisinherit
                0x08046ef0       0xc0 ./Middlewares/FreeRTOS/tasks.o
                0x08046ef0                xTaskPriorityDisinherit
 .text.vTaskPriorityDisinheritAfterTimeout
                0x08046fb0       0xe8 ./Middlewares/FreeRTOS/tasks.o
                0x08046fb0                vTaskPriorityDisinheritAfterTimeout
 .text.pvTaskIncrementMutexHeldCount
                0x08047098       0x28 ./Middlewares/FreeRTOS/tasks.o
                0x08047098                pvTaskIncrementMutexHeldCount
 .text.prvAddCurrentTaskToDelayedList
                0x080470c0       0xa8 ./Middlewares/FreeRTOS/tasks.o
 .text.xTimerCreateTimerTask
                0x08047168       0x80 ./Middlewares/FreeRTOS/timers.o
                0x08047168                xTimerCreateTimerTask
 .text.xTimerGenericCommand
                0x080471e8       0x8c ./Middlewares/FreeRTOS/timers.o
                0x080471e8                xTimerGenericCommand
 .text.prvProcessExpiredTimer
                0x08047274       0x8c ./Middlewares/FreeRTOS/timers.o
 .text.prvTimerTask
                0x08047300       0x26 ./Middlewares/FreeRTOS/timers.o
 *fill*         0x08047326        0x2 
 .text.prvProcessTimerOrBlockTask
                0x08047328       0x8c ./Middlewares/FreeRTOS/timers.o
 .text.prvGetNextExpireTime
                0x080473b4       0x48 ./Middlewares/FreeRTOS/timers.o
 .text.prvSampleTimeNow
                0x080473fc       0x40 ./Middlewares/FreeRTOS/timers.o
 .text.prvInsertTimerInActiveList
                0x0804743c       0x84 ./Middlewares/FreeRTOS/timers.o
 .text.prvProcessReceivedCommands
                0x080474c0      0x1a0 ./Middlewares/FreeRTOS/timers.o
 .text.prvSwitchTimerLists
                0x08047660       0xbc ./Middlewares/FreeRTOS/timers.o
 .text.prvCheckForValidListAndQueue
                0x0804771c       0x80 ./Middlewares/FreeRTOS/timers.o
 .text.std      0x0804779c       0x6c C:/ST/STM32CubeIDE_1.10.1/STM32CubeIDE/plugins/com.st.stm32cube.ide.mcu.externaltools.gnu-tools-for-stm32.12.3.rel1.win32_1.0.100.202403111256/tools/bin/../lib/gcc/arm-none-eabi/12.3.1/../../../../arm-none-eabi/lib/thumb/v8-m.main+fp/hard\libc_nano.a(libc_a-findfp.o)
 .text.stdio_exit_handler
                0x08047808       0x18 C:/ST/STM32CubeIDE_1.10.1/STM32CubeIDE/plugins/com.st.stm32cube.ide.mcu.externaltools.gnu-tools-for-stm32.12.3.rel1.win32_1.0.100.202403111256/tools/bin/../lib/gcc/arm-none-eabi/12.3.1/../../../../arm-none-eabi/lib/thumb/v8-m.main+fp/hard\libc_nano.a(libc_a-findfp.o)
 .text.cleanup_stdio
                0x08047820       0x40 C:/ST/STM32CubeIDE_1.10.1/STM32CubeIDE/plugins/com.st.stm32cube.ide.mcu.externaltools.gnu-tools-for-stm32.12.3.rel1.win32_1.0.100.202403111256/tools/bin/../lib/gcc/arm-none-eabi/12.3.1/../../../../arm-none-eabi/lib/thumb/v8-m.main+fp/hard\libc_nano.a(libc_a-findfp.o)
 .text.global_stdio_init.part.0
                0x08047860       0x3c C:/ST/STM32CubeIDE_1.10.1/STM32CubeIDE/plugins/com.st.stm32cube.ide.mcu.externaltools.gnu-tools-for-stm32.12.3.rel1.win32_1.0.100.202403111256/tools/bin/../lib/gcc/arm-none-eabi/12.3.1/../../../../arm-none-eabi/lib/thumb/v8-m.main+fp/hard\libc_nano.a(libc_a-findfp.o)
 .text.__sfp_lock_acquire
                0x0804789c        0xc C:/ST/STM32CubeIDE_1.10.1/STM32CubeIDE/plugins/com.st.stm32cube.ide.mcu.externaltools.gnu-tools-for-stm32.12.3.rel1.win32_1.0.100.202403111256/tools/bin/../lib/gcc/arm-none-eabi/12.3.1/../../../../arm-none-eabi/lib/thumb/v8-m.main+fp/hard\libc_nano.a(libc_a-findfp.o)
                0x0804789c                __sfp_lock_acquire
 .text.__sfp_lock_release
                0x080478a8        0xc C:/ST/STM32CubeIDE_1.10.1/STM32CubeIDE/plugins/com.st.stm32cube.ide.mcu.externaltools.gnu-tools-for-stm32.12.3.rel1.win32_1.0.100.202403111256/tools/bin/../lib/gcc/arm-none-eabi/12.3.1/../../../../arm-none-eabi/lib/thumb/v8-m.main+fp/hard\libc_nano.a(libc_a-findfp.o)
                0x080478a8                __sfp_lock_release
 .text.__sinit  0x080478b4       0x30 C:/ST/STM32CubeIDE_1.10.1/STM32CubeIDE/plugins/com.st.stm32cube.ide.mcu.externaltools.gnu-tools-for-stm32.12.3.rel1.win32_1.0.100.202403111256/tools/bin/../lib/gcc/arm-none-eabi/12.3.1/../../../../arm-none-eabi/lib/thumb/v8-m.main+fp/hard\libc_nano.a(libc_a-findfp.o)
                0x080478b4                __sinit
 .text._fwalk_sglue
                0x080478e4       0x3c C:/ST/STM32CubeIDE_1.10.1/STM32CubeIDE/plugins/com.st.stm32cube.ide.mcu.externaltools.gnu-tools-for-stm32.12.3.rel1.win32_1.0.100.202403111256/tools/bin/../lib/gcc/arm-none-eabi/12.3.1/../../../../arm-none-eabi/lib/thumb/v8-m.main+fp/hard\libc_nano.a(libc_a-fwalk.o)
                0x080478e4                _fwalk_sglue
 .text.printf   0x08047920       0x24 C:/ST/STM32CubeIDE_1.10.1/STM32CubeIDE/plugins/com.st.stm32cube.ide.mcu.externaltools.gnu-tools-for-stm32.12.3.rel1.win32_1.0.100.202403111256/tools/bin/../lib/gcc/arm-none-eabi/12.3.1/../../../../arm-none-eabi/lib/thumb/v8-m.main+fp/hard\libc_nano.a(libc_a-printf.o)
                0x08047920                iprintf
                0x08047920                printf
 .text.__sread  0x08047944       0x22 C:/ST/STM32CubeIDE_1.10.1/STM32CubeIDE/plugins/com.st.stm32cube.ide.mcu.externaltools.gnu-tools-for-stm32.12.3.rel1.win32_1.0.100.202403111256/tools/bin/../lib/gcc/arm-none-eabi/12.3.1/../../../../arm-none-eabi/lib/thumb/v8-m.main+fp/hard\libc_nano.a(libc_a-stdio.o)
                0x08047944                __sread
 .text.__swrite
                0x08047966       0x38 C:/ST/STM32CubeIDE_1.10.1/STM32CubeIDE/plugins/com.st.stm32cube.ide.mcu.externaltools.gnu-tools-for-stm32.12.3.rel1.win32_1.0.100.202403111256/tools/bin/../lib/gcc/arm-none-eabi/12.3.1/../../../../arm-none-eabi/lib/thumb/v8-m.main+fp/hard\libc_nano.a(libc_a-stdio.o)
                0x08047966                __swrite
 .text.__sseek  0x0804799e       0x24 C:/ST/STM32CubeIDE_1.10.1/STM32CubeIDE/plugins/com.st.stm32cube.ide.mcu.externaltools.gnu-tools-for-stm32.12.3.rel1.win32_1.0.100.202403111256/tools/bin/../lib/gcc/arm-none-eabi/12.3.1/../../../../arm-none-eabi/lib/thumb/v8-m.main+fp/hard\libc_nano.a(libc_a-stdio.o)
                0x0804799e                __sseek
 .text.__sclose
                0x080479c2        0x8 C:/ST/STM32CubeIDE_1.10.1/STM32CubeIDE/plugins/com.st.stm32cube.ide.mcu.externaltools.gnu-tools-for-stm32.12.3.rel1.win32_1.0.100.202403111256/tools/bin/../lib/gcc/arm-none-eabi/12.3.1/../../../../arm-none-eabi/lib/thumb/v8-m.main+fp/hard\libc_nano.a(libc_a-stdio.o)
                0x080479c2                __sclose
 .text.memset   0x080479ca       0x10 C:/ST/STM32CubeIDE_1.10.1/STM32CubeIDE/plugins/com.st.stm32cube.ide.mcu.externaltools.gnu-tools-for-stm32.12.3.rel1.win32_1.0.100.202403111256/tools/bin/../lib/gcc/arm-none-eabi/12.3.1/../../../../arm-none-eabi/lib/thumb/v8-m.main+fp/hard\libc_nano.a(libc_a-memset.o)
                0x080479ca                memset
 *fill*         0x080479da        0x2 
 .text._close_r
                0x080479dc       0x20 C:/ST/STM32CubeIDE_1.10.1/STM32CubeIDE/plugins/com.st.stm32cube.ide.mcu.externaltools.gnu-tools-for-stm32.12.3.rel1.win32_1.0.100.202403111256/tools/bin/../lib/gcc/arm-none-eabi/12.3.1/../../../../arm-none-eabi/lib/thumb/v8-m.main+fp/hard\libc_nano.a(libc_a-closer.o)
                0x080479dc                _close_r
 .text._lseek_r
                0x080479fc       0x24 C:/ST/STM32CubeIDE_1.10.1/STM32CubeIDE/plugins/com.st.stm32cube.ide.mcu.externaltools.gnu-tools-for-stm32.12.3.rel1.win32_1.0.100.202403111256/tools/bin/../lib/gcc/arm-none-eabi/12.3.1/../../../../arm-none-eabi/lib/thumb/v8-m.main+fp/hard\libc_nano.a(libc_a-lseekr.o)
                0x080479fc                _lseek_r
 .text._read_r  0x08047a20       0x24 C:/ST/STM32CubeIDE_1.10.1/STM32CubeIDE/plugins/com.st.stm32cube.ide.mcu.externaltools.gnu-tools-for-stm32.12.3.rel1.win32_1.0.100.202403111256/tools/bin/../lib/gcc/arm-none-eabi/12.3.1/../../../../arm-none-eabi/lib/thumb/v8-m.main+fp/hard\libc_nano.a(libc_a-readr.o)
                0x08047a20                _read_r
 .text._write_r
                0x08047a44       0x24 C:/ST/STM32CubeIDE_1.10.1/STM32CubeIDE/plugins/com.st.stm32cube.ide.mcu.externaltools.gnu-tools-for-stm32.12.3.rel1.win32_1.0.100.202403111256/tools/bin/../lib/gcc/arm-none-eabi/12.3.1/../../../../arm-none-eabi/lib/thumb/v8-m.main+fp/hard\libc_nano.a(libc_a-writer.o)
                0x08047a44                _write_r
 .text.__errno  0x08047a68        0xc C:/ST/STM32CubeIDE_1.10.1/STM32CubeIDE/plugins/com.st.stm32cube.ide.mcu.externaltools.gnu-tools-for-stm32.12.3.rel1.win32_1.0.100.202403111256/tools/bin/../lib/gcc/arm-none-eabi/12.3.1/../../../../arm-none-eabi/lib/thumb/v8-m.main+fp/hard\libc_nano.a(libc_a-errno.o)
                0x08047a68                __errno
 .text.__libc_init_array
                0x08047a74       0x48 C:/ST/STM32CubeIDE_1.10.1/STM32CubeIDE/plugins/com.st.stm32cube.ide.mcu.externaltools.gnu-tools-for-stm32.12.3.rel1.win32_1.0.100.202403111256/tools/bin/../lib/gcc/arm-none-eabi/12.3.1/../../../../arm-none-eabi/lib/thumb/v8-m.main+fp/hard\libc_nano.a(libc_a-init.o)
                0x08047a74                __libc_init_array
 .text.__retarget_lock_init_recursive
                0x08047abc        0x2 C:/ST/STM32CubeIDE_1.10.1/STM32CubeIDE/plugins/com.st.stm32cube.ide.mcu.externaltools.gnu-tools-for-stm32.12.3.rel1.win32_1.0.100.202403111256/tools/bin/../lib/gcc/arm-none-eabi/12.3.1/../../../../arm-none-eabi/lib/thumb/v8-m.main+fp/hard\libc_nano.a(libc_a-lock.o)
                0x08047abc                __retarget_lock_init_recursive
 .text.__retarget_lock_acquire_recursive
                0x08047abe        0x2 C:/ST/STM32CubeIDE_1.10.1/STM32CubeIDE/plugins/com.st.stm32cube.ide.mcu.externaltools.gnu-tools-for-stm32.12.3.rel1.win32_1.0.100.202403111256/tools/bin/../lib/gcc/arm-none-eabi/12.3.1/../../../../arm-none-eabi/lib/thumb/v8-m.main+fp/hard\libc_nano.a(libc_a-lock.o)
                0x08047abe                __retarget_lock_acquire_recursive
 .text.__retarget_lock_release_recursive
                0x08047ac0        0x2 C:/ST/STM32CubeIDE_1.10.1/STM32CubeIDE/plugins/com.st.stm32cube.ide.mcu.externaltools.gnu-tools-for-stm32.12.3.rel1.win32_1.0.100.202403111256/tools/bin/../lib/gcc/arm-none-eabi/12.3.1/../../../../arm-none-eabi/lib/thumb/v8-m.main+fp/hard\libc_nano.a(libc_a-lock.o)
                0x08047ac0                __retarget_lock_release_recursive
 .text.memcpy   0x08047ac2       0x1a C:/ST/STM32CubeIDE_1.10.1/STM32CubeIDE/plugins/com.st.stm32cube.ide.mcu.externaltools.gnu-tools-for-stm32.12.3.rel1.win32_1.0.100.202403111256/tools/bin/../lib/gcc/arm-none-eabi/12.3.1/../../../../arm-none-eabi/lib/thumb/v8-m.main+fp/hard\libc_nano.a(libc_a-memcpy-stub.o)
                0x08047ac2                memcpy
 .text._free_r  0x08047adc       0x94 C:/ST/STM32CubeIDE_1.10.1/STM32CubeIDE/plugins/com.st.stm32cube.ide.mcu.externaltools.gnu-tools-for-stm32.12.3.rel1.win32_1.0.100.202403111256/tools/bin/../lib/gcc/arm-none-eabi/12.3.1/../../../../arm-none-eabi/lib/thumb/v8-m.main+fp/hard\libc_nano.a(libc_a-freer.o)
                0x08047adc                _free_r
 .text.sbrk_aligned
                0x08047b70       0x44 C:/ST/STM32CubeIDE_1.10.1/STM32CubeIDE/plugins/com.st.stm32cube.ide.mcu.externaltools.gnu-tools-for-stm32.12.3.rel1.win32_1.0.100.202403111256/tools/bin/../lib/gcc/arm-none-eabi/12.3.1/../../../../arm-none-eabi/lib/thumb/v8-m.main+fp/hard\libc_nano.a(libc_a-mallocr.o)
 .text._malloc_r
                0x08047bb4      0x100 C:/ST/STM32CubeIDE_1.10.1/STM32CubeIDE/plugins/com.st.stm32cube.ide.mcu.externaltools.gnu-tools-for-stm32.12.3.rel1.win32_1.0.100.202403111256/tools/bin/../lib/gcc/arm-none-eabi/12.3.1/../../../../arm-none-eabi/lib/thumb/v8-m.main+fp/hard\libc_nano.a(libc_a-mallocr.o)
                0x08047bb4                _malloc_r
 .text.__malloc_lock
                0x08047cb4        0xc C:/ST/STM32CubeIDE_1.10.1/STM32CubeIDE/plugins/com.st.stm32cube.ide.mcu.externaltools.gnu-tools-for-stm32.12.3.rel1.win32_1.0.100.202403111256/tools/bin/../lib/gcc/arm-none-eabi/12.3.1/../../../../arm-none-eabi/lib/thumb/v8-m.main+fp/hard\libc_nano.a(libc_a-mlock.o)
                0x08047cb4                __malloc_lock
 .text.__malloc_unlock
                0x08047cc0        0xc C:/ST/STM32CubeIDE_1.10.1/STM32CubeIDE/plugins/com.st.stm32cube.ide.mcu.externaltools.gnu-tools-for-stm32.12.3.rel1.win32_1.0.100.202403111256/tools/bin/../lib/gcc/arm-none-eabi/12.3.1/../../../../arm-none-eabi/lib/thumb/v8-m.main+fp/hard\libc_nano.a(libc_a-mlock.o)
                0x08047cc0                __malloc_unlock
 .text.__sfputc_r
                0x08047ccc       0x2e C:/ST/STM32CubeIDE_1.10.1/STM32CubeIDE/plugins/com.st.stm32cube.ide.mcu.externaltools.gnu-tools-for-stm32.12.3.rel1.win32_1.0.100.202403111256/tools/bin/../lib/gcc/arm-none-eabi/12.3.1/../../../../arm-none-eabi/lib/thumb/v8-m.main+fp/hard\libc_nano.a(libc_a-nano-vfprintf.o)
 .text.__sfputs_r
                0x08047cfa       0x24 C:/ST/STM32CubeIDE_1.10.1/STM32CubeIDE/plugins/com.st.stm32cube.ide.mcu.externaltools.gnu-tools-for-stm32.12.3.rel1.win32_1.0.100.202403111256/tools/bin/../lib/gcc/arm-none-eabi/12.3.1/../../../../arm-none-eabi/lib/thumb/v8-m.main+fp/hard\libc_nano.a(libc_a-nano-vfprintf.o)
                0x08047cfa                __sfputs_r
 *fill*         0x08047d1e        0x2 
 .text._vfprintf_r
                0x08047d20      0x230 C:/ST/STM32CubeIDE_1.10.1/STM32CubeIDE/plugins/com.st.stm32cube.ide.mcu.externaltools.gnu-tools-for-stm32.12.3.rel1.win32_1.0.100.202403111256/tools/bin/../lib/gcc/arm-none-eabi/12.3.1/../../../../arm-none-eabi/lib/thumb/v8-m.main+fp/hard\libc_nano.a(libc_a-nano-vfprintf.o)
                0x08047d20                _vfprintf_r
                0x08047d20                _vfiprintf_r
 .text._printf_common
                0x08047f50       0xe4 C:/ST/STM32CubeIDE_1.10.1/STM32CubeIDE/plugins/com.st.stm32cube.ide.mcu.externaltools.gnu-tools-for-stm32.12.3.rel1.win32_1.0.100.202403111256/tools/bin/../lib/gcc/arm-none-eabi/12.3.1/../../../../arm-none-eabi/lib/thumb/v8-m.main+fp/hard\libc_nano.a(libc_a-nano-vfprintf_i.o)
                0x08047f50                _printf_common
 .text._printf_i
                0x08048034      0x240 C:/ST/STM32CubeIDE_1.10.1/STM32CubeIDE/plugins/com.st.stm32cube.ide.mcu.externaltools.gnu-tools-for-stm32.12.3.rel1.win32_1.0.100.202403111256/tools/bin/../lib/gcc/arm-none-eabi/12.3.1/../../../../arm-none-eabi/lib/thumb/v8-m.main+fp/hard\libc_nano.a(libc_a-nano-vfprintf_i.o)
                0x08048034                _printf_i
 .text.__sflush_r
                0x08048274      0x108 C:/ST/STM32CubeIDE_1.10.1/STM32CubeIDE/plugins/com.st.stm32cube.ide.mcu.externaltools.gnu-tools-for-stm32.12.3.rel1.win32_1.0.100.202403111256/tools/bin/../lib/gcc/arm-none-eabi/12.3.1/../../../../arm-none-eabi/lib/thumb/v8-m.main+fp/hard\libc_nano.a(libc_a-fflush.o)
                0x08048274                __sflush_r
 .text._fflush_r
                0x0804837c       0x50 C:/ST/STM32CubeIDE_1.10.1/STM32CubeIDE/plugins/com.st.stm32cube.ide.mcu.externaltools.gnu-tools-for-stm32.12.3.rel1.win32_1.0.100.202403111256/tools/bin/../lib/gcc/arm-none-eabi/12.3.1/../../../../arm-none-eabi/lib/thumb/v8-m.main+fp/hard\libc_nano.a(libc_a-fflush.o)
                0x0804837c                _fflush_r
 .text.__swbuf_r
                0x080483cc       0x7c C:/ST/STM32CubeIDE_1.10.1/STM32CubeIDE/plugins/com.st.stm32cube.ide.mcu.externaltools.gnu-tools-for-stm32.12.3.rel1.win32_1.0.100.202403111256/tools/bin/../lib/gcc/arm-none-eabi/12.3.1/../../../../arm-none-eabi/lib/thumb/v8-m.main+fp/hard\libc_nano.a(libc_a-wbuf.o)
                0x080483cc                __swbuf_r
 .text.__swsetup_r
                0x08048448       0xac C:/ST/STM32CubeIDE_1.10.1/STM32CubeIDE/plugins/com.st.stm32cube.ide.mcu.externaltools.gnu-tools-for-stm32.12.3.rel1.win32_1.0.100.202403111256/tools/bin/../lib/gcc/arm-none-eabi/12.3.1/../../../../arm-none-eabi/lib/thumb/v8-m.main+fp/hard\libc_nano.a(libc_a-wsetup.o)
                0x08048448                __swsetup_r
 .text._sbrk_r  0x080484f4       0x20 C:/ST/STM32CubeIDE_1.10.1/STM32CubeIDE/plugins/com.st.stm32cube.ide.mcu.externaltools.gnu-tools-for-stm32.12.3.rel1.win32_1.0.100.202403111256/tools/bin/../lib/gcc/arm-none-eabi/12.3.1/../../../../arm-none-eabi/lib/thumb/v8-m.main+fp/hard\libc_nano.a(libc_a-sbrkr.o)
                0x080484f4                _sbrk_r
 .text.memchr   0x08048514       0x1c C:/ST/STM32CubeIDE_1.10.1/STM32CubeIDE/plugins/com.st.stm32cube.ide.mcu.externaltools.gnu-tools-for-stm32.12.3.rel1.win32_1.0.100.202403111256/tools/bin/../lib/gcc/arm-none-eabi/12.3.1/../../../../arm-none-eabi/lib/thumb/v8-m.main+fp/hard\libc_nano.a(libc_a-memchr-stub.o)
                0x08048514                memchr
 .text.__swhatbuf_r
                0x08048530       0x4a C:/ST/STM32CubeIDE_1.10.1/STM32CubeIDE/plugins/com.st.stm32cube.ide.mcu.externaltools.gnu-tools-for-stm32.12.3.rel1.win32_1.0.100.202403111256/tools/bin/../lib/gcc/arm-none-eabi/12.3.1/../../../../arm-none-eabi/lib/thumb/v8-m.main+fp/hard\libc_nano.a(libc_a-makebuf.o)
                0x08048530                __swhatbuf_r
 .text.__smakebuf_r
                0x0804857a       0x78 C:/ST/STM32CubeIDE_1.10.1/STM32CubeIDE/plugins/com.st.stm32cube.ide.mcu.externaltools.gnu-tools-for-stm32.12.3.rel1.win32_1.0.100.202403111256/tools/bin/../lib/gcc/arm-none-eabi/12.3.1/../../../../arm-none-eabi/lib/thumb/v8-m.main+fp/hard\libc_nano.a(libc_a-makebuf.o)
                0x0804857a                __smakebuf_r
 *fill*         0x080485f2        0x2 
 .text._fstat_r
                0x080485f4       0x24 C:/ST/STM32CubeIDE_1.10.1/STM32CubeIDE/plugins/com.st.stm32cube.ide.mcu.externaltools.gnu-tools-for-stm32.12.3.rel1.win32_1.0.100.202403111256/tools/bin/../lib/gcc/arm-none-eabi/12.3.1/../../../../arm-none-eabi/lib/thumb/v8-m.main+fp/hard\libc_nano.a(libc_a-fstatr.o)
                0x080485f4                _fstat_r
 .text._isatty_r
                0x08048618       0x20 C:/ST/STM32CubeIDE_1.10.1/STM32CubeIDE/plugins/com.st.stm32cube.ide.mcu.externaltools.gnu-tools-for-stm32.12.3.rel1.win32_1.0.100.202403111256/tools/bin/../lib/gcc/arm-none-eabi/12.3.1/../../../../arm-none-eabi/lib/thumb/v8-m.main+fp/hard\libc_nano.a(libc_a-isattyr.o)
                0x08048618                _isatty_r
 *(.glue_7)
 .glue_7        0x08048638        0x0 linker stubs
 *(.glue_7t)
 .glue_7t       0x08048638        0x0 linker stubs
 *(.eh_frame)
 .eh_frame      0x08048638        0x0 C:/ST/STM32CubeIDE_1.10.1/STM32CubeIDE/plugins/com.st.stm32cube.ide.mcu.externaltools.gnu-tools-for-stm32.12.3.rel1.win32_1.0.100.202403111256/tools/bin/../lib/gcc/arm-none-eabi/12.3.1/thumb/v8-m.main+fp/hard/crtbegin.o
 *(.init)
 .init          0x08048638        0x4 C:/ST/STM32CubeIDE_1.10.1/STM32CubeIDE/plugins/com.st.stm32cube.ide.mcu.externaltools.gnu-tools-for-stm32.12.3.rel1.win32_1.0.100.202403111256/tools/bin/../lib/gcc/arm-none-eabi/12.3.1/thumb/v8-m.main+fp/hard/crti.o
                0x08048638                _init
 .init          0x0804863c        0x8 C:/ST/STM32CubeIDE_1.10.1/STM32CubeIDE/plugins/com.st.stm32cube.ide.mcu.externaltools.gnu-tools-for-stm32.12.3.rel1.win32_1.0.100.202403111256/tools/bin/../lib/gcc/arm-none-eabi/12.3.1/thumb/v8-m.main+fp/hard/crtn.o
 *(.fini)
 .fini          0x08048644        0x4 C:/ST/STM32CubeIDE_1.10.1/STM32CubeIDE/plugins/com.st.stm32cube.ide.mcu.externaltools.gnu-tools-for-stm32.12.3.rel1.win32_1.0.100.202403111256/tools/bin/../lib/gcc/arm-none-eabi/12.3.1/thumb/v8-m.main+fp/hard/crti.o
                0x08048644                _fini
 .fini          0x08048648        0x8 C:/ST/STM32CubeIDE_1.10.1/STM32CubeIDE/plugins/com.st.stm32cube.ide.mcu.externaltools.gnu-tools-for-stm32.12.3.rel1.win32_1.0.100.202403111256/tools/bin/../lib/gcc/arm-none-eabi/12.3.1/thumb/v8-m.main+fp/hard/crtn.o
 .fini.__stub   0x08048650       0x40 linker stubs
                0x08048690                        . = ALIGN (0x8)
                0x08048690                        _etext = .

.vfp11_veneer   0x08048690        0x0
 .vfp11_veneer  0x08048690        0x0 linker stubs

.v4_bx          0x08048690        0x0
 .v4_bx         0x08048690        0x0 linker stubs

.iplt           0x08048690        0x0
 .iplt          0x08048690        0x0 C:/ST/STM32CubeIDE_1.10.1/STM32CubeIDE/plugins/com.st.stm32cube.ide.mcu.externaltools.gnu-tools-for-stm32.12.3.rel1.win32_1.0.100.202403111256/tools/bin/../lib/gcc/arm-none-eabi/12.3.1/thumb/v8-m.main+fp/hard/crtbegin.o

.rodata         0x08048690      0x170
                0x08048690                        . = ALIGN (0x8)
 *(.rodata)
 .rodata        0x08048690       0x5b ./Application/User/main.o
 *fill*         0x080486eb        0x1 
 .rodata        0x080486ec        0x5 ./Middlewares/FreeRTOS/tasks.o
 *fill*         0x080486f1        0x3 
 .rodata        0x080486f4        0xd ./Middlewares/FreeRTOS/timers.o
 *(.rodata*)
 *fill*         0x08048701        0x3 
 .rodata.LEDThreadHandle_attributes
                0x08048704       0x24 ./Application/User/main.o
                0x08048704                LEDThreadHandle_attributes
 .rodata.myTask02_attributes
                0x08048728       0x24 ./Application/User/main.o
                0x08048728                myTask02_attributes
 .rodata.AHBPrescTable
                0x0804874c       0x10 ./Drivers/CMSIS/system_stm32l5xx_ns.o
                0x0804874c                AHBPrescTable
 .rodata.APBPrescTable
                0x0804875c        0x8 ./Drivers/CMSIS/system_stm32l5xx_ns.o
                0x0804875c                APBPrescTable
 .rodata.MSIRangeTable
                0x08048764       0x40 ./Drivers/CMSIS/system_stm32l5xx_ns.o
                0x08048764                MSIRangeTable
 .rodata.UARTPrescTable
                0x080487a4       0x18 ./Drivers/STM32L5xx_HAL_Driver/stm32l5xx_hal_uart.o
                0x080487a4                UARTPrescTable
 .rodata.numerator.1
                0x080487bc        0x8 ./Drivers/STM32L5xx_HAL_Driver/stm32l5xx_hal_uart_ex.o
 .rodata.denominator.0
                0x080487c4        0x8 ./Drivers/STM32L5xx_HAL_Driver/stm32l5xx_hal_uart_ex.o
 .rodata._vfprintf_r.str1.1
                0x080487cc       0x11 C:/ST/STM32CubeIDE_1.10.1/STM32CubeIDE/plugins/com.st.stm32cube.ide.mcu.externaltools.gnu-tools-for-stm32.12.3.rel1.win32_1.0.100.202403111256/tools/bin/../lib/gcc/arm-none-eabi/12.3.1/../../../../arm-none-eabi/lib/thumb/v8-m.main+fp/hard\libc_nano.a(libc_a-nano-vfprintf.o)
 .rodata._printf_i.str1.1
                0x080487dd       0x22 C:/ST/STM32CubeIDE_1.10.1/STM32CubeIDE/plugins/com.st.stm32cube.ide.mcu.externaltools.gnu-tools-for-stm32.12.3.rel1.win32_1.0.100.202403111256/tools/bin/../lib/gcc/arm-none-eabi/12.3.1/../../../../arm-none-eabi/lib/thumb/v8-m.main+fp/hard\libc_nano.a(libc_a-nano-vfprintf_i.o)
                0x08048800                        . = ALIGN (0x8)
 *fill*         0x080487ff        0x1 

.ARM.extab      0x08048800        0x0
                0x08048800                        . = ALIGN (0x8)
 *(.ARM.extab* .gnu.linkonce.armextab.*)
                0x08048800                        . = ALIGN (0x8)

.ARM            0x08048800        0x8
                0x08048800                        . = ALIGN (0x8)
                0x08048800                        __exidx_start = .
 *(.ARM.exidx*)
 .ARM.exidx     0x08048800        0x8 C:/ST/STM32CubeIDE_1.10.1/STM32CubeIDE/plugins/com.st.stm32cube.ide.mcu.externaltools.gnu-tools-for-stm32.12.3.rel1.win32_1.0.100.202403111256/tools/bin/../lib/gcc/arm-none-eabi/12.3.1/thumb/v8-m.main+fp/hard\libgcc.a(_udivmoddi4.o)
                0x08048808                        __exidx_end = .
                0x08048808                        . = ALIGN (0x8)

.preinit_array  0x08048808        0x0
                0x08048808                        . = ALIGN (0x8)
                0x08048808                        PROVIDE (__preinit_array_start = .)
 *(.preinit_array*)
                0x08048808                        PROVIDE (__preinit_array_end = .)
                0x08048808                        . = ALIGN (0x8)

.init_array     0x08048808        0x8
                0x08048808                        . = ALIGN (0x8)
                0x08048808                        PROVIDE (__init_array_start = .)
 *(SORT_BY_NAME(.init_array.*))
 *(.init_array*)
 .init_array    0x08048808        0x4 C:/ST/STM32CubeIDE_1.10.1/STM32CubeIDE/plugins/com.st.stm32cube.ide.mcu.externaltools.gnu-tools-for-stm32.12.3.rel1.win32_1.0.100.202403111256/tools/bin/../lib/gcc/arm-none-eabi/12.3.1/thumb/v8-m.main+fp/hard/crtbegin.o
                0x0804880c                        PROVIDE (__init_array_end = .)
                0x08048810                        . = ALIGN (0x8)
 *fill*         0x0804880c        0x4 

.fini_array     0x08048810        0x8
                0x08048810                        . = ALIGN (0x8)
                [!provide]                        PROVIDE (__fini_array_start = .)
 *(SORT_BY_NAME(.fini_array.*))
 *(.fini_array*)
 .fini_array    0x08048810        0x4 C:/ST/STM32CubeIDE_1.10.1/STM32CubeIDE/plugins/com.st.stm32cube.ide.mcu.externaltools.gnu-tools-for-stm32.12.3.rel1.win32_1.0.100.202403111256/tools/bin/../lib/gcc/arm-none-eabi/12.3.1/thumb/v8-m.main+fp/hard/crtbegin.o
                [!provide]                        PROVIDE (__fini_array_end = .)
                0x08048818                        . = ALIGN (0x8)
 *fill*         0x08048814        0x4 
                0x08048818                        _sidata = LOADADDR (.data)

.rel.dyn        0x08048818        0x0
 .rel.iplt      0x08048818        0x0 C:/ST/STM32CubeIDE_1.10.1/STM32CubeIDE/plugins/com.st.stm32cube.ide.mcu.externaltools.gnu-tools-for-stm32.12.3.rel1.win32_1.0.100.202403111256/tools/bin/../lib/gcc/arm-none-eabi/12.3.1/thumb/v8-m.main+fp/hard/crtbegin.o

.data           0x20018000       0x80 load address 0x08048818
                0x20018000                        . = ALIGN (0x8)
                0x20018000                        _sdata = .
 *(.data)
 *(.data*)
 .data.LED_PIN  0x20018000        0x6 ./Drivers/BSP/STM32L5xx_Nucleo/stm32l5xx_nucleo.o
 *fill*         0x20018006        0x2 
 .data.LED_PORT
                0x20018008        0xc ./Drivers/BSP/STM32L5xx_Nucleo/stm32l5xx_nucleo.o
 .data.SystemCoreClock
                0x20018014        0x4 ./Drivers/CMSIS/system_stm32l5xx_ns.o
                0x20018014                SystemCoreClock
 .data.uwTickPrio
                0x20018018        0x4 ./Drivers/STM32L5xx_HAL_Driver/stm32l5xx_hal.o
                0x20018018                uwTickPrio
 .data.uwTickFreq
                0x2001801c        0x1 ./Drivers/STM32L5xx_HAL_Driver/stm32l5xx_hal.o
                0x2001801c                uwTickFreq
 *fill*         0x2001801d        0x3 
 .data.ulCriticalNesting
                0x20018020        0x4 ./Middlewares/FreeRTOS/port.o
 .data.__sglue  0x20018024        0xc C:/ST/STM32CubeIDE_1.10.1/STM32CubeIDE/plugins/com.st.stm32cube.ide.mcu.externaltools.gnu-tools-for-stm32.12.3.rel1.win32_1.0.100.202403111256/tools/bin/../lib/gcc/arm-none-eabi/12.3.1/../../../../arm-none-eabi/lib/thumb/v8-m.main+fp/hard\libc_nano.a(libc_a-findfp.o)
                0x20018024                __sglue
 .data._impure_ptr
                0x20018030        0x4 C:/ST/STM32CubeIDE_1.10.1/STM32CubeIDE/plugins/com.st.stm32cube.ide.mcu.externaltools.gnu-tools-for-stm32.12.3.rel1.win32_1.0.100.202403111256/tools/bin/../lib/gcc/arm-none-eabi/12.3.1/../../../../arm-none-eabi/lib/thumb/v8-m.main+fp/hard\libc_nano.a(libc_a-impure.o)
                0x20018030                _impure_ptr
 .data._impure_data
                0x20018034       0x4c C:/ST/STM32CubeIDE_1.10.1/STM32CubeIDE/plugins/com.st.stm32cube.ide.mcu.externaltools.gnu-tools-for-stm32.12.3.rel1.win32_1.0.100.202403111256/tools/bin/../lib/gcc/arm-none-eabi/12.3.1/../../../../arm-none-eabi/lib/thumb/v8-m.main+fp/hard\libc_nano.a(libc_a-impure.o)
                0x20018034                _impure_data
                0x20018080                        . = ALIGN (0x8)
                0x20018080                        _edata = .

.igot.plt       0x20018080        0x0 load address 0x08048898
 .igot.plt      0x20018080        0x0 C:/ST/STM32CubeIDE_1.10.1/STM32CubeIDE/plugins/com.st.stm32cube.ide.mcu.externaltools.gnu-tools-for-stm32.12.3.rel1.win32_1.0.100.202403111256/tools/bin/../lib/gcc/arm-none-eabi/12.3.1/thumb/v8-m.main+fp/hard/crtbegin.o
                0x20018080                        . = ALIGN (0x8)

.bss            0x20018080     0x3958 load address 0x08048898
                0x20018080                        _sbss = .
                0x20018080                        __bss_start__ = _sbss
 *(.bss)
 .bss           0x20018080       0x1c C:/ST/STM32CubeIDE_1.10.1/STM32CubeIDE/plugins/com.st.stm32cube.ide.mcu.externaltools.gnu-tools-for-stm32.12.3.rel1.win32_1.0.100.202403111256/tools/bin/../lib/gcc/arm-none-eabi/12.3.1/thumb/v8-m.main+fp/hard/crtbegin.o
 *(.bss*)
 .bss.uart_mutex
                0x2001809c        0x4 ./Application/User/main.o
                0x2001809c                uart_mutex
 .bss.hlpuart1  0x200180a0       0x94 ./Application/User/main.o
                0x200180a0                hlpuart1
 .bss.LEDThreadHandleHandle
                0x20018134        0x4 ./Application/User/main.o
                0x20018134                LEDThreadHandleHandle
 .bss.myTask02Handle
                0x20018138        0x4 ./Application/User/main.o
                0x20018138                myTask02Handle
 .bss.htim6     0x2001813c       0x4c ./Application/User/stm32l5xx_hal_timebase_tim.o
                0x2001813c                htim6
 .bss.__sbrk_heap_end
                0x20018188        0x4 ./Application/User/sysmem.o
 .bss.uwTick    0x2001818c        0x4 ./Drivers/STM32L5xx_HAL_Driver/stm32l5xx_hal.o
                0x2001818c                uwTick
 .bss.KernelState
                0x20018190        0x4 ./Middlewares/FreeRTOS/cmsis_os2.o
 .bss.Idle_TCB.3
                0x20018194       0x5c ./Middlewares/FreeRTOS/cmsis_os2.o
 .bss.Idle_Stack.2
                0x200181f0      0x800 ./Middlewares/FreeRTOS/cmsis_os2.o
 .bss.Timer_TCB.1
                0x200189f0       0x5c ./Middlewares/FreeRTOS/cmsis_os2.o
 .bss.Timer_Stack.0
                0x20018a4c      0x800 ./Middlewares/FreeRTOS/cmsis_os2.o
 .bss.ucHeap    0x2001924c     0x2000 ./Middlewares/FreeRTOS/heap_4.o
 .bss.xStart    0x2001b24c        0x8 ./Middlewares/FreeRTOS/heap_4.o
 .bss.pxEnd     0x2001b254        0x4 ./Middlewares/FreeRTOS/heap_4.o
 .bss.xFreeBytesRemaining
                0x2001b258        0x4 ./Middlewares/FreeRTOS/heap_4.o
 .bss.xMinimumEverFreeBytesRemaining
                0x2001b25c        0x4 ./Middlewares/FreeRTOS/heap_4.o
 .bss.xNumberOfSuccessfulAllocations
                0x2001b260        0x4 ./Middlewares/FreeRTOS/heap_4.o
 .bss.xNumberOfSuccessfulFrees
                0x2001b264        0x4 ./Middlewares/FreeRTOS/heap_4.o
 .bss.xBlockAllocatedBit
                0x2001b268        0x4 ./Middlewares/FreeRTOS/heap_4.o
 .bss.xSecureContext
                0x2001b26c        0x4 ./Middlewares/FreeRTOS/port.o
                0x2001b26c                xSecureContext
 .bss.xQueueRegistry
                0x2001b270       0x40 ./Middlewares/FreeRTOS/queue.o
                0x2001b270                xQueueRegistry
 .bss.pxCurrentTCB
                0x2001b2b0        0x4 ./Middlewares/FreeRTOS/tasks.o
                0x2001b2b0                pxCurrentTCB
 .bss.pxReadyTasksLists
                0x2001b2b4      0x460 ./Middlewares/FreeRTOS/tasks.o
 .bss.xDelayedTaskList1
                0x2001b714       0x14 ./Middlewares/FreeRTOS/tasks.o
 .bss.xDelayedTaskList2
                0x2001b728       0x14 ./Middlewares/FreeRTOS/tasks.o
 .bss.pxDelayedTaskList
                0x2001b73c        0x4 ./Middlewares/FreeRTOS/tasks.o
 .bss.pxOverflowDelayedTaskList
                0x2001b740        0x4 ./Middlewares/FreeRTOS/tasks.o
 .bss.xPendingReadyList
                0x2001b744       0x14 ./Middlewares/FreeRTOS/tasks.o
 .bss.xTasksWaitingTermination
                0x2001b758       0x14 ./Middlewares/FreeRTOS/tasks.o
 .bss.uxDeletedTasksWaitingCleanUp
                0x2001b76c        0x4 ./Middlewares/FreeRTOS/tasks.o
 .bss.xSuspendedTaskList
                0x2001b770       0x14 ./Middlewares/FreeRTOS/tasks.o
 .bss.uxCurrentNumberOfTasks
                0x2001b784        0x4 ./Middlewares/FreeRTOS/tasks.o
 .bss.xTickCount
                0x2001b788        0x4 ./Middlewares/FreeRTOS/tasks.o
 .bss.uxTopReadyPriority
                0x2001b78c        0x4 ./Middlewares/FreeRTOS/tasks.o
 .bss.xSchedulerRunning
                0x2001b790        0x4 ./Middlewares/FreeRTOS/tasks.o
 .bss.xPendedTicks
                0x2001b794        0x4 ./Middlewares/FreeRTOS/tasks.o
 .bss.xYieldPending
                0x2001b798        0x4 ./Middlewares/FreeRTOS/tasks.o
 .bss.xNumOfOverflows
                0x2001b79c        0x4 ./Middlewares/FreeRTOS/tasks.o
 .bss.uxTaskNumber
                0x2001b7a0        0x4 ./Middlewares/FreeRTOS/tasks.o
 .bss.xNextTaskUnblockTime
                0x2001b7a4        0x4 ./Middlewares/FreeRTOS/tasks.o
 .bss.xIdleTaskHandle
                0x2001b7a8        0x4 ./Middlewares/FreeRTOS/tasks.o
 .bss.uxSchedulerSuspended
                0x2001b7ac        0x4 ./Middlewares/FreeRTOS/tasks.o
 .bss.xActiveTimerList1
                0x2001b7b0       0x14 ./Middlewares/FreeRTOS/timers.o
 .bss.xActiveTimerList2
                0x2001b7c4       0x14 ./Middlewares/FreeRTOS/timers.o
 .bss.pxCurrentTimerList
                0x2001b7d8        0x4 ./Middlewares/FreeRTOS/timers.o
 .bss.pxOverflowTimerList
                0x2001b7dc        0x4 ./Middlewares/FreeRTOS/timers.o
 .bss.xTimerQueue
                0x2001b7e0        0x4 ./Middlewares/FreeRTOS/timers.o
 .bss.xTimerTaskHandle
                0x2001b7e4        0x4 ./Middlewares/FreeRTOS/timers.o
 .bss.xLastTime.2
                0x2001b7e8        0x4 ./Middlewares/FreeRTOS/timers.o
 .bss.ucStaticTimerQueueStorage.1
                0x2001b7ec       0x50 ./Middlewares/FreeRTOS/timers.o
 .bss.xStaticTimerQueue.0
                0x2001b83c       0x50 ./Middlewares/FreeRTOS/timers.o
 .bss.__sf      0x2001b88c      0x138 C:/ST/STM32CubeIDE_1.10.1/STM32CubeIDE/plugins/com.st.stm32cube.ide.mcu.externaltools.gnu-tools-for-stm32.12.3.rel1.win32_1.0.100.202403111256/tools/bin/../lib/gcc/arm-none-eabi/12.3.1/../../../../arm-none-eabi/lib/thumb/v8-m.main+fp/hard\libc_nano.a(libc_a-findfp.o)
                0x2001b88c                __sf
 .bss.__stdio_exit_handler
                0x2001b9c4        0x4 C:/ST/STM32CubeIDE_1.10.1/STM32CubeIDE/plugins/com.st.stm32cube.ide.mcu.externaltools.gnu-tools-for-stm32.12.3.rel1.win32_1.0.100.202403111256/tools/bin/../lib/gcc/arm-none-eabi/12.3.1/../../../../arm-none-eabi/lib/thumb/v8-m.main+fp/hard\libc_nano.a(libc_a-findfp.o)
                0x2001b9c4                __stdio_exit_handler
 .bss.errno     0x2001b9c8        0x4 C:/ST/STM32CubeIDE_1.10.1/STM32CubeIDE/plugins/com.st.stm32cube.ide.mcu.externaltools.gnu-tools-for-stm32.12.3.rel1.win32_1.0.100.202403111256/tools/bin/../lib/gcc/arm-none-eabi/12.3.1/../../../../arm-none-eabi/lib/thumb/v8-m.main+fp/hard\libc_nano.a(libc_a-reent.o)
                0x2001b9c8                errno
 .bss.__lock___malloc_recursive_mutex
                0x2001b9cc        0x1 C:/ST/STM32CubeIDE_1.10.1/STM32CubeIDE/plugins/com.st.stm32cube.ide.mcu.externaltools.gnu-tools-for-stm32.12.3.rel1.win32_1.0.100.202403111256/tools/bin/../lib/gcc/arm-none-eabi/12.3.1/../../../../arm-none-eabi/lib/thumb/v8-m.main+fp/hard\libc_nano.a(libc_a-lock.o)
                0x2001b9cc                __lock___malloc_recursive_mutex
 .bss.__lock___sfp_recursive_mutex
                0x2001b9cd        0x1 C:/ST/STM32CubeIDE_1.10.1/STM32CubeIDE/plugins/com.st.stm32cube.ide.mcu.externaltools.gnu-tools-for-stm32.12.3.rel1.win32_1.0.100.202403111256/tools/bin/../lib/gcc/arm-none-eabi/12.3.1/../../../../arm-none-eabi/lib/thumb/v8-m.main+fp/hard\libc_nano.a(libc_a-lock.o)
                0x2001b9cd                __lock___sfp_recursive_mutex
 *fill*         0x2001b9ce        0x2 
 .bss.__malloc_sbrk_start
                0x2001b9d0        0x4 C:/ST/STM32CubeIDE_1.10.1/STM32CubeIDE/plugins/com.st.stm32cube.ide.mcu.externaltools.gnu-tools-for-stm32.12.3.rel1.win32_1.0.100.202403111256/tools/bin/../lib/gcc/arm-none-eabi/12.3.1/../../../../arm-none-eabi/lib/thumb/v8-m.main+fp/hard\libc_nano.a(libc_a-mallocr.o)
                0x2001b9d0                __malloc_sbrk_start
 .bss.__malloc_free_list
                0x2001b9d4        0x4 C:/ST/STM32CubeIDE_1.10.1/STM32CubeIDE/plugins/com.st.stm32cube.ide.mcu.externaltools.gnu-tools-for-stm32.12.3.rel1.win32_1.0.100.202403111256/tools/bin/../lib/gcc/arm-none-eabi/12.3.1/../../../../arm-none-eabi/lib/thumb/v8-m.main+fp/hard\libc_nano.a(libc_a-mallocr.o)
                0x2001b9d4                __malloc_free_list
 *(COMMON)
                0x2001b9d8                        . = ALIGN (0x8)
                0x2001b9d8                        _ebss = .
                0x2001b9d8                        __bss_end__ = _ebss

._user_heap_stack
                0x2001b9d8      0x600 load address 0x08048898
                0x2001b9d8                        . = ALIGN (0x8)
                [!provide]                        PROVIDE (end = .)
                0x2001b9d8                        PROVIDE (_end = .)
                0x2001bbd8                        . = (. + _Min_Heap_Size)
 *fill*         0x2001b9d8      0x200 
                0x2001bfd8                        . = (. + _Min_Stack_Size)
 *fill*         0x2001bbd8      0x400 
                0x2001bfd8                        . = ALIGN (0x8)

/DISCARD/
 libc.a(*)
 libm.a(*)
 libgcc.a(*)

.ARM.attributes
                0x00000000       0x36
 *(.ARM.attributes)
 .ARM.attributes
                0x00000000       0x26 C:/ST/STM32CubeIDE_1.10.1/STM32CubeIDE/plugins/com.st.stm32cube.ide.mcu.externaltools.gnu-tools-for-stm32.12.3.rel1.win32_1.0.100.202403111256/tools/bin/../lib/gcc/arm-none-eabi/12.3.1/thumb/v8-m.main+fp/hard/crti.o
 .ARM.attributes
                0x00000026       0x38 C:/ST/STM32CubeIDE_1.10.1/STM32CubeIDE/plugins/com.st.stm32cube.ide.mcu.externaltools.gnu-tools-for-stm32.12.3.rel1.win32_1.0.100.202403111256/tools/bin/../lib/gcc/arm-none-eabi/12.3.1/thumb/v8-m.main+fp/hard/crtbegin.o
 .ARM.attributes
                0x0000005e       0x24 ./Application/Startup/startup_stm32l552zetxq.o
 .ARM.attributes
                0x00000082       0x3a ./Application/User/app_freertos.o
 .ARM.attributes
                0x000000bc       0x3a ./Application/User/main.o
 .ARM.attributes
                0x000000f6       0x3a ./Application/User/stm32l5xx_hal_msp.o
 .ARM.attributes
                0x00000130       0x3a ./Application/User/stm32l5xx_hal_timebase_tim.o
 .ARM.attributes
                0x0000016a       0x3a ./Application/User/stm32l5xx_it.o
 .ARM.attributes
                0x000001a4       0x3a ./Application/User/syscalls.o
 .ARM.attributes
                0x000001de       0x3a ./Application/User/sysmem.o
 .ARM.attributes
                0x00000218       0x3a ./Drivers/BSP/STM32L5xx_Nucleo/stm32l5xx_nucleo.o
 .ARM.attributes
                0x00000252       0x3a ./Drivers/CMSIS/system_stm32l5xx_ns.o
 .ARM.attributes
                0x0000028c       0x3a ./Drivers/STM32L5xx_HAL_Driver/stm32l5xx_hal.o
 .ARM.attributes
                0x000002c6       0x3a ./Drivers/STM32L5xx_HAL_Driver/stm32l5xx_hal_cortex.o
 .ARM.attributes
                0x00000300       0x3a ./Drivers/STM32L5xx_HAL_Driver/stm32l5xx_hal_dma.o
 .ARM.attributes
                0x0000033a       0x3a ./Drivers/STM32L5xx_HAL_Driver/stm32l5xx_hal_gpio.o
 .ARM.attributes
                0x00000374       0x3a ./Drivers/STM32L5xx_HAL_Driver/stm32l5xx_hal_pwr_ex.o
 .ARM.attributes
                0x000003ae       0x3a ./Drivers/STM32L5xx_HAL_Driver/stm32l5xx_hal_rcc.o
 .ARM.attributes
                0x000003e8       0x3a ./Drivers/STM32L5xx_HAL_Driver/stm32l5xx_hal_rcc_ex.o
 .ARM.attributes
                0x00000422       0x3a ./Drivers/STM32L5xx_HAL_Driver/stm32l5xx_hal_tim.o
 .ARM.attributes
                0x0000045c       0x3a ./Drivers/STM32L5xx_HAL_Driver/stm32l5xx_hal_tim_ex.o
 .ARM.attributes
                0x00000496       0x3a ./Drivers/STM32L5xx_HAL_Driver/stm32l5xx_hal_uart.o
 .ARM.attributes
                0x000004d0       0x3a ./Drivers/STM32L5xx_HAL_Driver/stm32l5xx_hal_uart_ex.o
 .ARM.attributes
                0x0000050a       0x3a ./Middlewares/FreeRTOS/cmsis_os2.o
 .ARM.attributes
                0x00000544       0x3a ./Middlewares/FreeRTOS/heap_4.o
 .ARM.attributes
                0x0000057e       0x3a ./Middlewares/FreeRTOS/list.o
 .ARM.attributes
                0x000005b8       0x3a ./Middlewares/FreeRTOS/port.o
 .ARM.attributes
                0x000005f2       0x3a ./Middlewares/FreeRTOS/portasm.o
 .ARM.attributes
                0x0000062c       0x3a ./Middlewares/FreeRTOS/queue.o
 .ARM.attributes
                0x00000666       0x3a ./Middlewares/FreeRTOS/tasks.o
 .ARM.attributes
                0x000006a0       0x3a ./Middlewares/FreeRTOS/timers.o
 .ARM.attributes
                0x000006da       0x38 C:/ST/STM32CubeIDE_1.10.1/STM32CubeIDE/plugins/com.st.stm32cube.ide.mcu.externaltools.gnu-tools-for-stm32.12.3.rel1.win32_1.0.100.202403111256/tools/bin/../lib/gcc/arm-none-eabi/12.3.1/../../../../arm-none-eabi/lib/thumb/v8-m.main+fp/hard\libc_nano.a(libc_a-findfp.o)
 .ARM.attributes
                0x00000712       0x38 C:/ST/STM32CubeIDE_1.10.1/STM32CubeIDE/plugins/com.st.stm32cube.ide.mcu.externaltools.gnu-tools-for-stm32.12.3.rel1.win32_1.0.100.202403111256/tools/bin/../lib/gcc/arm-none-eabi/12.3.1/../../../../arm-none-eabi/lib/thumb/v8-m.main+fp/hard\libc_nano.a(libc_a-fwalk.o)
 .ARM.attributes
                0x0000074a       0x38 C:/ST/STM32CubeIDE_1.10.1/STM32CubeIDE/plugins/com.st.stm32cube.ide.mcu.externaltools.gnu-tools-for-stm32.12.3.rel1.win32_1.0.100.202403111256/tools/bin/../lib/gcc/arm-none-eabi/12.3.1/../../../../arm-none-eabi/lib/thumb/v8-m.main+fp/hard\libc_nano.a(libc_a-printf.o)
 .ARM.attributes
                0x00000782       0x38 C:/ST/STM32CubeIDE_1.10.1/STM32CubeIDE/plugins/com.st.stm32cube.ide.mcu.externaltools.gnu-tools-for-stm32.12.3.rel1.win32_1.0.100.202403111256/tools/bin/../lib/gcc/arm-none-eabi/12.3.1/../../../../arm-none-eabi/lib/thumb/v8-m.main+fp/hard\libc_nano.a(libc_a-stdio.o)
 .ARM.attributes
                0x000007ba       0x38 C:/ST/STM32CubeIDE_1.10.1/STM32CubeIDE/plugins/com.st.stm32cube.ide.mcu.externaltools.gnu-tools-for-stm32.12.3.rel1.win32_1.0.100.202403111256/tools/bin/../lib/gcc/arm-none-eabi/12.3.1/../../../../arm-none-eabi/lib/thumb/v8-m.main+fp/hard\libc_nano.a(libc_a-memset.o)
 .ARM.attributes
                0x000007f2       0x38 C:/ST/STM32CubeIDE_1.10.1/STM32CubeIDE/plugins/com.st.stm32cube.ide.mcu.externaltools.gnu-tools-for-stm32.12.3.rel1.win32_1.0.100.202403111256/tools/bin/../lib/gcc/arm-none-eabi/12.3.1/../../../../arm-none-eabi/lib/thumb/v8-m.main+fp/hard\libc_nano.a(libc_a-closer.o)
 .ARM.attributes
                0x0000082a       0x38 C:/ST/STM32CubeIDE_1.10.1/STM32CubeIDE/plugins/com.st.stm32cube.ide.mcu.externaltools.gnu-tools-for-stm32.12.3.rel1.win32_1.0.100.202403111256/tools/bin/../lib/gcc/arm-none-eabi/12.3.1/../../../../arm-none-eabi/lib/thumb/v8-m.main+fp/hard\libc_nano.a(libc_a-reent.o)
 .ARM.attributes
                0x00000862       0x38 C:/ST/STM32CubeIDE_1.10.1/STM32CubeIDE/plugins/com.st.stm32cube.ide.mcu.externaltools.gnu-tools-for-stm32.12.3.rel1.win32_1.0.100.202403111256/tools/bin/../lib/gcc/arm-none-eabi/12.3.1/../../../../arm-none-eabi/lib/thumb/v8-m.main+fp/hard\libc_nano.a(libc_a-impure.o)
 .ARM.attributes
                0x0000089a       0x38 C:/ST/STM32CubeIDE_1.10.1/STM32CubeIDE/plugins/com.st.stm32cube.ide.mcu.externaltools.gnu-tools-for-stm32.12.3.rel1.win32_1.0.100.202403111256/tools/bin/../lib/gcc/arm-none-eabi/12.3.1/../../../../arm-none-eabi/lib/thumb/v8-m.main+fp/hard\libc_nano.a(libc_a-lseekr.o)
 .ARM.attributes
                0x000008d2       0x38 C:/ST/STM32CubeIDE_1.10.1/STM32CubeIDE/plugins/com.st.stm32cube.ide.mcu.externaltools.gnu-tools-for-stm32.12.3.rel1.win32_1.0.100.202403111256/tools/bin/../lib/gcc/arm-none-eabi/12.3.1/../../../../arm-none-eabi/lib/thumb/v8-m.main+fp/hard\libc_nano.a(libc_a-readr.o)
 .ARM.attributes
                0x0000090a       0x38 C:/ST/STM32CubeIDE_1.10.1/STM32CubeIDE/plugins/com.st.stm32cube.ide.mcu.externaltools.gnu-tools-for-stm32.12.3.rel1.win32_1.0.100.202403111256/tools/bin/../lib/gcc/arm-none-eabi/12.3.1/../../../../arm-none-eabi/lib/thumb/v8-m.main+fp/hard\libc_nano.a(libc_a-writer.o)
 .ARM.attributes
                0x00000942       0x38 C:/ST/STM32CubeIDE_1.10.1/STM32CubeIDE/plugins/com.st.stm32cube.ide.mcu.externaltools.gnu-tools-for-stm32.12.3.rel1.win32_1.0.100.202403111256/tools/bin/../lib/gcc/arm-none-eabi/12.3.1/../../../../arm-none-eabi/lib/thumb/v8-m.main+fp/hard\libc_nano.a(libc_a-errno.o)
 .ARM.attributes
                0x0000097a       0x38 C:/ST/STM32CubeIDE_1.10.1/STM32CubeIDE/plugins/com.st.stm32cube.ide.mcu.externaltools.gnu-tools-for-stm32.12.3.rel1.win32_1.0.100.202403111256/tools/bin/../lib/gcc/arm-none-eabi/12.3.1/../../../../arm-none-eabi/lib/thumb/v8-m.main+fp/hard\libc_nano.a(libc_a-init.o)
 .ARM.attributes
                0x000009b2       0x38 C:/ST/STM32CubeIDE_1.10.1/STM32CubeIDE/plugins/com.st.stm32cube.ide.mcu.externaltools.gnu-tools-for-stm32.12.3.rel1.win32_1.0.100.202403111256/tools/bin/../lib/gcc/arm-none-eabi/12.3.1/../../../../arm-none-eabi/lib/thumb/v8-m.main+fp/hard\libc_nano.a(libc_a-lock.o)
 .ARM.attributes
                0x000009ea       0x38 C:/ST/STM32CubeIDE_1.10.1/STM32CubeIDE/plugins/com.st.stm32cube.ide.mcu.externaltools.gnu-tools-for-stm32.12.3.rel1.win32_1.0.100.202403111256/tools/bin/../lib/gcc/arm-none-eabi/12.3.1/../../../../arm-none-eabi/lib/thumb/v8-m.main+fp/hard\libc_nano.a(libc_a-memcpy-stub.o)
 .ARM.attributes
                0x00000a22       0x38 C:/ST/STM32CubeIDE_1.10.1/STM32CubeIDE/plugins/com.st.stm32cube.ide.mcu.externaltools.gnu-tools-for-stm32.12.3.rel1.win32_1.0.100.202403111256/tools/bin/../lib/gcc/arm-none-eabi/12.3.1/../../../../arm-none-eabi/lib/thumb/v8-m.main+fp/hard\libc_nano.a(libc_a-freer.o)
 .ARM.attributes
                0x00000a5a       0x38 C:/ST/STM32CubeIDE_1.10.1/STM32CubeIDE/plugins/com.st.stm32cube.ide.mcu.externaltools.gnu-tools-for-stm32.12.3.rel1.win32_1.0.100.202403111256/tools/bin/../lib/gcc/arm-none-eabi/12.3.1/../../../../arm-none-eabi/lib/thumb/v8-m.main+fp/hard\libc_nano.a(libc_a-mallocr.o)
 .ARM.attributes
                0x00000a92       0x38 C:/ST/STM32CubeIDE_1.10.1/STM32CubeIDE/plugins/com.st.stm32cube.ide.mcu.externaltools.gnu-tools-for-stm32.12.3.rel1.win32_1.0.100.202403111256/tools/bin/../lib/gcc/arm-none-eabi/12.3.1/../../../../arm-none-eabi/lib/thumb/v8-m.main+fp/hard\libc_nano.a(libc_a-mlock.o)
 .ARM.attributes
                0x00000aca       0x38 C:/ST/STM32CubeIDE_1.10.1/STM32CubeIDE/plugins/com.st.stm32cube.ide.mcu.externaltools.gnu-tools-for-stm32.12.3.rel1.win32_1.0.100.202403111256/tools/bin/../lib/gcc/arm-none-eabi/12.3.1/../../../../arm-none-eabi/lib/thumb/v8-m.main+fp/hard\libc_nano.a(libc_a-nano-vfprintf.o)
 .ARM.attributes
                0x00000b02       0x38 C:/ST/STM32CubeIDE_1.10.1/STM32CubeIDE/plugins/com.st.stm32cube.ide.mcu.externaltools.gnu-tools-for-stm32.12.3.rel1.win32_1.0.100.202403111256/tools/bin/../lib/gcc/arm-none-eabi/12.3.1/../../../../arm-none-eabi/lib/thumb/v8-m.main+fp/hard\libc_nano.a(libc_a-nano-vfprintf_i.o)
 .ARM.attributes
                0x00000b3a       0x38 C:/ST/STM32CubeIDE_1.10.1/STM32CubeIDE/plugins/com.st.stm32cube.ide.mcu.externaltools.gnu-tools-for-stm32.12.3.rel1.win32_1.0.100.202403111256/tools/bin/../lib/gcc/arm-none-eabi/12.3.1/../../../../arm-none-eabi/lib/thumb/v8-m.main+fp/hard\libc_nano.a(libc_a-fflush.o)
 .ARM.attributes
                0x00000b72       0x38 C:/ST/STM32CubeIDE_1.10.1/STM32CubeIDE/plugins/com.st.stm32cube.ide.mcu.externaltools.gnu-tools-for-stm32.12.3.rel1.win32_1.0.100.202403111256/tools/bin/../lib/gcc/arm-none-eabi/12.3.1/../../../../arm-none-eabi/lib/thumb/v8-m.main+fp/hard\libc_nano.a(libc_a-wbuf.o)
 .ARM.attributes
                0x00000baa       0x38 C:/ST/STM32CubeIDE_1.10.1/STM32CubeIDE/plugins/com.st.stm32cube.ide.mcu.externaltools.gnu-tools-for-stm32.12.3.rel1.win32_1.0.100.202403111256/tools/bin/../lib/gcc/arm-none-eabi/12.3.1/../../../../arm-none-eabi/lib/thumb/v8-m.main+fp/hard\libc_nano.a(libc_a-wsetup.o)
 .ARM.attributes
                0x00000be2       0x38 C:/ST/STM32CubeIDE_1.10.1/STM32CubeIDE/plugins/com.st.stm32cube.ide.mcu.externaltools.gnu-tools-for-stm32.12.3.rel1.win32_1.0.100.202403111256/tools/bin/../lib/gcc/arm-none-eabi/12.3.1/../../../../arm-none-eabi/lib/thumb/v8-m.main+fp/hard\libc_nano.a(libc_a-sbrkr.o)
 .ARM.attributes
                0x00000c1a       0x38 C:/ST/STM32CubeIDE_1.10.1/STM32CubeIDE/plugins/com.st.stm32cube.ide.mcu.externaltools.gnu-tools-for-stm32.12.3.rel1.win32_1.0.100.202403111256/tools/bin/../lib/gcc/arm-none-eabi/12.3.1/../../../../arm-none-eabi/lib/thumb/v8-m.main+fp/hard\libc_nano.a(libc_a-memchr-stub.o)
 .ARM.attributes
                0x00000c52       0x38 C:/ST/STM32CubeIDE_1.10.1/STM32CubeIDE/plugins/com.st.stm32cube.ide.mcu.externaltools.gnu-tools-for-stm32.12.3.rel1.win32_1.0.100.202403111256/tools/bin/../lib/gcc/arm-none-eabi/12.3.1/../../../../arm-none-eabi/lib/thumb/v8-m.main+fp/hard\libc_nano.a(libc_a-makebuf.o)
 .ARM.attributes
                0x00000c8a       0x38 C:/ST/STM32CubeIDE_1.10.1/STM32CubeIDE/plugins/com.st.stm32cube.ide.mcu.externaltools.gnu-tools-for-stm32.12.3.rel1.win32_1.0.100.202403111256/tools/bin/../lib/gcc/arm-none-eabi/12.3.1/../../../../arm-none-eabi/lib/thumb/v8-m.main+fp/hard\libc_nano.a(libc_a-fstatr.o)
 .ARM.attributes
                0x00000cc2       0x38 C:/ST/STM32CubeIDE_1.10.1/STM32CubeIDE/plugins/com.st.stm32cube.ide.mcu.externaltools.gnu-tools-for-stm32.12.3.rel1.win32_1.0.100.202403111256/tools/bin/../lib/gcc/arm-none-eabi/12.3.1/../../../../arm-none-eabi/lib/thumb/v8-m.main+fp/hard\libc_nano.a(libc_a-isattyr.o)
 .ARM.attributes
                0x00000cfa       0x26 C:/ST/STM32CubeIDE_1.10.1/STM32CubeIDE/plugins/com.st.stm32cube.ide.mcu.externaltools.gnu-tools-for-stm32.12.3.rel1.win32_1.0.100.202403111256/tools/bin/../lib/gcc/arm-none-eabi/12.3.1/thumb/v8-m.main+fp/hard\libgcc.a(_aeabi_uldivmod.o)
 .ARM.attributes
                0x00000d20       0x38 C:/ST/STM32CubeIDE_1.10.1/STM32CubeIDE/plugins/com.st.stm32cube.ide.mcu.externaltools.gnu-tools-for-stm32.12.3.rel1.win32_1.0.100.202403111256/tools/bin/../lib/gcc/arm-none-eabi/12.3.1/thumb/v8-m.main+fp/hard\libgcc.a(_udivmoddi4.o)
 .ARM.attributes
                0x00000d58       0x26 C:/ST/STM32CubeIDE_1.10.1/STM32CubeIDE/plugins/com.st.stm32cube.ide.mcu.externaltools.gnu-tools-for-stm32.12.3.rel1.win32_1.0.100.202403111256/tools/bin/../lib/gcc/arm-none-eabi/12.3.1/thumb/v8-m.main+fp/hard\libgcc.a(_dvmd_tls.o)
 .ARM.attributes
                0x00000d7e       0x26 C:/ST/STM32CubeIDE_1.10.1/STM32CubeIDE/plugins/com.st.stm32cube.ide.mcu.externaltools.gnu-tools-for-stm32.12.3.rel1.win32_1.0.100.202403111256/tools/bin/../lib/gcc/arm-none-eabi/12.3.1/thumb/v8-m.main+fp/hard/crtn.o
OUTPUT(FreeRTOS_SecureIOToggle_TrustZone_NonSecure.elf elf32-littlearm)
LOAD linker stubs
LOAD C:/ST/STM32CubeIDE_1.10.1/STM32CubeIDE/plugins/com.st.stm32cube.ide.mcu.externaltools.gnu-tools-for-stm32.12.3.rel1.win32_1.0.100.202403111256/tools/bin/../lib/gcc/arm-none-eabi/12.3.1/../../../../arm-none-eabi/lib/thumb/v8-m.main+fp/hard\libc.a
LOAD C:/ST/STM32CubeIDE_1.10.1/STM32CubeIDE/plugins/com.st.stm32cube.ide.mcu.externaltools.gnu-tools-for-stm32.12.3.rel1.win32_1.0.100.202403111256/tools/bin/../lib/gcc/arm-none-eabi/12.3.1/../../../../arm-none-eabi/lib/thumb/v8-m.main+fp/hard\libm.a
LOAD C:/ST/STM32CubeIDE_1.10.1/STM32CubeIDE/plugins/com.st.stm32cube.ide.mcu.externaltools.gnu-tools-for-stm32.12.3.rel1.win32_1.0.100.202403111256/tools/bin/../lib/gcc/arm-none-eabi/12.3.1/thumb/v8-m.main+fp/hard\libgcc.a

.debug_line     0x00000000    0x1fb1e
 .debug_line    0x00000000       0x77 ./Application/Startup/startup_stm32l552zetxq.o
 .debug_line    0x00000077      0x9e7 ./Application/User/app_freertos.o
 .debug_line    0x00000a5e      0xcf2 ./Application/User/main.o
 .debug_line    0x00001750      0x93e ./Application/User/stm32l5xx_hal_msp.o
 .debug_line    0x0000208e      0x89b ./Application/User/stm32l5xx_hal_timebase_tim.o
 .debug_line    0x00002929      0x92f ./Application/User/stm32l5xx_it.o
 .debug_line    0x00003258      0x8ba ./Application/User/syscalls.o
 .debug_line    0x00003b12      0x58b ./Application/User/sysmem.o
 .debug_line    0x0000409d      0xc09 ./Drivers/BSP/STM32L5xx_Nucleo/stm32l5xx_nucleo.o
 .debug_line    0x00004ca6      0x84e ./Drivers/CMSIS/system_stm32l5xx_ns.o
 .debug_line    0x000054f4      0xc4a ./Drivers/STM32L5xx_HAL_Driver/stm32l5xx_hal.o
 .debug_line    0x0000613e      0xe96 ./Drivers/STM32L5xx_HAL_Driver/stm32l5xx_hal_cortex.o
 .debug_line    0x00006fd4     0x10dd ./Drivers/STM32L5xx_HAL_Driver/stm32l5xx_hal_dma.o
 .debug_line    0x000080b1      0xca7 ./Drivers/STM32L5xx_HAL_Driver/stm32l5xx_hal_gpio.o
 .debug_line    0x00008d58      0xff8 ./Drivers/STM32L5xx_HAL_Driver/stm32l5xx_hal_pwr_ex.o
 .debug_line    0x00009d50     0x1389 ./Drivers/STM32L5xx_HAL_Driver/stm32l5xx_hal_rcc.o
 .debug_line    0x0000b0d9     0x1cd8 ./Drivers/STM32L5xx_HAL_Driver/stm32l5xx_hal_rcc_ex.o
 .debug_line    0x0000cdb1     0x3f3b ./Drivers/STM32L5xx_HAL_Driver/stm32l5xx_hal_tim.o
 .debug_line    0x00010cec     0x1e1a ./Drivers/STM32L5xx_HAL_Driver/stm32l5xx_hal_tim_ex.o
 .debug_line    0x00012b06     0x3cdc ./Drivers/STM32L5xx_HAL_Driver/stm32l5xx_hal_uart.o