C:/Users/laoam/OneDrive/Documents/stm32/workspace/freertostrustzone-master/freertostrustzone-master/NonSecure/Src/main.c:93:5:main	8	static
C:/Users/laoam/OneDrive/Documents/stm32/workspace/freertostrustzone-master/freertostrustzone-master/NonSecure/Src/main.c:182:6:SystemClock_Config	104	static
C:/Users/laoam/OneDrive/Documents/stm32/workspace/freertostrustzone-master/freertostrustzone-master/NonSecure/Src/main.c:233:13:MX_LPUART1_UART_Init	8	static
C:/Users/laoam/OneDrive/Documents/stm32/workspace/freertostrustzone-master/freertostrustzone-master/NonSecure/Src/main.c:281:13:MX_GPIO_Init	16	static
C:/Users/laoam/OneDrive/Documents/stm32/workspace/freertostrustzone-master/freertostrustzone-master/NonSecure/Src/main.c:304:7:SecureFault_Callback	8	static
C:/Users/laoam/OneDrive/Documents/stm32/workspace/freertostrustzone-master/freertostrustzone-master/NonSecure/Src/main.c:311:6:__io_putchar	16	static
C:/Users/laoam/OneDrive/Documents/stm32/workspace/freertostrustzone-master/freertostrustzone-master/NonSecure/Src/main.c:324:7:SecureError_Callback	8	static
C:/Users/laoam/OneDrive/Documents/stm32/workspace/freertostrustzone-master/freertostrustzone-master/NonSecure/Src/main.c:340:21:__busy_wait_cycles	24	static,ignoring_inline_asm
C:/Users/laoam/OneDrive/Documents/stm32/workspace/freertostrustzone-master/freertostrustzone-master/NonSecure/Src/main.c:356:6:LED_Thread	32	static
C:/Users/laoam/OneDrive/Documents/stm32/workspace/freertostrustzone-master/freertostrustzone-master/NonSecure/Src/main.c:426:6:StartTask02	216	static
C:/Users/laoam/OneDrive/Documents/stm32/workspace/freertostrustzone-master/freertostrustzone-master/NonSecure/Src/main.c:500:6:HAL_TIM_PeriodElapsedCallback	16	static
C:/Users/laoam/OneDrive/Documents/stm32/workspace/freertostrustzone-master/freertostrustzone-master/NonSecure/Src/main.c:518:6:Error_Handler	8	static
