C:/Users/laoam/OneDrive/Documents/stm32/workspace/freertostrustzone-master/freertostrustzone-master/NonSecure/Src/main.c:93:5:main	2
C:/Users/laoam/OneDrive/Documents/stm32/workspace/freertostrustzone-master/freertostrustzone-master/NonSecure/Src/main.c:182:6:SystemClock_Config	4
C:/Users/laoam/OneDrive/Documents/stm32/workspace/freertostrustzone-master/freertostrustzone-master/NonSecure/Src/main.c:233:13:MX_LPUART1_UART_Init	5
C:/Users/laoam/OneDrive/Documents/stm32/workspace/freertostrustzone-master/freertostrustzone-master/NonSecure/Src/main.c:281:13:MX_GPIO_Init	1
C:/Users/laoam/OneDrive/Documents/stm32/workspace/freertostrustzone-master/freertostrustzone-master/NonSecure/Src/main.c:304:7:SecureFault_Callback	1
C:/Users/laoam/OneDrive/Documents/stm32/workspace/freertostrustzone-master/freertostrustzone-master/NonSecure/Src/main.c:311:6:__io_putchar	1
C:/Users/laoam/OneDrive/Documents/stm32/workspace/freertostrustzone-master/freertostrustzone-master/NonSecure/Src/main.c:324:7:SecureError_Callback	1
C:/Users/laoam/OneDrive/Documents/stm32/workspace/freertostrustzone-master/freertostrustzone-master/NonSecure/Src/main.c:340:21:__busy_wait_cycles	1
C:/Users/laoam/OneDrive/Documents/stm32/workspace/freertostrustzone-master/freertostrustzone-master/NonSecure/Src/main.c:356:6:LED_Thread	7
C:/Users/laoam/OneDrive/Documents/stm32/workspace/freertostrustzone-master/freertostrustzone-master/NonSecure/Src/main.c:426:6:StartTask02	4
C:/Users/laoam/OneDrive/Documents/stm32/workspace/freertostrustzone-master/freertostrustzone-master/NonSecure/Src/main.c:500:6:HAL_TIM_PeriodElapsedCallback	2
C:/Users/laoam/OneDrive/Documents/stm32/workspace/freertostrustzone-master/freertostrustzone-master/NonSecure/Src/main.c:518:6:Error_Handler	1
